******************************************************************************
                  TI ARM Linker PC v18.12.3                    
******************************************************************************
>> Linked Mon Jan 27 19:16:40 2020

OUTPUT FILE NAME:   <3502_activity_1b.out>
ENTRY POINT SYMBOL: "_c_int00_noargs"  address: 0000090d


MEMORY CONFIGURATION

         name            origin    length      used     unused   attr    fill
----------------------  --------  ---------  --------  --------  ----  --------
  MAIN                  00000000   00040000  00000984  0003f67c  R  X
  INFO                  00200000   00004000  00000000  00004000  R  X
  SRAM_CODE             01000000   00010000  0000021c  0000fde4  RW X
  SRAM_DATA             20000000   00010000  0000021c  0000fde4  RW  


SEGMENT ALLOCATION MAP

run origin  load origin   length   init length attrs members
----------  ----------- ---------- ----------- ----- -------
00000000    00000000    00000988   00000988    r-x
  00000000    00000000    000000e4   000000e4    r-- .intvecs
  000000e4    000000e4    00000880   00000880    r-x .text
  00000968    00000968    00000020   00000020    r-- .cinit
20000000    20000000    0000001c   00000000    rw-
  20000000    20000000    0000001c   00000000    rw- .data
2000fe00    2000fe00    00000200   00000000    rw-
  2000fe00    2000fe00    00000200   00000000    rw- .stack


SECTION ALLOCATION MAP

 output                                  attributes/
section   page    origin      length       input sections
--------  ----  ----------  ----------   ----------------
.intvecs   0    00000000    000000e4     
                  00000000    000000e4     startup_msp432p401r_ccs.obj (.intvecs:retain)

.text      0    000000e4    00000880     
                  000000e4    00000334     system_msp432p401r.obj (.text)
                  00000418    000001e0     Clock.obj (.text)
                  000005f8    000000f4     LaunchPad.obj (.text)
                  000006ec    000000d8     main.obj (.text)
                  000007c4    0000009c     rtsv7M4_T_le_v4SPD16_eabi.lib : memcpy_t2.asm.obj (.text)
                  00000860    00000068                                   : copy_decompress_lzss.c.obj (.text:decompress:lzss:__TI_decompress_lzss)
                  000008c8    00000044                                   : autoinit.c.obj (.text:__TI_auto_init_nobinit_nopinit:__TI_auto_init_nobinit_nopinit)
                  0000090c    00000034                                   : boot_cortex_m.c.obj (.text:_c_int00_noargs:_c_int00_noargs)
                  00000940    0000000e                                   : copy_decompress_none.c.obj (.text:decompress:none:__TI_decompress_none)
                  0000094e    0000000e     startup_msp432p401r_ccs.obj (.text)
                  0000095c    00000004     rtsv7M4_T_le_v4SPD16_eabi.lib : pre_init.c.obj (.text:_system_pre_init)
                  00000960    00000004                                   : exit.c.obj (.text:abort:abort)

.cinit     0    00000968    00000020     
                  00000968    0000000d     (.cinit..data.load) [load image, compression = lzss]
                  00000975    00000003     --HOLE-- [fill = 0]
                  00000978    00000008     (__TI_handler_table)
                  00000980    00000008     (__TI_cinit_table)

.init_array 
*          0    00000000    00000000     UNINITIALIZED

.binit     0    00000000    00000000     

.data      0    20000000    0000001c     UNINITIALIZED
                  20000000    00000018     Clock.obj (.data)
                  20000018    00000004     system_msp432p401r.obj (.data)

.stack     0    2000fe00    00000200     UNINITIALIZED
                  2000fe00    00000004     rtsv7M4_T_le_v4SPD16_eabi.lib : boot_cortex_m.c.obj (.stack)
                  2000fe04    000001fc     --HOLE--

MODULE SUMMARY

       Module                        code   ro data   rw data
       ------                        ----   -------   -------
    .\
       system_msp432p401r.obj        820    0         8      
       Clock.obj                     480    0         48     
       LaunchPad.obj                 244    0         0      
       startup_msp432p401r_ccs.obj   14     228       0      
       main.obj                      216    0         0      
    +--+-----------------------------+------+---------+---------+
       Total:                        1774   228       56     
                                                             
    C:\ti\ccs910\ccs\tools\compiler\ti-cgt-arm_18.12.3.LTS\lib\rtsv7M4_T_le_v4SPD16_eabi.lib
       memcpy_t2.asm.obj             156    0         0      
       copy_decompress_lzss.c.obj    104    0         0      
       autoinit.c.obj                68     0         0      
       boot_cortex_m.c.obj           52     0         0      
       copy_decompress_none.c.obj    14     0         0      
       exit.c.obj                    4      0         0      
       pre_init.c.obj                4      0         0      
    +--+-----------------------------+------+---------+---------+
       Total:                        402    0         0      
                                                             
       Stack:                        0      0         1024   
       Linker Generated:             0      29        0      
    +--+-----------------------------+------+---------+---------+
       Grand Total:                  2176   257       1080   


LINKER GENERATED COPY TABLES

__TI_cinit_table @ 00000980 records: 1, size/record: 8, table size: 8
	.data: load addr=00000968, load size=0000000d bytes, run addr=20000000, run size=0000001c bytes, compression=lzss


LINKER GENERATED HANDLER TABLE

__TI_handler_table @ 00000978 records: 2, size/record: 4, table size: 8
	index: 0, handler: __TI_decompress_lzss
	index: 1, handler: __TI_decompress_none


GLOBAL SYMBOLS: SORTED ALPHABETICALLY BY Name 

address   name                          
-------   ----                          
0000095b  ADC14_IRQHandler              
0000095b  AES256_IRQHandler             
0000095b  BusFault_Handler              
00000961  C$$EXIT                       
0000095b  COMP_E0_IRQHandler            
0000095b  COMP_E1_IRQHandler            
20000008  CPMwait                       
0000095b  CS_IRQHandler                 
20000000  ClockFrequency                
0000056d  Clock_Delay1ms                
00000543  Clock_Delay1us                
0000052f  Clock_GetFreq                 
00000419  Clock_Init48MHz               
20000014  Crystalstable                 
0000095b  DMA_ERR_IRQHandler            
0000095b  DMA_INT0_IRQHandler           
0000095b  DMA_INT1_IRQHandler           
0000095b  DMA_INT2_IRQHandler           
0000095b  DMA_INT3_IRQHandler           
0000095b  DebugMon_Handler              
0000095b  Default_Handler               
0000095b  EUSCIA0_IRQHandler            
0000095b  EUSCIA1_IRQHandler            
0000095b  EUSCIA2_IRQHandler            
0000095b  EUSCIA3_IRQHandler            
0000095b  EUSCIB0_IRQHandler            
0000095b  EUSCIB1_IRQHandler            
0000095b  EUSCIB2_IRQHandler            
0000095b  EUSCIB3_IRQHandler            
0000095b  FLCTL_IRQHandler              
0000095b  FPU_IRQHandler                
0000095b  HardFault_Handler             
20000010  IFlags                        
000005f9  LaunchPad_Init                
00000669  LaunchPad_Input               
00000683  LaunchPad_LED                 
000006a1  LaunchPad_Output              
0000095b  MemManage_Handler             
0000095b  NMI_Handler                   
0000095b  PCM_IRQHandler                
0000095b  PORT1_IRQHandler              
0000095b  PORT2_IRQHandler              
0000095b  PORT3_IRQHandler              
0000095b  PORT4_IRQHandler              
0000095b  PORT5_IRQHandler              
0000095b  PORT6_IRQHandler              
0000095b  PSS_IRQHandler                
0000095b  PendSV_Handler                
2000000c  Postwait                      
20000004  Prewait                       
0000095b  RTC_C_IRQHandler              
0000094f  Reset_Handler                 
0000095b  SVC_Handler                   
0000095b  SysTick_Handler               
20000018  SystemCoreClock               
000000e5  SystemCoreClockUpdate         
0000035d  SystemInit                    
0000095b  T32_INT1_IRQHandler           
0000095b  T32_INT2_IRQHandler           
0000095b  T32_INTC_IRQHandler           
0000095b  TA0_0_IRQHandler              
0000095b  TA0_N_IRQHandler              
0000095b  TA1_0_IRQHandler              
0000095b  TA1_N_IRQHandler              
0000095b  TA2_0_IRQHandler              
0000095b  TA2_N_IRQHandler              
0000095b  TA3_0_IRQHandler              
0000095b  TA3_N_IRQHandler              
0000095b  UsageFault_Handler            
4000480c  WDTCTL_SYM                    
0000095b  WDT_A_IRQHandler              
20010000  __STACK_END                   
00000200  __STACK_SIZE                  
00000980  __TI_CINIT_Base               
00000988  __TI_CINIT_Limit              
00000978  __TI_Handler_Table_Base       
00000980  __TI_Handler_Table_Limit      
000008c9  __TI_auto_init_nobinit_nopinit
00000861  __TI_decompress_lzss          
00000941  __TI_decompress_none          
ffffffff  __TI_pprof_out_hndl           
ffffffff  __TI_prof_data_size           
ffffffff  __TI_prof_data_start          
00000000  __TI_static_base__            
000007c5  __aeabi_memcpy                
000007c5  __aeabi_memcpy4               
000007c5  __aeabi_memcpy8               
ffffffff  __binit__                     
ffffffff  __c_args__                    
UNDEFED   __mpu_init                    
2000fe00  __stack                       
0000090d  _c_int00_noargs               
UNDEFED   _system_post_cinit            
0000095d  _system_pre_init              
00000961  abort                         
ffffffff  binit                         
00000535  delay                         
00000000  interruptVectors              
000006ed  main                          
000007c5  memcpy                        


GLOBAL SYMBOLS: SORTED BY Symbol Address 

address   name                          
-------   ----                          
00000000  __TI_static_base__            
00000000  interruptVectors              
000000e5  SystemCoreClockUpdate         
00000200  __STACK_SIZE                  
0000035d  SystemInit                    
00000419  Clock_Init48MHz               
0000052f  Clock_GetFreq                 
00000535  delay                         
00000543  Clock_Delay1us                
0000056d  Clock_Delay1ms                
000005f9  LaunchPad_Init                
00000669  LaunchPad_Input               
00000683  LaunchPad_LED                 
000006a1  LaunchPad_Output              
000006ed  main                          
000007c5  __aeabi_memcpy                
000007c5  __aeabi_memcpy4               
000007c5  __aeabi_memcpy8               
000007c5  memcpy                        
00000861  __TI_decompress_lzss          
000008c9  __TI_auto_init_nobinit_nopinit
0000090d  _c_int00_noargs               
00000941  __TI_decompress_none          
0000094f  Reset_Handler                 
0000095b  ADC14_IRQHandler              
0000095b  AES256_IRQHandler             
0000095b  BusFault_Handler              
0000095b  COMP_E0_IRQHandler            
0000095b  COMP_E1_IRQHandler            
0000095b  CS_IRQHandler                 
0000095b  DMA_ERR_IRQHandler            
0000095b  DMA_INT0_IRQHandler           
0000095b  DMA_INT1_IRQHandler           
0000095b  DMA_INT2_IRQHandler           
0000095b  DMA_INT3_IRQHandler           
0000095b  DebugMon_Handler              
0000095b  Default_Handler               
0000095b  EUSCIA0_IRQHandler            
0000095b  EUSCIA1_IRQHandler            
0000095b  EUSCIA2_IRQHandler            
0000095b  EUSCIA3_IRQHandler            
0000095b  EUSCIB0_IRQHandler            
0000095b  EUSCIB1_IRQHandler            
0000095b  EUSCIB2_IRQHandler            
0000095b  EUSCIB3_IRQHandler            
0000095b  FLCTL_IRQHandler              
0000095b  FPU_IRQHandler                
0000095b  HardFault_Handler             
0000095b  MemManage_Handler             
0000095b  NMI_Handler                   
0000095b  PCM_IRQHandler                
0000095b  PORT1_IRQHandler              
0000095b  PORT2_IRQHandler              
0000095b  PORT3_IRQHandler              
0000095b  PORT4_IRQHandler              
0000095b  PORT5_IRQHandler              
0000095b  PORT6_IRQHandler              
0000095b  PSS_IRQHandler                
0000095b  PendSV_Handler                
0000095b  RTC_C_IRQHandler              
0000095b  SVC_Handler                   
0000095b  SysTick_Handler               
0000095b  T32_INT1_IRQHandler           
0000095b  T32_INT2_IRQHandler           
0000095b  T32_INTC_IRQHandler           
0000095b  TA0_0_IRQHandler              
0000095b  TA0_N_IRQHandler              
0000095b  TA1_0_IRQHandler              
0000095b  TA1_N_IRQHandler              
0000095b  TA2_0_IRQHandler              
0000095b  TA2_N_IRQHandler              
0000095b  TA3_0_IRQHandler              
0000095b  TA3_N_IRQHandler              
0000095b  UsageFault_Handler            
0000095b  WDT_A_IRQHandler              
0000095d  _system_pre_init              
00000961  C$$EXIT                       
00000961  abort                         
00000978  __TI_Handler_Table_Base       
00000980  __TI_CINIT_Base               
00000980  __TI_Handler_Table_Limit      
00000988  __TI_CINIT_Limit              
20000000  ClockFrequency                
20000004  Prewait                       
20000008  CPMwait                       
2000000c  Postwait                      
20000010  IFlags                        
20000014  Crystalstable                 
20000018  SystemCoreClock               
2000fe00  __stack                       
20010000  __STACK_END                   
4000480c  WDTCTL_SYM                    
ffffffff  __TI_pprof_out_hndl           
ffffffff  __TI_prof_data_size           
ffffffff  __TI_prof_data_start          
ffffffff  __binit__                     
ffffffff  __c_args__                    
ffffffff  binit                         
UNDEFED   __mpu_init                    
UNDEFED   _system_post_cinit            

[100 symbols]
