******************************************************************************
                  TI ARM Linker PC v18.12.2                    
******************************************************************************
>> Linked Tue Feb 18 00:22:01 2020

OUTPUT FILE NAME:   <Lab15_ADC.out>
ENTRY POINT SYMBOL: "_c_int00_noargs"  address: 000029e5


MEMORY CONFIGURATION

         name            origin    length      used     unused   attr    fill
----------------------  --------  ---------  --------  --------  ----  --------
  MAIN                  00000000   00040000  00002c5e  0003d3a2  R  X
  INFO                  00200000   00004000  00000000  00004000  R  X
  SRAM_CODE             01000000   00010000  00004638  0000b9c8  RW X
  SRAM_DATA             20000000   00010000  00004638  0000b9c8  RW  


SEGMENT ALLOCATION MAP

run origin  load origin   length   init length attrs members
----------  ----------- ---------- ----------- ----- -------
00000000    00000000    00002c60   00002c60    r-x
  00000000    00000000    000000e4   000000e4    r-- .intvecs
  000000e4    000000e4    00002ae2   00002ae2    r-x .text
  00002bc8    00002bc8    00000098   00000098    r-- .cinit
20000000    20000000    0000443c   00000000    rw-
  20000000    20000000    00003e2c   00000000    rw- .bss
  20003e30    20003e30    00000400   00000000    rw- .sysmem
  20004230    20004230    0000020c   00000000    rw- .data
2000fe00    2000fe00    00000200   00000000    rw-
  2000fe00    2000fe00    00000200   00000000    rw- .stack


SECTION ALLOCATION MAP

 output                                  attributes/
section   page    origin      length       input sections
--------  ----  ----------  ----------   ----------------
.intvecs   0    00000000    000000e4     
                  00000000    000000e4     startup_msp432p401r_ccs.obj (.intvecs:retain)

.text      0    000000e4    00002ae2     
                  000000e4    000006e0     UART0.obj (.text)
                  000007c4    000006a4     Lab15_ADCmain.obj (.text)
                  00000e68    000003a0     LPF.obj (.text)
                  00001208    0000039c     ADC14.obj (.text)
                  000015a4    0000032c     system_msp432p401r.obj (.text)
                  000018d0    000001e0     Clock.obj (.text)
                  00001ab0    0000010c     rtsv7M4_T_le_v4SPD16_eabi.lib : fopen.c.obj (.text:_openfile)
                  00001bbc    000000f4     LaunchPad.obj (.text)
                  00001cb0    000000f4     rtsv7M4_T_le_v4SPD16_eabi.lib : memory.c.obj (.text:aligned_alloc)
                  00001da4    000000e8                                   : memory.c.obj (.text:free)
                  00001e8c    000000dc                                   : setvbuf.c.obj (.text:setvbuf)
                  00001f68    000000bc                                   : open.c.obj (.text:open)
                  00002024    000000b8                                   : add_device.c.obj (.text:add_device)
                  000020dc    000000ac     TimerA1.obj (.text)
                  00002188    0000009c     rtsv7M4_T_le_v4SPD16_eabi.lib : fopen.c.obj (.text:fopen)
                  00002224    0000009c                                   : memcpy_t2.asm.obj (.text)
                  000022c0    00000098     IRDistance.obj (.text)
                  00002358    0000007c     rtsv7M4_T_le_v4SPD16_eabi.lib : memory.c.obj (.text:split)
                  000023d4    0000007a                                   : memset_t2.asm.obj (.text)
                  0000244e    00000002                                   : _lock.c.obj (.text:_nop)
                  00002450    00000074                                   : fclose.c.obj (.text:__TI_closefile)
                  000024c4    00000068                                   : hostlseek.c.obj (.text:HOSTlseek)
                  0000252c    00000068                                   : hostrename.c.obj (.text:HOSTrename)
                  00002594    00000068                                   : copy_decompress_lzss.c.obj (.text:decompress:lzss:__TI_decompress_lzss)
                  000025fc    00000060                                   : hostopen.c.obj (.text:HOSTopen)
                  0000265c    0000005c                                   : close.c.obj (.text:close)
                  000026b8    00000058                                   : hostread.c.obj (.text:HOSTread)
                  00002710    00000058                                   : hostwrite.c.obj (.text:HOSTwrite)
                  00002768    0000004c                                   : fflush.c.obj (.text:__TI_doflush)
                  000027b4    00000048                                   : exit.c.obj (.text:exit)
                  000027fc    00000044                                   : hostclose.c.obj (.text:HOSTclose)
                  00002840    00000044                                   : hostunlink.c.obj (.text:HOSTunlink)
                  00002884    00000044                                   : autoinit.c.obj (.text:__TI_auto_init_nobinit_nopinit:__TI_auto_init_nobinit_nopinit)
                  000028c8    00000044                                   : getdevice.c.obj (.text:getdevice)
                  0000290c    00000038                                   : trgmsg.c.obj (.text:__TI_writemsg)
                  00002944    00000036                                   : strncpy.c.obj (.text:strncpy)
                  0000297a    00000002     --HOLE-- [fill = 0]
                  0000297c    00000034                                   : fopen.c.obj (.text:__TI_cleanup)
                  000029b0    00000034                                   : trgmsg.c.obj (.text:__TI_readmsg)
                  000029e4    00000034                                   : boot_cortex_m.c.obj (.text:_c_int00_noargs:_c_int00_noargs)
                  00002a18    00000034                                   : fopen.c.obj (.text:freopen)
                  00002a4c    00000030                                   : getdevice.c.obj (.text:finddevice)
                  00002a7c    0000002c                                   : unlink.c.obj (.text:unlink)
                  00002aa8    00000028                                   : memory.c.obj (.text:free_list_insert)
                  00002ad0    00000028                                   : write.c.obj (.text:write)
                  00002af8    00000024     CortexM.obj (.text)
                  00002b1c    0000001c     rtsv7M4_T_le_v4SPD16_eabi.lib : memory.c.obj (.text:free_list_remove)
                  00002b38    00000018                                   : strcmp.c.obj (.text:strcmp)
                  00002b50    00000016                                   : strchr.c.obj (.text:strchr)
                  00002b66    00000014                                   : strcpy.c.obj (.text:strcpy)
                  00002b7a    00000014                                   : strlen.c.obj (.text:strlen)
                  00002b8e    0000000e                                   : copy_decompress_none.c.obj (.text:decompress:none:__TI_decompress_none)
                  00002b9c    0000000e     startup_msp432p401r_ccs.obj (.text)
                  00002baa    0000000c     rtsv7M4_T_le_v4SPD16_eabi.lib : copy_zero_init.c.obj (.text:decompress:ZI:__TI_zero_init)
                  00002bb6    00000008                                   : memory.c.obj (.text:malloc)
                  00002bbe    00000004                                   : pre_init.c.obj (.text:_system_pre_init)
                  00002bc2    00000004                                   : exit.c.obj (.text:abort:abort)

.cinit     0    00002bc8    00000098     
                  00002bc8    00000073     (.cinit..data.load) [load image, compression = lzss]
                  00002c3b    00000001     --HOLE-- [fill = 0]
                  00002c3c    0000000c     (__TI_handler_table)
                  00002c48    00000008     (.cinit..bss.load) [load image, compression = zero_init]
                  00002c50    00000010     (__TI_cinit_table)

.init_array 
*          0    00000000    00000000     UNINITIALIZED

.binit     0    00000000    00000000     

.bss       0    20000000    00003e2c     UNINITIALIZED
                  20000000    00001000     (.common:x)
                  20001000    00001000     (.common:x2)
                  20002000    00001000     (.common:x3)
                  20003000    00000800     (.common:Histogram)
                  20003800    00000400     (.common:Data)
                  20003c00    00000120     rtsv7M4_T_le_v4SPD16_eabi.lib : trgmsg.c.obj (.bss:_CIOBUF_)
                  20003d20    000000a0     (.common:__TI_tmpnams)
                  20003dc0    00000008     (.common:Messageb)
                  20003dc8    00000008     (.common:parmbuf)
                  20003dd0    00000004     (.common:ADCflag)
                  20003dd4    00000004     (.common:ADCvalue)
                  20003dd8    00000004     (.common:Average)
                  20003ddc    00000004     (.common:I1)
                  20003de0    00000004     (.common:LPFSum)
                  20003de4    00000004     (.common:LPFSum2)
                  20003de8    00000004     (.common:LPFSum3)
                  20003dec    00000004     (.common:Messageindexb)
                  20003df0    00000004     (.common:Pt)
                  20003df4    00000004     (.common:Pt2)
                  20003df8    00000004     (.common:Pt3)
                  20003dfc    00000004     (.common:Sigma)
                  20003e00    00000004     (.common:Size)
                  20003e04    00000004     (.common:Sum)
                  20003e08    00000004     (.common:Sum2)
                  20003e0c    00000004     (.common:TimerA1Task)
                  20003e10    00000004     (.common:Variance)
                  20003e14    00000004     (.common:nc)
                  20003e18    00000004     (.common:nl)
                  20003e1c    00000004     (.common:nr)
                  20003e20    00000004     (.common:u1)
                  20003e24    00000004     (.common:u2)
                  20003e28    00000004     (.common:u3)

.sysmem    0    20003e30    00000400     UNINITIALIZED
                  20003e30    00000010     rtsv7M4_T_le_v4SPD16_eabi.lib : memory.c.obj (.sysmem)
                  20003e40    000003f0     --HOLE--

.data      0    20004230    0000020c     UNINITIALIZED
                  20004230    000000f0     rtsv7M4_T_le_v4SPD16_eabi.lib : defs.c.obj (.data:_ftable)
                  20004320    00000078                                   : host_device.c.obj (.data:_device)
                  20004398    00000050                                   : host_device.c.obj (.data:_stream)
                  200043e8    00000018     Clock.obj (.data)
                  20004400    00000010     rtsv7M4_T_le_v4SPD16_eabi.lib : defs.c.obj (.data)
                  20004410    0000000c                                   : exit.c.obj (.data:$O1$$)
                  2000441c    00000008                                   : _lock.c.obj (.data:$O1$$)
                  20004424    00000008                                   : memory.c.obj (.data:$O1$$)
                  2000442c    00000004                                   : add_device.c.obj (.data)
                  20004430    00000004                                   : fopen.c.obj (.data)
                  20004434    00000004                                   : open.c.obj (.data)
                  20004438    00000004     system_msp432p401r.obj (.data)

.stack     0    2000fe00    00000200     UNINITIALIZED
                  2000fe00    00000004     rtsv7M4_T_le_v4SPD16_eabi.lib : boot_cortex_m.c.obj (.stack)
                  2000fe04    000001fc     --HOLE--

MODULE SUMMARY

       Module                        code    ro data   rw data
       ------                        ----    -------   -------
    ..\
       UART0.obj                     1760    0         24     
    +--+-----------------------------+-------+---------+---------+
       Total:                        1760    0         24     
                                                              
    .\
       LPF.obj                       928     0         24664  
       Lab15_ADCmain.obj             1700    0         6224   
       ADC14.obj                     924     0         0      
       system_msp432p401r.obj        812     0         8      
       Clock.obj                     480     0         48     
       LaunchPad.obj                 244     0         0      
       startup_msp432p401r_ccs.obj   14      228       0      
       TimerA1.obj                   172     0         8      
       IRDistance.obj                152     0         0      
       CortexM.obj                   36      0         0      
    +--+-----------------------------+-------+---------+---------+
       Total:                        5462    228       30952  
                                                              
    C:\ti\ccs910\ccs\tools\compiler\ti-cgt-arm_18.12.2.LTS\lib\rtsv7M4_T_le_v4SPD16_eabi.lib
       defs.c.obj                    0       0         832    
       memory.c.obj                  676     0         16     
       trgmsg.c.obj                  108     0         576    
       fopen.c.obj                   528     0         8      
       host_device.c.obj             0       0         400    
       setvbuf.c.obj                 220     0         0      
       open.c.obj                    188     0         8      
       add_device.c.obj              184     0         8      
       memcpy_t2.asm.obj             156     0         0      
       memset_t2.asm.obj             122     0         0      
       fclose.c.obj                  116     0         0      
       getdevice.c.obj               116     0         0      
       hostopen.c.obj                96      0         16     
       copy_decompress_lzss.c.obj    104     0         0      
       hostlseek.c.obj               104     0         0      
       hostrename.c.obj              104     0         0      
       exit.c.obj                    76      0         24     
       close.c.obj                   92      0         0      
       hostread.c.obj                88      0         0      
       hostwrite.c.obj               88      0         0      
       fflush.c.obj                  76      0         0      
       autoinit.c.obj                68      0         0      
       hostclose.c.obj               68      0         0      
       hostunlink.c.obj              68      0         0      
       strncpy.c.obj                 54      0         0      
       boot_cortex_m.c.obj           52      0         0      
       unlink.c.obj                  44      0         0      
       write.c.obj                   40      0         0      
       strcmp.c.obj                  24      0         0      
       strchr.c.obj                  22      0         0      
       strcpy.c.obj                  20      0         0      
       strlen.c.obj                  20      0         0      
       _lock.c.obj                   2       0         16     
       copy_decompress_none.c.obj    14      0         0      
       copy_zero_init.c.obj          12      0         0      
       pre_init.c.obj                4       0         0      
    +--+-----------------------------+-------+---------+---------+
       Total:                        3754    0         1904   
                                                              
       Heap:                         0       0         2048   
       Stack:                        0       0         1024   
       Linker Generated:             0       151       0      
    +--+-----------------------------+-------+---------+---------+
       Grand Total:                  10976   379       35952  


LINKER GENERATED COPY TABLES

__TI_cinit_table @ 00002c50 records: 2, size/record: 8, table size: 16
	.data: load addr=00002bc8, load size=00000073 bytes, run addr=20004230, run size=0000020c bytes, compression=lzss
	.bss: load addr=00002c48, load size=00000008 bytes, run addr=20000000, run size=00003e2c bytes, compression=zero_init


LINKER GENERATED HANDLER TABLE

__TI_handler_table @ 00002c3c records: 3, size/record: 4, table size: 12
	index: 0, handler: __TI_decompress_lzss
	index: 1, handler: __TI_decompress_none
	index: 2, handler: __TI_zero_init


GLOBAL SYMBOLS: SORTED ALPHABETICALLY BY Name 

address   name                           
-------   ----                           
000014c1  ADC0_InitSWTriggerCh12         
00001305  ADC0_InitSWTriggerCh14         
00001375  ADC0_InitSWTriggerCh17_14_16   
000014c7  ADC0_InitSWTriggerCh19         
00001425  ADC0_InitSWTriggerCh21_22_23   
00001537  ADC0_InitSWTriggerCh23         
00001209  ADC0_InitSWTriggerCh6          
00001279  ADC0_InitSWTriggerCh67         
00002ba9  ADC14_IRQHandler               
000014c3  ADC_In12                       
00001355  ADC_In14                       
000013e5  ADC_In17_14_16                 
00001517  ADC_In19                       
00001481  ADC_In21_22_23                 
00001539  ADC_In23                       
00001259  ADC_In6                        
000012cf  ADC_In67                       
20003dd0  ADCflag                        
20003dd4  ADCvalue                       
00002ba9  AES256_IRQHandler              
20003dd8  Average                        
00002ba9  BusFault_Handler               
00002bc3  C$$EXIT                        
0000293b  C$$IO$$                        
00002ba9  COMP_E0_IRQHandler             
00002ba9  COMP_E1_IRQHandler             
200043f0  CPMwait                        
00002ba9  CS_IRQHandler                  
000022f1  CenterConvert                  
200043e8  ClockFrequency                 
00001a25  Clock_Delay1ms                 
000019fb  Clock_Delay1us                 
000019e7  Clock_GetFreq                  
000018d1  Clock_Init48MHz                
200043fc  Crystalstable                  
00002ba9  DMA_ERR_IRQHandler             
00002ba9  DMA_INT0_IRQHandler            
00002ba9  DMA_INT1_IRQHandler            
00002ba9  DMA_INT2_IRQHandler            
00002ba9  DMA_INT3_IRQHandler            
20003800  Data                           
00002ba9  DebugMon_Handler               
00002ba9  Default_Handler                
00002af9  DisableInterrupts              
00002ba9  EUSCIA0_IRQHandler             
00002ba9  EUSCIA1_IRQHandler             
00002ba9  EUSCIA2_IRQHandler             
00002ba9  EUSCIA3_IRQHandler             
00002ba9  EUSCIB0_IRQHandler             
00002ba9  EUSCIB1_IRQHandler             
00002ba9  EUSCIB2_IRQHandler             
00002ba9  EUSCIB3_IRQHandler             
00002aff  EnableInterrupts               
00002b0f  EndCritical                    
00002ba9  FLCTL_IRQHandler               
00002ba9  FPU_IRQHandler                 
000027fd  HOSTclose                      
000024c5  HOSTlseek                      
000025fd  HOSTopen                       
000026b9  HOSTread                       
0000252d  HOSTrename                     
00002841  HOSTunlink                     
00002711  HOSTwrite                      
00002ba9  HardFault_Handler              
20003000  Histogram                      
20003ddc  I1                             
200043f8  IFlags                         
20003de0  LPFSum                         
20003de4  LPFSum2                        
20003de8  LPFSum3                        
00000f7d  LPF_Calc                       
00001025  LPF_Calc2                      
000010e9  LPF_Calc3                      
00000ebd  LPF_Calc_old                   
00000f1f  LPF_Init                       
00000fd1  LPF_Init2                      
00001087  LPF_Init3                      
00000e69  LPF_Init_old                   
00001bbd  LaunchPad_Init                 
00001c2d  LaunchPad_Input                
00001c47  LaunchPad_LED                  
00001c65  LaunchPad_Output               
000022c1  LeftConvert                    
00001151  Median                         
00002ba9  MemManage_Handler              
20003dc0  Messageb                       
20003dec  Messageindexb                  
00002ba9  NMI_Handler                    
00002ba9  PCM_IRQHandler                 
00002ba9  PORT1_IRQHandler               
00002ba9  PORT2_IRQHandler               
00002ba9  PORT3_IRQHandler               
00002ba9  PORT4_IRQHandler               
00002ba9  PORT5_IRQHandler               
00002ba9  PORT6_IRQHandler               
00002ba9  PSS_IRQHandler                 
00002ba9  PendSV_Handler                 
200043f4  Postwait                       
200043ec  Prewait                        
00000841  Program15_1                    
000007c5  Program15_1_ISR                
00000c65  Program15_2                    
00000c09  Program15_2_ISR                
20003df0  Pt                             
20003df4  Pt2                            
20003df8  Pt3                            
00002ba9  RTC_C_IRQHandler               
00002b9d  Reset_Handler                  
00002321  RightConvert                   
00002ba9  SVC_Handler                    
20003dfc  Sigma                          
20003e00  Size                           
00002b05  StartCritical                  
20003e04  Sum                            
20003e08  Sum2                           
00002ba9  SysTick_Handler                
20004438  SystemCoreClock                
000015a5  SystemCoreClockUpdate          
00001819  SystemInit                     
00002ba9  T32_INT1_IRQHandler            
00002ba9  T32_INT2_IRQHandler            
00002ba9  T32_INTC_IRQHandler            
00002ba9  TA0_0_IRQHandler               
00002ba9  TA0_N_IRQHandler               
00002153  TA1_0_IRQHandler               
00002153  TA1_0_IRQHandler               
00002ba9  TA1_N_IRQHandler               
00002ba9  TA2_0_IRQHandler               
00002ba9  TA2_N_IRQHandler               
00002ba9  TA3_0_IRQHandler               
00002ba9  TA3_N_IRQHandler               
20003e0c  TimerA1Task                    
000020dd  TimerA1_Init                   
0000213d  TimerA1_Stop                   
0000012b  UART0_InChar                   
000005d5  UART0_InString                 
00000175  UART0_InUDec                   
00000489  UART0_InUHex                   
000000e5  UART0_Init                     
00000737  UART0_Initprintf               
0000013b  UART0_OutChar                  
00000229  UART0_OutSDec                  
00000157  UART0_OutString                
000001f9  UART0_OutUDec                  
0000039d  UART0_OutUDec4                 
000003e5  UART0_OutUDec5                 
00000417  UART0_OutUFix1                 
0000043f  UART0_OutUFix2                 
0000054d  UART0_OutUHex                  
000005b9  UART0_OutUHex2                 
00002ba9  UsageFault_Handler             
20003e10  Variance                       
4000480c  WDTCTL_SYM                     
00002ba9  WDT_A_IRQHandler               
00002b17  WaitForInterrupt               
20003c00  __CIOBUF_                      
20010000  __STACK_END                    
00000200  __STACK_SIZE                   
00000400  __SYSMEM_SIZE                  
00002c50  __TI_CINIT_Base                
00002c60  __TI_CINIT_Limit               
00002c3c  __TI_Handler_Table_Base        
00002c48  __TI_Handler_Table_Limit       
00002885  __TI_auto_init_nobinit_nopinit 
0000297d  __TI_cleanup                   
20004410  __TI_cleanup_ptr               
00002451  __TI_closefile                 
00002595  __TI_decompress_lzss           
00002b8f  __TI_decompress_none           
00002769  __TI_doflush                   
20004414  __TI_dtors_ptr                 
20004418  __TI_enable_exit_profile_output
20004400  __TI_ft_end                    
ffffffff  __TI_pprof_out_hndl            
ffffffff  __TI_prof_data_size            
ffffffff  __TI_prof_data_start           
000029b1  __TI_readmsg                   
00000000  __TI_static_base__             
20003d20  __TI_tmpnams                   
0000290d  __TI_writemsg                  
00002bab  __TI_zero_init                 
000023d5  __aeabi_memclr                 
000023d5  __aeabi_memclr4                
000023d5  __aeabi_memclr8                
00002225  __aeabi_memcpy                 
00002225  __aeabi_memcpy4                
00002225  __aeabi_memcpy8                
000023d7  __aeabi_memset                 
000023d7  __aeabi_memset4                
000023d7  __aeabi_memset8                
2000440c  __aeabi_stderr                 
20004404  __aeabi_stdin                  
20004408  __aeabi_stdout                 
ffffffff  __binit__                      
ffffffff  __c_args__                     
UNDEFED   __mpu_init                     
2000fe00  __stack                        
000029e5  _c_int00_noargs                
20004320  _device                        
20004230  _ftable                        
2000441c  _lock                          
0000244f  _nop                           
20004398  _stream                        
20003e30  _sys_memory                    
UNDEFED   _system_post_cinit             
00002bbf  _system_pre_init               
20004420  _unlock                        
00002bc3  abort                          
00002025  add_device                     
00001cb1  aligned_alloc                  
ffffffff  binit                          
0000265d  close                          
000019ed  delay                          
000027b5  exit                           
00000669  ferror                         
0000064f  fgetc                          
00002a4d  finddevice                     
00002189  fopen                          
00001da5  free                           
00002a19  freopen                        
000028c9  getdevice                      
00000000  interruptVectors               
00000d39  main                           
00002bb7  malloc                         
00001cb1  memalign                       
00002225  memcpy                         
000023dd  memset                         
20003e14  nc                             
20003e18  nl                             
20003e1c  nr                             
00001f69  open                           
00000591  outnibble                      
20003dc8  parmbuf                        
00002a7d  remove                         
00001e8d  setvbuf                        
000007fd  sqrt                           
00002b51  strchr                         
00002b39  strcmp                         
00002b67  strcpy                         
00002b7b  strlen                         
00002945  strncpy                        
20003e20  u1                             
20003e24  u2                             
20003e28  u3                             
0000068f  uart_close                     
0000070d  uart_lseek                     
0000067f  uart_open                      
0000069b  uart_read                      
00000729  uart_rename                    
0000071d  uart_unlink                    
000006cb  uart_write                     
00002a7d  unlink                         
00002ad1  write                          
20000000  x                              
20001000  x2                             
20002000  x3                             


GLOBAL SYMBOLS: SORTED BY Symbol Address 

address   name                           
-------   ----                           
00000000  __TI_static_base__             
00000000  interruptVectors               
000000e5  UART0_Init                     
0000012b  UART0_InChar                   
0000013b  UART0_OutChar                  
00000157  UART0_OutString                
00000175  UART0_InUDec                   
000001f9  UART0_OutUDec                  
00000200  __STACK_SIZE                   
00000229  UART0_OutSDec                  
0000039d  UART0_OutUDec4                 
000003e5  UART0_OutUDec5                 
00000400  __SYSMEM_SIZE                  
00000417  UART0_OutUFix1                 
0000043f  UART0_OutUFix2                 
00000489  UART0_InUHex                   
0000054d  UART0_OutUHex                  
00000591  outnibble                      
000005b9  UART0_OutUHex2                 
000005d5  UART0_InString                 
0000064f  fgetc                          
00000669  ferror                         
0000067f  uart_open                      
0000068f  uart_close                     
0000069b  uart_read                      
000006cb  uart_write                     
0000070d  uart_lseek                     
0000071d  uart_unlink                    
00000729  uart_rename                    
00000737  UART0_Initprintf               
000007c5  Program15_1_ISR                
000007fd  sqrt                           
00000841  Program15_1                    
00000c09  Program15_2_ISR                
00000c65  Program15_2                    
00000d39  main                           
00000e69  LPF_Init_old                   
00000ebd  LPF_Calc_old                   
00000f1f  LPF_Init                       
00000f7d  LPF_Calc                       
00000fd1  LPF_Init2                      
00001025  LPF_Calc2                      
00001087  LPF_Init3                      
000010e9  LPF_Calc3                      
00001151  Median                         
00001209  ADC0_InitSWTriggerCh6          
00001259  ADC_In6                        
00001279  ADC0_InitSWTriggerCh67         
000012cf  ADC_In67                       
00001305  ADC0_InitSWTriggerCh14         
00001355  ADC_In14                       
00001375  ADC0_InitSWTriggerCh17_14_16   
000013e5  ADC_In17_14_16                 
00001425  ADC0_InitSWTriggerCh21_22_23   
00001481  ADC_In21_22_23                 
000014c1  ADC0_InitSWTriggerCh12         
000014c3  ADC_In12                       
000014c7  ADC0_InitSWTriggerCh19         
00001517  ADC_In19                       
00001537  ADC0_InitSWTriggerCh23         
00001539  ADC_In23                       
000015a5  SystemCoreClockUpdate          
00001819  SystemInit                     
000018d1  Clock_Init48MHz                
000019e7  Clock_GetFreq                  
000019ed  delay                          
000019fb  Clock_Delay1us                 
00001a25  Clock_Delay1ms                 
00001bbd  LaunchPad_Init                 
00001c2d  LaunchPad_Input                
00001c47  LaunchPad_LED                  
00001c65  LaunchPad_Output               
00001cb1  aligned_alloc                  
00001cb1  memalign                       
00001da5  free                           
00001e8d  setvbuf                        
00001f69  open                           
00002025  add_device                     
000020dd  TimerA1_Init                   
0000213d  TimerA1_Stop                   
00002153  TA1_0_IRQHandler               
00002153  TA1_0_IRQHandler               
00002189  fopen                          
00002225  __aeabi_memcpy                 
00002225  __aeabi_memcpy4                
00002225  __aeabi_memcpy8                
00002225  memcpy                         
000022c1  LeftConvert                    
000022f1  CenterConvert                  
00002321  RightConvert                   
000023d5  __aeabi_memclr                 
000023d5  __aeabi_memclr4                
000023d5  __aeabi_memclr8                
000023d7  __aeabi_memset                 
000023d7  __aeabi_memset4                
000023d7  __aeabi_memset8                
000023dd  memset                         
0000244f  _nop                           
00002451  __TI_closefile                 
000024c5  HOSTlseek                      
0000252d  HOSTrename                     
00002595  __TI_decompress_lzss           
000025fd  HOSTopen                       
0000265d  close                          
000026b9  HOSTread                       
00002711  HOSTwrite                      
00002769  __TI_doflush                   
000027b5  exit                           
000027fd  HOSTclose                      
00002841  HOSTunlink                     
00002885  __TI_auto_init_nobinit_nopinit 
000028c9  getdevice                      
0000290d  __TI_writemsg                  
0000293b  C$$IO$$                        
00002945  strncpy                        
0000297d  __TI_cleanup                   
000029b1  __TI_readmsg                   
000029e5  _c_int00_noargs                
00002a19  freopen                        
00002a4d  finddevice                     
00002a7d  remove                         
00002a7d  unlink                         
00002ad1  write                          
00002af9  DisableInterrupts              
00002aff  EnableInterrupts               
00002b05  StartCritical                  
00002b0f  EndCritical                    
00002b17  WaitForInterrupt               
00002b39  strcmp                         
00002b51  strchr                         
00002b67  strcpy                         
00002b7b  strlen                         
00002b8f  __TI_decompress_none           
00002b9d  Reset_Handler                  
00002ba9  ADC14_IRQHandler               
00002ba9  AES256_IRQHandler              
00002ba9  BusFault_Handler               
00002ba9  COMP_E0_IRQHandler             
00002ba9  COMP_E1_IRQHandler             
00002ba9  CS_IRQHandler                  
00002ba9  DMA_ERR_IRQHandler             
00002ba9  DMA_INT0_IRQHandler            
00002ba9  DMA_INT1_IRQHandler            
00002ba9  DMA_INT2_IRQHandler            
00002ba9  DMA_INT3_IRQHandler            
00002ba9  DebugMon_Handler               
00002ba9  Default_Handler                
00002ba9  EUSCIA0_IRQHandler             
00002ba9  EUSCIA1_IRQHandler             
00002ba9  EUSCIA2_IRQHandler             
00002ba9  EUSCIA3_IRQHandler             
00002ba9  EUSCIB0_IRQHandler             
00002ba9  EUSCIB1_IRQHandler             
00002ba9  EUSCIB2_IRQHandler             
00002ba9  EUSCIB3_IRQHandler             
00002ba9  FLCTL_IRQHandler               
00002ba9  FPU_IRQHandler                 
00002ba9  HardFault_Handler              
00002ba9  MemManage_Handler              
00002ba9  NMI_Handler                    
00002ba9  PCM_IRQHandler                 
00002ba9  PORT1_IRQHandler               
00002ba9  PORT2_IRQHandler               
00002ba9  PORT3_IRQHandler               
00002ba9  PORT4_IRQHandler               
00002ba9  PORT5_IRQHandler               
00002ba9  PORT6_IRQHandler               
00002ba9  PSS_IRQHandler                 
00002ba9  PendSV_Handler                 
00002ba9  RTC_C_IRQHandler               
00002ba9  SVC_Handler                    
00002ba9  SysTick_Handler                
00002ba9  T32_INT1_IRQHandler            
00002ba9  T32_INT2_IRQHandler            
00002ba9  T32_INTC_IRQHandler            
00002ba9  TA0_0_IRQHandler               
00002ba9  TA0_N_IRQHandler               
00002ba9  TA1_N_IRQHandler               
00002ba9  TA2_0_IRQHandler               
00002ba9  TA2_N_IRQHandler               
00002ba9  TA3_0_IRQHandler               
00002ba9  TA3_N_IRQHandler               
00002ba9  UsageFault_Handler             
00002ba9  WDT_A_IRQHandler               
00002bab  __TI_zero_init                 
00002bb7  malloc                         
00002bbf  _system_pre_init               
00002bc3  C$$EXIT                        
00002bc3  abort                          
00002c3c  __TI_Handler_Table_Base        
00002c48  __TI_Handler_Table_Limit       
00002c50  __TI_CINIT_Base                
00002c60  __TI_CINIT_Limit               
20000000  x                              
20001000  x2                             
20002000  x3                             
20003000  Histogram                      
20003800  Data                           
20003c00  __CIOBUF_                      
20003d20  __TI_tmpnams                   
20003dc0  Messageb                       
20003dc8  parmbuf                        
20003dd0  ADCflag                        
20003dd4  ADCvalue                       
20003dd8  Average                        
20003ddc  I1                             
20003de0  LPFSum                         
20003de4  LPFSum2                        
20003de8  LPFSum3                        
20003dec  Messageindexb                  
20003df0  Pt                             
20003df4  Pt2                            
20003df8  Pt3                            
20003dfc  Sigma                          
20003e00  Size                           
20003e04  Sum                            
20003e08  Sum2                           
20003e0c  TimerA1Task                    
20003e10  Variance                       
20003e14  nc                             
20003e18  nl                             
20003e1c  nr                             
20003e20  u1                             
20003e24  u2                             
20003e28  u3                             
20003e30  _sys_memory                    
20004230  _ftable                        
20004320  _device                        
20004398  _stream                        
200043e8  ClockFrequency                 
200043ec  Prewait                        
200043f0  CPMwait                        
200043f4  Postwait                       
200043f8  IFlags                         
200043fc  Crystalstable                  
20004400  __TI_ft_end                    
20004404  __aeabi_stdin                  
20004408  __aeabi_stdout                 
2000440c  __aeabi_stderr                 
20004410  __TI_cleanup_ptr               
20004414  __TI_dtors_ptr                 
20004418  __TI_enable_exit_profile_output
2000441c  _lock                          
20004420  _unlock                        
20004438  SystemCoreClock                
2000fe00  __stack                        
20010000  __STACK_END                    
4000480c  WDTCTL_SYM                     
ffffffff  __TI_pprof_out_hndl            
ffffffff  __TI_prof_data_size            
ffffffff  __TI_prof_data_start           
ffffffff  __binit__                      
ffffffff  __c_args__                     
ffffffff  binit                          
UNDEFED   __mpu_init                     
UNDEFED   _system_post_cinit             

[256 symbols]
