******************************************************************************
                  TI ARM Linker PC v18.12.1                    
******************************************************************************
>> Linked Wed Jul 31 21:51:51 2019

OUTPUT FILE NAME:   <ASEE.out>
ENTRY POINT SYMBOL: "_c_int00_noargs"  address: 0000bfd9


MEMORY CONFIGURATION

         name            origin    length      used     unused   attr    fill
----------------------  --------  ---------  --------  --------  ----  --------
  MAIN                  00000000   00040000  0000cb55  000334ab  R  X
  INFO                  00200000   00004000  00000000  00004000  R  X
  SRAM_CODE             01000000   00010000  000044dc  0000bb24  RW X
  SRAM_DATA             20000000   00010000  000044dc  0000bb24  RW  


SEGMENT ALLOCATION MAP

run origin  load origin   length   init length attrs members
----------  ----------- ---------- ----------- ----- -------
00000000    00000000    0000cb58   0000cb58    r-x
  00000000    00000000    000000e4   000000e4    r-- .intvecs
  000000e4    000000e4    0000c1a8   0000c1a8    r-x .text
  0000c28c    0000c28c    00000741   00000741    r-- .const
  0000c9d0    0000c9d0    00000188   00000188    r-- .cinit
20000000    20000000    000042e3   00000000    rw-
  20000000    20000000    00003b39   00000000    rw- .bss
  20003b40    20003b40    00000400   00000000    rw- .sysmem
  20003f40    20003f40    000003a3   00000000    rw- .data
2000fe00    2000fe00    00000200   00000000    rw-
  2000fe00    2000fe00    00000200   00000000    rw- .stack


SECTION ALLOCATION MAP

 output                                  attributes/
section   page    origin      length       input sections
--------  ----  ----------  ----------   ----------------
.intvecs   0    00000000    000000e4     
                  00000000    000000e4     startup_msp432p401r_ccs.obj (.intvecs:retain)

.text      0    000000e4    0000c1a8     
                  000000e4    00001798     SSD1306.obj (.text)
                  0000187c    00001014     AP.obj (.text)
                  00002890    00000da4     Lab19.obj (.text)
                  00003634    00000b7c     Nokia5110.obj (.text)
                  000041b0    00000b74     Lab16.obj (.text)
                  00004d24    00000a4e     rtsv7M4_T_le_v4SPD16_eabi.lib : _printfi.c.obj (.text:__TI_printfi)
                  00005772    00000002                                   : _lock.c.obj (.text:_nop)
                  00005774    000008e4     Lab12.obj (.text)
                  00006058    00000894     Lab17.obj (.text)
                  000068ec    000006e0     UART0.obj (.text)
                  00006fcc    000006c8     TExaS.obj (.text)
                  00007694    00000624     main.obj (.text)
                  00007cb8    00000570     Lab7.obj (.text)
                  00008228    00000490     ADC14.obj (.text)
                  000086b8    00000420     PWM.obj (.text)
                  00008ad8    000003a0     LPF.obj (.text)
                  00008e78    0000032c     system_msp432p401r.obj (.text)
                  000091a4    00000270     rtsv7M4_T_le_v4SPD16_eabi.lib : _printfi.c.obj (.text:_pconv_a)
                  00009414    000001e0     Clock.obj (.text)
                  000095f4    000001d4     TA3InputCapture.obj (.text)
                  000097c8    000001d0     rtsv7M4_T_le_v4SPD16_eabi.lib : _printfi.c.obj (.text:_pconv_g)
                  00009998    000001c8     Reflectance.obj (.text)
                  00009b60    000001b6     rtsv7M4_T_le_v4SPD16_eabi.lib : fd_add_t2.asm.obj (.text)
                  00009d16    00000002                                   : div0.asm.obj (.text)
                  00009d18    000001a4     UART1.obj (.text)
                  00009ebc    0000018c     Motor.obj (.text)
                  0000a048    0000013c     Tachometer.obj (.text)
                  0000a184    0000013c     rtsv7M4_T_le_v4SPD16_eabi.lib : _printfi.c.obj (.text:_pconv_e)
                  0000a2c0    00000136                                   : fd_div_t2.asm.obj (.text)
                  0000a3f6    00000002     --HOLE-- [fill = 0]
                  0000a3f8    00000124                                   : _printfi.c.obj (.text:fcvt)
                  0000a51c    00000114                                   : fputs.c.obj (.text:fputs)
                  0000a630    00000110                                   : s_scalbn.c.obj (.text:scalbn)
                  0000a740    0000010c                                   : fopen.c.obj (.text:_openfile)
                  0000a84c    000000fc                                   : fd_mul_t2.asm.obj (.text)
                  0000a948    000000f4     LaunchPad.obj (.text)
                  0000aa3c    000000f4     rtsv7M4_T_le_v4SPD16_eabi.lib : memory.c.obj (.text:aligned_alloc)
                  0000ab30    000000e8                                   : memory.c.obj (.text:free)
                  0000ac18    000000dc                                   : setvbuf.c.obj (.text:setvbuf)
                  0000acf4    000000c0     GPIO.obj (.text)
                  0000adb4    000000bc     rtsv7M4_T_le_v4SPD16_eabi.lib : open.c.obj (.text:open)
                  0000ae70    000000b8                                   : add_device.c.obj (.text:add_device)
                  0000af28    000000b1                                   : _printfi.c.obj (.text:_ltostr)
                  0000afd9    00000003     --HOLE-- [fill = 0]
                  0000afdc    000000a8     TimerA1.obj (.text)
                  0000b084    0000009c     rtsv7M4_T_le_v4SPD16_eabi.lib : fopen.c.obj (.text:fopen)
                  0000b120    0000009c                                   : memcpy_t2.asm.obj (.text)
                  0000b1bc    00000096                                   : ull_div_t2.asm.obj (.text)
                  0000b252    00000002     --HOLE-- [fill = 0]
                  0000b254    0000008c                                   : fputc.c.obj (.text:fputc)
                  0000b2e0    00000086                                   : fd_cmp_t2.asm.obj (.text:__aeabi_cdcmple)
                  0000b366    00000086                                   : fd_cmp_t2.asm.obj (.text:__aeabi_cdrcmple)
                  0000b3ec    0000007c     IRDistance.obj (.text)
                  0000b468    0000007c     rtsv7M4_T_le_v4SPD16_eabi.lib : memory.c.obj (.text:split)
                  0000b4e4    0000007a                                   : memset_t2.asm.obj (.text)
                  0000b55e    00000002     --HOLE-- [fill = 0]
                  0000b560    00000078     Bump.obj (.text)
                  0000b5d8    00000074     rtsv7M4_T_le_v4SPD16_eabi.lib : fclose.c.obj (.text:__TI_closefile)
                  0000b64c    0000006e                                   : _printfi.c.obj (.text:_mcpy)
                  0000b6ba    00000002     --HOLE-- [fill = 0]
                  0000b6bc    00000068                                   : hostlseek.c.obj (.text:HOSTlseek)
                  0000b724    00000068                                   : hostrename.c.obj (.text:HOSTrename)
                  0000b78c    00000068                                   : copy_decompress_lzss.c.obj (.text:decompress:lzss:__TI_decompress_lzss)
                  0000b7f4    00000068                                   : printf.c.obj (.text:printf)
                  0000b85c    00000064                                   : s_frexp.c.obj (.text:frexp)
                  0000b8c0    00000064                                   : fseek.c.obj (.text:fseek)
                  0000b924    00000062                                   : _io_perm.c.obj (.text:__TI_wrt_ok)
                  0000b986    00000002     --HOLE-- [fill = 0]
                  0000b988    00000060                                   : hostopen.c.obj (.text:HOSTopen)
                  0000b9e8    0000005c                                   : close.c.obj (.text:close)
                  0000ba44    00000058                                   : hostread.c.obj (.text:HOSTread)
                  0000ba9c    00000058                                   : hostwrite.c.obj (.text:HOSTwrite)
                  0000baf4    00000058     blinker.obj (.text)
                  0000bb4c    00000056     rtsv7M4_T_le_v4SPD16_eabi.lib : _printfi.c.obj (.text:_pconv_f)
                  0000bba2    00000054                                   : ltoa.c.obj (.text:ltoa)
                  0000bbf6    00000052                                   : _printfi.c.obj (.text:_ecpy)
                  0000bc48    0000004c                                   : fflush.c.obj (.text:__TI_doflush)
                  0000bc94    0000004c                                   : atoi.c.obj (.text:atoi)
                  0000bce0    00000048                                   : exit.c.obj (.text:exit)
                  0000bd28    00000048                                   : fd_toi_t2.asm.obj (.text)
                  0000bd70    00000044                                   : hostclose.c.obj (.text:HOSTclose)
                  0000bdb4    00000044                                   : hostunlink.c.obj (.text:HOSTunlink)
                  0000bdf8    00000044                                   : autoinit.c.obj (.text:__TI_auto_init_nobinit_nopinit:__TI_auto_init_nobinit_nopinit)
                  0000be3c    00000044                                   : getdevice.c.obj (.text:getdevice)
                  0000be80    00000040     SysTickInts.obj (.text)
                  0000bec0    0000003e     rtsv7M4_T_le_v4SPD16_eabi.lib : _printfi.c.obj (.text:_fcpy)
                  0000befe    00000002     --HOLE-- [fill = 0]
                  0000bf00    00000038                                   : trgmsg.c.obj (.text:__TI_writemsg)
                  0000bf38    00000036                                   : strncpy.c.obj (.text:strncpy)
                  0000bf6e    00000002     --HOLE-- [fill = 0]
                  0000bf70    00000034                                   : fopen.c.obj (.text:__TI_cleanup)
                  0000bfa4    00000034                                   : trgmsg.c.obj (.text:__TI_readmsg)
                  0000bfd8    00000034                                   : boot_cortex_m.c.obj (.text:_c_int00_noargs:_c_int00_noargs)
                  0000c00c    00000034                                   : fopen.c.obj (.text:freopen)
                  0000c040    00000030                                   : getdevice.c.obj (.text:finddevice)
                  0000c070    0000002e                                   : i_tofd_t2.asm.obj (.text)
                  0000c09e    00000002     --HOLE-- [fill = 0]
                  0000c0a0    0000002c                                   : unlink.c.obj (.text:unlink)
                  0000c0cc    00000028                                   : memory.c.obj (.text:free_list_insert)
                  0000c0f4    00000028                                   : lseek.c.obj (.text:lseek)
                  0000c11c    00000028                                   : write.c.obj (.text:write)
                  0000c144    00000024     CortexM.obj (.text)
                  0000c168    00000020     rtsv7M4_T_le_v4SPD16_eabi.lib : memchr.c.obj (.text:memchr)
                  0000c188    0000001c                                   : memory.c.obj (.text:free_list_remove)
                  0000c1a4    0000001c                                   : memccpy.c.obj (.text:memccpy)
                  0000c1c0    0000001a                                   : s_copysign.c.obj (.text:copysign)
                  0000c1da    00000018                                   : strcmp.c.obj (.text:strcmp)
                  0000c1f2    00000016                                   : strchr.c.obj (.text:strchr)
                  0000c208    00000014                                   : strcpy.c.obj (.text:strcpy)
                  0000c21c    00000014                                   : strlen.c.obj (.text:strlen)
                  0000c230    00000012                                   : wcslen.c.obj (.text:wcslen)
                  0000c242    0000000e                                   : copy_decompress_none.c.obj (.text:decompress:none:__TI_decompress_none)
                  0000c250    0000000e     startup_msp432p401r_ccs.obj (.text)
                  0000c25e    0000000c     rtsv7M4_T_le_v4SPD16_eabi.lib : copy_zero_init.c.obj (.text:decompress:ZI:__TI_zero_init)
                  0000c26a    00000002     --HOLE-- [fill = 0]
                  0000c26c    00000008                                   : errno.c.obj (.text:__aeabi_errno_addr)
                  0000c274    00000008                                   : memory.c.obj (.text:malloc)
                  0000c27c    00000004                                   : printf.c.obj (.text:_outc)
                  0000c280    00000004                                   : printf.c.obj (.text:_outs)
                  0000c284    00000004                                   : pre_init.c.obj (.text:_system_pre_init)
                  0000c288    00000004                                   : exit.c.obj (.text:abort:abort)

.const     0    0000c28c    00000741     
                  0000c28c    000001e0     Nokia5110.obj (.const:ASCII)
                  0000c46c    000001e0     SSD1306.obj (.const:ASCII)
                  0000c64c    000001b8     Lab7.obj (.const:fsm)
                  0000c804    00000101     rtsv7M4_T_le_v4SPD16_eabi.lib : ctype.c.obj (.const:.string:_ctypes_)
                  0000c905    00000003     SSD1306.obj (.const:.string:init4b)
                  0000c908    00000020     Reflectance.obj (.const:Mask)
                  0000c928    00000020     Reflectance.obj (.const:Weight)
                  0000c948    00000014     AP.obj (.const:.string:NPI_StartAdvertisement)
                  0000c95c    00000011     AP.obj (.const:.string:NPI_SetAdvertisement1)
                  0000c96d    00000009     AP.obj (.const:.string:HCI_EXT_ResetSystemCmd)
                  0000c976    00000008     Nokia5110.obj (.const:.string:Masks)
                  0000c97e    00000008     SSD1306.obj (.const:.string:postmask)
                  0000c986    00000008     SSD1306.obj (.const:.string:premask)
                  0000c98e    00000006     AP.obj (.const:.string:NPI_GetStatus)
                  0000c994    00000006     AP.obj (.const:.string:NPI_GetVersion)
                  0000c99a    00000006     AP.obj (.const:.string:NPI_Register)
                  0000c9a0    00000006     SSD1306.obj (.const:.string:init5)
                  0000c9a6    00000005     SSD1306.obj (.const:.string:dlist1)
                  0000c9ab    00000004     SSD1306.obj (.const:.string:init1)
                  0000c9af    00000004     SSD1306.obj (.const:.string:init2)
                  0000c9b3    00000004     SSD1306.obj (.const:.string:init3)
                  0000c9b7    00000003     SSD1306.obj (.const:.string:scrollList1b)
                  0000c9ba    00000003     SSD1306.obj (.const:.string:scrollList2b)
                  0000c9bd    00000002     SSD1306.obj (.const:.string:scrollList1a)
                  0000c9bf    00000002     SSD1306.obj (.const:.string:scrollList2a)
                  0000c9c1    00000002     SSD1306.obj (.const:.string:scrollList3a)
                  0000c9c3    00000002     SSD1306.obj (.const:.string:scrollList3b)
                  0000c9c5    00000002     SSD1306.obj (.const:.string:scrollList3c)
                  0000c9c7    00000002     SSD1306.obj (.const:.string:scrollList4a)
                  0000c9c9    00000002     SSD1306.obj (.const:.string:scrollList4b)
                  0000c9cb    00000002     SSD1306.obj (.const:.string:scrollList4c)

.cinit     0    0000c9d0    00000188     
                  0000c9d0    00000163     (.cinit..data.load) [load image, compression = lzss]
                  0000cb33    00000001     --HOLE-- [fill = 0]
                  0000cb34    0000000c     (__TI_handler_table)
                  0000cb40    00000008     (.cinit..bss.load) [load image, compression = zero_init]
                  0000cb48    00000010     (__TI_cinit_table)

.init_array 
*          0    00000000    00000000     UNINITIALIZED

.binit     0    00000000    00000000     

.bss       0    20000000    00003b39     UNINITIALIZED
                  20000000    00001000     (.common:x)
                  20001000    00001000     (.common:x2)
                  20002000    00001000     (.common:x3)
                  20003000    00000400     (.common:buffer)
                  20003400    000001f8     (.common:Screen)
                  200035f8    00000120     rtsv7M4_T_le_v4SPD16_eabi.lib : trgmsg.c.obj (.bss:_CIOBUF_)
                  20003718    00000100     (.common:RxFIFO)
                  20003818    000000a0     (.common:CharacteristicList)
                  200038b8    000000a0     (.common:__TI_tmpnams)
                  20003958    00000080     (.common:RecvBuf)
                  200039d8    00000050     (.common:NotifyCharacteristicList)
                  20003a28    00000014     (.common:LeftTach)
                  20003a3c    00000014     (.common:RightTach)
                  20003a50    00000008     (.common:Messageb)
                  20003a58    00000008     (.common:SensorData19)
                  20003a60    00000008     (.common:parmbuf)
                  20003a68    00000004     (.common:ADCflag)
                  20003a6c    00000004     (.common:Center17)
                  20003a70    00000004     (.common:Center19)
                  20003a74    00000004     (.common:ControllerFlag)
                  20003a78    00000004     (.common:Error)
                  20003a7c    00000004     (.common:I1)
                  20003a80    00000004     (.common:Input7)
                  20003a84    00000004     (.common:LPFSum)
                  20003a88    00000004     (.common:LPFSum2)
                  20003a8c    00000004     (.common:LPFSum3)
                  20003a90    00000004     (.common:Left)
                  20003a94    00000004     (.common:Left17)
                  20003a98    00000004     (.common:Left19)
                  20003a9c    00000004     (.common:LeftSteps)
                  20003aa0    00000004     (.common:Messageindexb)
                  20003aa4    00000004     (.common:NoSOFErr)
                  20003aa8    00000004     (.common:Output7)
                  20003aac    00000004     (.common:PeriodicTask2)
                  20003ab0    00000004     (.common:Position7)
                  20003ab4    00000004     (.common:Pt)
                  20003ab8    00000004     (.common:Pt2)
                  20003abc    00000004     (.common:Pt3)
                  20003ac0    00000004     (.common:Right)
                  20003ac4    00000004     (.common:Right17)
                  20003ac8    00000004     (.common:Right19)
                  20003acc    00000004     (.common:RightSteps)
                  20003ad0    00000004     (.common:RxFifoLost)
                  20003ad4    00000004     (.common:RxGetI)
                  20003ad8    00000004     (.common:RxPutI)
                  20003adc    00000004     (.common:Size)
                  20003ae0    00000004     (.common:Spt7)
                  20003ae4    00000004     (.common:Switch2)
                  20003ae8    00000004     (.common:TimeOutErr)
                  20003aec    00000004     (.common:TimerA1Task)
                  20003af0    00000004     (.common:UL)
                  20003af4    00000004     (.common:UR)
                  20003af8    00000004     (.common:fcserr)
                  20003afc    00000004     (.common:nc)
                  20003b00    00000004     (.common:nl)
                  20003b04    00000004     (.common:nr)
                  20003b08    00000004     (.common:rotation)
                  20003b0c    00000004     (.common:u1)
                  20003b10    00000004     (.common:u2)
                  20003b14    00000004     (.common:u3)
                  20003b18    00000004     (.common:vccstate)
                  20003b1c    00000002     (.common:ActualL)
                  20003b1e    00000002     (.common:ActualR)
                  20003b20    00000002     (.common:Left7)
                  20003b22    00000002     (.common:Right7)
                  20003b24    00000002     (.common:SpeedL7)
                  20003b26    00000002     (.common:StartX)
                  20003b28    00000002     (.common:StartY)
                  20003b2a    00000002     (.common:Switch1)
                  20003b2c    00000002     (.common:Tachometer_FirstLeftTime)
                  20003b2e    00000002     (.common:Tachometer_FirstRightTime)
                  20003b30    00000002     (.common:Tachometer_SecondLeftTime)
                  20003b32    00000002     (.common:Tachometer_SecondRightTime)
                  20003b34    00000001     (.common:LeftDir)
                  20003b35    00000001     (.common:LogicData)
                  20003b36    00000001     (.common:Reflectanceresult)
                  20003b37    00000001     (.common:RightDir)
                  20003b38    00000001     (.common:Sensor7)

.sysmem    0    20003b40    00000400     UNINITIALIZED
                  20003b40    00000010     rtsv7M4_T_le_v4SPD16_eabi.lib : memory.c.obj (.sysmem)
                  20003b50    000003f0     --HOLE--

.data      0    20003f40    000003a3     UNINITIALIZED
                  20003f40    000000f0     rtsv7M4_T_le_v4SPD16_eabi.lib : defs.c.obj (.data:_ftable)
                  20004030    00000078                                   : host_device.c.obj (.data:_device)
                  200040a8    00000050                                   : host_device.c.obj (.data:_stream)
                  200040f8    0000002c     Lab17.obj (.data)
                  20004124    00000025     AP.obj (.data:NPI_SetAdvertisementData)
                  20004149    00000020     AP.obj (.data:NPI_AddCharDescriptor)
                  20004169    0000001e     Lab19.obj (.data:NPI_SetAdvertisementDataJacki19)
                  20004187    0000001e     AP.obj (.data:NPI_SetAdvertisementDataJacki)
                  200041a5    0000001c     AP.obj (.data:NPI_GATTSetDeviceName)
                  200041c1    00000001     Lab12.obj (.data)
                  200041c2    00000001     main.obj (.data)
                  200041c3    00000001     --HOLE--
                  200041c4    00000018     Clock.obj (.data)
                  200041dc    00000015     Lab19.obj (.data:NPI_GATTSetDeviceNameJacki19)
                  200041f1    00000015     AP.obj (.data:NPI_GATTSetDeviceNameJacki)
                  20004206    00000015     AP.obj (.data:NPI_ReadConfirmation)
                  2000421b    00000014     AP.obj (.data:NPI_SendNotificationIndication)
                  2000422f    00000001     --HOLE--
                  20004230    00000010     rtsv7M4_T_le_v4SPD16_eabi.lib : defs.c.obj (.data)
                  20004240    0000000e     AP.obj (.data:NPI_AddCharValue)
                  2000424e    00000002     --HOLE--
                  20004250    0000000c     rtsv7M4_T_le_v4SPD16_eabi.lib : exit.c.obj (.data:$O1$$)
                  2000425c    0000000c     TA3InputCapture.obj (.data)
                  20004268    0000000c     TExaS.obj (.data)
                  20004274    0000000a     Tachometer.obj (.data)
                  2000427e    00000009     AP.obj (.data:NPI_AddService)
                  20004287    00000009     AP.obj (.data:NPI_CCCDUpdatedConfirmation)
                  20004290    00000009     AP.obj (.data:NPI_WriteConfirmation)
                  20004299    00000003     --HOLE--
                  2000429c    00000008     rtsv7M4_T_le_v4SPD16_eabi.lib : _lock.c.obj (.data:$O1$$)
                  200042a4    00000008                                   : memory.c.obj (.data:$O1$$)
                  200042ac    00000008     AP.obj (.data)
                  200042b4    00000008     Lab16.obj (.data)
                  200042bc    00000008     Lab19.obj (.data)
                  200042c4    00000004     Lab19.obj (.data:JackiSpeed)
                  200042c8    00000004     SSD1306.obj (.data)
                  200042cc    00000004     rtsv7M4_T_le_v4SPD16_eabi.lib : add_device.c.obj (.data)
                  200042d0    00000004                                   : errno.c.obj (.data)
                  200042d4    00000004                                   : fopen.c.obj (.data)
                  200042d8    00000004                                   : open.c.obj (.data)
                  200042dc    00000004     system_msp432p401r.obj (.data)
                  200042e0    00000003     Lab7.obj (.data)

.stack     0    2000fe00    00000200     UNINITIALIZED
                  2000fe00    00000004     rtsv7M4_T_le_v4SPD16_eabi.lib : boot_cortex_m.c.obj (.stack)
                  2000fe04    000001fc     --HOLE--

MODULE SUMMARY

       Module                        code    ro data   rw data
       ------                        ----    -------   -------
    ..\
       SSD1306.obj                   6040    544       2080   
       AP.obj                        4116    64        1236   
       Nokia5110.obj                 2940    488       1008   
       Lab19.obj                     3492    0         194    
       Lab16.obj                     2932    0         124    
       Lab17.obj                     2196    0         176    
       Lab12.obj                     2276    0         2      
       Lab7.obj                      1392    440       52     
       UART0.obj                     1760    0         24     
       ADC14.obj                     1168    0         0      
       PWM.obj                       1056    0         0      
       Reflectance.obj               456     64        2      
       TA3InputCapture.obj           468     0         24     
       Motor.obj                     396     0         0      
       Tachometer.obj                316     0         36     
       TimerA1.obj                   168     0         8      
       IRDistance.obj                124     0         0      
       Bump.obj                      120     0         0      
    +--+-----------------------------+-------+---------+---------+
       Total:                        31416   1600      4966   
                                                              
    .\
       LPF.obj                       928     0         24664  
       TExaS.obj                     1736    0         34     
       main.obj                      1572    0         2      
       UART1.obj                     420     0         536    
       system_msp432p401r.obj        812     0         8      
       Clock.obj                     480     0         48     
       LaunchPad.obj                 244     0         0      
       startup_msp432p401r_ccs.obj   14      228       0      
       GPIO.obj                      192     0         0      
       blinker.obj                   88      0         0      
       SysTickInts.obj               64      0         0      
       CortexM.obj                   36      0         0      
    +--+-----------------------------+-------+---------+---------+
       Total:                        6586    228       25292  
                                                              
    E:\ti\ccs900\ccs\tools\compiler\ti-cgt-arm_18.12.1.LTS\lib\rtsv7M4_T_le_v4SPD16_eabi.lib
       _printfi.c.obj                4851    0         0      
       defs.c.obj                    0       0         832    
       memory.c.obj                  676     0         16     
       trgmsg.c.obj                  108     0         576    
       fopen.c.obj                   528     0         8      
       fd_add_t2.asm.obj             438     0         0      
       host_device.c.obj             0       0         400    
       fd_div_t2.asm.obj             310     0         0      
       fputs.c.obj                   276     0         0      
       s_scalbn.c.obj                272     0         0      
       fd_cmp_t2.asm.obj             268     0         0      
       ctype.c.obj                   0       257       0      
       fd_mul_t2.asm.obj             252     0         0      
       setvbuf.c.obj                 220     0         0      
       open.c.obj                    188     0         8      
       add_device.c.obj              184     0         8      
       memcpy_t2.asm.obj             156     0         0      
       ull_div_t2.asm.obj            150     0         0      
       fputc.c.obj                   140     0         0      
       memset_t2.asm.obj             122     0         0      
       fclose.c.obj                  116     0         0      
       getdevice.c.obj               116     0         0      
       hostopen.c.obj                96      0         16     
       printf.c.obj                  112     0         0      
       copy_decompress_lzss.c.obj    104     0         0      
       hostlseek.c.obj               104     0         0      
       hostrename.c.obj              104     0         0      
       exit.c.obj                    76      0         24     
       fseek.c.obj                   100     0         0      
       s_frexp.c.obj                 100     0         0      
       _io_perm.c.obj                98      0         0      
       close.c.obj                   92      0         0      
       hostread.c.obj                88      0         0      
       hostwrite.c.obj               88      0         0      
       ltoa.c.obj                    84      0         0      
       atoi.c.obj                    76      0         0      
       fflush.c.obj                  76      0         0      
       fd_toi_t2.asm.obj             72      0         0      
       autoinit.c.obj                68      0         0      
       hostclose.c.obj               68      0         0      
       hostunlink.c.obj              68      0         0      
       strncpy.c.obj                 54      0         0      
       boot_cortex_m.c.obj           52      0         0      
       i_tofd_t2.asm.obj             46      0         0      
       unlink.c.obj                  44      0         0      
       lseek.c.obj                   40      0         0      
       write.c.obj                   40      0         0      
       memchr.c.obj                  32      0         0      
       memccpy.c.obj                 28      0         0      
       s_copysign.c.obj              26      0         0      
       strcmp.c.obj                  24      0         0      
       strchr.c.obj                  22      0         0      
       strcpy.c.obj                  20      0         0      
       strlen.c.obj                  20      0         0      
       _lock.c.obj                   2       0         16     
       wcslen.c.obj                  18      0         0      
       errno.c.obj                   8       0         8      
       copy_decompress_none.c.obj    14      0         0      
       copy_zero_init.c.obj          12      0         0      
       pre_init.c.obj                4       0         0      
       div0.asm.obj                  2       0         0      
    +--+-----------------------------+-------+---------+---------+
       Total:                        11553   257       1912   
                                                              
       Heap:                         0       0         2048   
       Stack:                        0       0         1024   
       Linker Generated:             0       391       0      
    +--+-----------------------------+-------+---------+---------+
       Grand Total:                  49555   2476      35242  


LINKER GENERATED COPY TABLES

__TI_cinit_table @ 0000cb48 records: 2, size/record: 8, table size: 16
	.data: load addr=0000c9d0, load size=00000163 bytes, run addr=20003f40, run size=000003a3 bytes, compression=lzss
	.bss: load addr=0000cb40, load size=00000008 bytes, run addr=20000000, run size=00003b39 bytes, compression=zero_init


LINKER GENERATED HANDLER TABLE

__TI_handler_table @ 0000cb34 records: 3, size/record: 4, table size: 12
	index: 0, handler: __TI_decompress_lzss
	index: 1, handler: __TI_decompress_none
	index: 2, handler: __TI_zero_init


GLOBAL SYMBOLS: SORTED ALPHABETICALLY BY Name 

address   name                                   
-------   ----                                   
000084e1  ADC0_InitSWTriggerCh12                 
00008325  ADC0_InitSWTriggerCh14                 
00008395  ADC0_InitSWTriggerCh17_14_16           
00008551  ADC0_InitSWTriggerCh19                 
00008445  ADC0_InitSWTriggerCh21_22_23           
000085e1  ADC0_InitSWTriggerCh23                 
00008229  ADC0_InitSWTriggerCh6                  
00008299  ADC0_InitSWTriggerCh67                 
0000c25d  ADC14_IRQHandler                       
00008531  ADC_In12                               
00008375  ADC_In14                               
00008405  ADC_In17_14_16                         
000085a1  ADC_In19                               
000084a1  ADC_In21_22_23                         
0000863d  ADC_In23                               
00008279  ADC_In6                                
000082ef  ADC_In67                               
000073d9  ADC_Init                               
20003a68  ADCflag                                
0000c25d  AES256_IRQHandler                      
00001edd  AP_AddCharacteristic                   
00002099  AP_AddNotifyCharacteristic             
00001e85  AP_AddService                          
000025ad  AP_BackgroundProcess                   
00001a21  AP_EchoReceived                        
000019b5  AP_EchoSendMessage                     
00001e6f  AP_GetNotifyCCCD                       
0000198b  AP_GetSize                             
00002481  AP_GetStatus                           
000024b9  AP_GetVersion                          
000018a5  AP_Init                                
00001c45  AP_RecvMessage                         
00001e21  AP_RecvStatus                          
00001ebd  AP_RegisterService                     
0000187d  AP_Reset                               
00001aa9  AP_SendMessage                         
00001e2f  AP_SendMessageResponse                 
000022c5  AP_SendNotification                    
000023c5  AP_StartAdvertisement                  
00002419  AP_StartAdvertisementJacki             
00002891  AP_StartAdvertisementJacki19           
20003b1c  ActualL                                
20003b1e  ActualR                                
00002c75  BLE_Init                               
0000baf5  Blinker_Init                           
0000bb1f  Blinker_Output                         
0000b561  Bump_Init                              
0000b595  Bump_Read                              
0000c25d  BusFault_Handler                       
00002c05  Button1                                
00002c1d  Button2                                
0000c289  C$$EXIT                                
0000bf2f  C$$IO$$                                
0000c25d  COMP_E0_IRQHandler                     
0000c25d  COMP_E1_IRQHandler                     
200041cc  CPMwait                                
0000c25d  CS_IRQHandler                          
2000425c  CaptureTask0                           
20004260  CaptureTask1                           
20004264  CaptureTask2                           
20003a6c  Center17                               
20003a70  Center19                               
0000b415  CenterConvert                          
200042ac  CharacteristicCount                    
20003818  CharacteristicList                     
00007cb9  CheckBump7                             
200041c4  ClockFrequency                         
00009569  Clock_Delay1ms                         
0000953f  Clock_Delay1us                         
0000952b  Clock_GetFreq                          
00009415  Clock_Init48MHz                        
20003a74  ControllerFlag                         
200041d8  Crystalstable                          
200041c2  CurrentOutputType                      
200042c8  CurrentX                               
200042ca  CurrentY                               
0000c25d  DMA_ERR_IRQHandler                     
0000c25d  DMA_INT0_IRQHandler                    
0000c25d  DMA_INT1_IRQHandler                    
0000c25d  DMA_INT2_IRQHandler                    
0000c25d  DMA_INT3_IRQHandler                    
0000c25d  DebugMon_Handler                       
0000c25d  Default_Handler                        
200042b4  DesiredL                               
200042b6  DesiredR                               
0000c145  DisableInterrupts                      
0000c25d  EUSCIA0_IRQHandler                     
0000c25d  EUSCIA1_IRQHandler                     
00009e41  EUSCIA2_IRQHandler                     
00009e41  EUSCIA2_IRQHandler                     
0000c25d  EUSCIA3_IRQHandler                     
0000c25d  EUSCIB0_IRQHandler                     
0000c25d  EUSCIB1_IRQHandler                     
0000c25d  EUSCIB2_IRQHandler                     
0000c25d  EUSCIB3_IRQHandler                     
0000c14b  EnableInterrupts                       
0000c15b  EndCritical                            
20003a78  Error                                  
0000c25d  FLCTL_IRQHandler                       
0000c25d  FPU_IRQHandler                         
0000acf5  GPIO_Init                              
0000c96d  HCI_EXT_ResetSystemCmd                 
0000bd71  HOSTclose                              
0000b6bd  HOSTlseek                              
0000b989  HOSTopen                               
0000ba45  HOSTread                               
0000b725  HOSTrename                             
0000bdb5  HOSTunlink                             
0000ba9d  HOSTwrite                              
0000c25d  HardFault_Handler                      
20003a7c  I1                                     
200041d4  IFlags                                 
00006059  IRsampling                             
00002d59  IRsampling19                           
20003a80  Input7                                 
200042bd  JackiBumpSensor                        
200042bc  JackiCommand                           
200042c4  JackiSpeed                             
20004100  Ki                                     
20004104  Kp                                     
000060af  LCDClear1                              
0000616b  LCDOut1                                
20003a84  LPFSum                                 
20003a88  LPFSum2                                
20003a8c  LPFSum3                                
00008bed  LPF_Calc                               
00008c95  LPF_Calc2                              
00008d59  LPF_Calc3                              
00008b2d  LPF_Calc_old                           
00008b8f  LPF_Init                               
00008c41  LPF_Init2                              
00008cf7  LPF_Init3                              
00008ad9  LPF_Init_old                           
0000a949  LaunchPad_Init                         
0000a9b9  LaunchPad_Input                        
0000a9d3  LaunchPad_LED                          
0000a9f1  LaunchPad_Output                       
20003a90  Left                                   
20003a94  Left17                                 
20003a98  Left19                                 
20003b20  Left7                                  
0000b3ed  LeftConvert                            
20003b34  LeftDir                                
200042b8  LeftDuty                               
20003a9c  LeftSteps                              
20003a28  LeftTach                               
00006fcd  LogicAnalyzer                          
00006fd7  LogicAnalyzer_P1                       
000070ad  LogicAnalyzer_P10                      
00006fe5  LogicAnalyzer_P2                       
000070bb  LogicAnalyzer_P27_P26_P82_P92_P104_P105
00006ff3  LogicAnalyzer_P2_7654                  
00007003  LogicAnalyzer_P3                       
00007011  LogicAnalyzer_P4                       
0000702f  LogicAnalyzer_P4_765320                
0000701f  LogicAnalyzer_P4_765432                
00007067  LogicAnalyzer_P5                       
000070f3  LogicAnalyzer_P55_P54_P27_P26_P37_P36  
00007075  LogicAnalyzer_P6                       
00007083  LogicAnalyzer_P7                       
00007091  LogicAnalyzer_P8                       
0000709f  LogicAnalyzer_P9                       
20003b35  LogicData                              
0000c908  Mask                                   
0000c976  Masks                                  
00008dc1  Median                                 
0000c25d  MemManage_Handler                      
20003a50  Messageb                               
20003aa0  Messageindexb                          
200040fc  Mode                                   
00009feb  Motor_Backward                         
00005e95  Motor_BackwardSimple                   
00009f23  Motor_Forward                          
00005e1d  Motor_ForwardSimple                    
00009ebd  Motor_Init                             
00005d2f  Motor_InitSimple                       
00009fa5  Motor_Left                             
00005f11  Motor_LeftSimple                       
00009f5f  Motor_Right                            
00005fa1  Motor_RightSimple                      
00009f0f  Motor_Stop                             
00005dd5  Motor_StopSimple                       
0000c25d  NMI_Handler                            
20004149  NPI_AddCharDescriptor                  
20004240  NPI_AddCharValue                       
2000427e  NPI_AddService                         
20004287  NPI_CCCDUpdatedConfirmation            
200041a5  NPI_GATTSetDeviceName                  
200041f1  NPI_GATTSetDeviceNameJacki             
200041dc  NPI_GATTSetDeviceNameJacki19           
0000c98e  NPI_GetStatus                          
0000c994  NPI_GetVersion                         
20004206  NPI_ReadConfirmation                   
0000c99a  NPI_Register                           
2000421b  NPI_SendNotificationIndication         
0000c95c  NPI_SetAdvertisement1                  
20004124  NPI_SetAdvertisementData               
20004187  NPI_SetAdvertisementDataJacki          
20004169  NPI_SetAdvertisementDataJacki19        
0000c948  NPI_StartAdvertisement                 
20004290  NPI_WriteConfirmation                  
20003aa4  NoSOFErr                               
00003edf  Nokia5110_Clear                        
00004129  Nokia5110_ClearBuffer                  
0000415d  Nokia5110_ClrPxl                       
00004153  Nokia5110_DisplayBuffer                
00003f0b  Nokia5110_DrawFullImage                
0000368b  Nokia5110_Init                         
00003735  Nokia5110_OutChar                      
00003d57  Nokia5110_OutHex7                      
000039a5  Nokia5110_OutSDec                      
00003c69  Nokia5110_OutSFix1                     
00003775  Nokia5110_OutString                    
00003793  Nokia5110_OutUDec                      
00003db5  Nokia5110_OutUDec16                    
00003e4d  Nokia5110_OutUDec2                     
00003bdb  Nokia5110_OutUFix1                     
00003d8d  Nokia5110_OutUHex7                     
00003f45  Nokia5110_PrintBMP                     
00003ea3  Nokia5110_SetCursor                    
00004183  Nokia5110_SetPxl                       
200042b0  NotifyCharacteristicCount              
200039d8  NotifyCharacteristicList               
00002963  OutValue                               
20003aa8  Output7                                
0000c25d  PCM_IRQHandler                         
0000c25d  PORT1_IRQHandler                       
0000c25d  PORT2_IRQHandler                       
0000c25d  PORT3_IRQHandler                       
0000c25d  PORT4_IRQHandler                       
0000c25d  PORT5_IRQHandler                       
0000c25d  PORT6_IRQHandler                       
0000c25d  PSS_IRQHandler                         
000087a3  PWM_Duty1                              
000087c3  PWM_Duty2                              
00008867  PWM_Duty3                              
00008887  PWM_Duty4                              
000086b9  PWM_Init1                              
0000871f  PWM_Init12                             
000087e3  PWM_Init34                             
000089cf  PWM_RobotArmDuty0                      
000089f5  PWM_RobotArmDuty1                      
00008a1b  PWM_RobotArmDuty2                      
000089ef  PWM_RobotArmGetDuty0                   
00008a15  PWM_RobotArmGetDuty1                   
00008a3b  PWM_RobotArmGetDuty2                   
000088a7  PWM_RobotArmInit                       
2000410c  PWMnominal                             
00005775  Pause12                                
0000650d  Pause17                                
0000c25d  PendSV_Handler                         
20003aac  PeriodicTask2                          
000071a1  PeriodicTask2_Init                     
0000721b  PeriodicTask2_Stop                     
20003ab0  Position7                              
200041d0  Postwait                               
200041c8  Prewait                                
20003ab4  Pt                                     
20003ab8  Pt2                                    
20003abc  Pt3                                    
0000c25d  RTC_C_IRQHandler                       
00002977  ReadCommand                            
00002bcd  ReadDistance                           
00002985  ReadJackiBumpSensor                    
00002b7d  ReadJackiSpeed                         
20003958  RecvBuf                                
00009a55  Reflectance_Center                     
00009afd  Reflectance_End                        
00009999  Reflectance_Init                       
00009a67  Reflectance_Position                   
000099fd  Reflectance_Read                       
00009acd  Reflectance_Start                      
20003b36  Reflectanceresult                      
0000c251  Reset_Handler                          
20003ac0  Right                                  
20003ac4  Right17                                
20003ac8  Right19                                
20003b22  Right7                                 
0000b43d  RightConvert                           
20003b37  RightDir                               
200042ba  RightDuty                              
20003acc  RightSteps                             
20003a3c  RightTach                              
000029a5  RunJacki                               
20003718  RxFIFO                                 
20003ad0  RxFifoLost                             
00009d71  RxFifo_Get                             
00009d19  RxFifo_Init                            
00009d2b  RxFifo_Put                             
20003ad4  RxGetI                                 
20003ad8  RxPutI                                 
00000549  SSD1306_Clear                          
00000509  SSD1306_ClearBuffer                    
00000f65  SSD1306_Dim                            
00000e1f  SSD1306_DisplayBuffer                  
00000409  SSD1306_DrawChar                       
000007e1  SSD1306_DrawFastHLine                  
00000a05  SSD1306_DrawFastVLine                  
0000059d  SSD1306_DrawFullImage                  
00000289  SSD1306_DrawPixel                      
000004bd  SSD1306_DrawString                     
00000e1b  SSD1306_GetBuffer                      
00000d1d  SSD1306_GetPixel                       
00000183  SSD1306_Init                           
00000f4f  SSD1306_InvertDisplay                  
00001011  SSD1306_OutChar                        
00001727  SSD1306_OutHex7                        
00001375  SSD1306_OutSDec                        
00001639  SSD1306_OutSFix1                       
00001137  SSD1306_OutString                      
00001191  SSD1306_OutUDec                        
00001785  SSD1306_OutUDec16                      
0000181d  SSD1306_OutUDec2                       
000015ab  SSD1306_OutUFix1                       
0000175d  SSD1306_OutUHex7                       
00000601  SSD1306_PrintBMP                       
00000f97  SSD1306_SetCursor                      
000008f3  SSD1306_drawFastHLineInternal          
00000b1d  SSD1306_drawFastVLineInternal          
00000f05  SSD1306_startscrolldiagleft            
00000ec1  SSD1306_startscrolldiagright           
00000e8b  SSD1306_startscrollleft                
00000e59  SSD1306_startscrollright               
00000f45  SSD1306_stopscroll                     
0000c25d  SVC_Handler                            
0000711d  Scope                                  
20003400  Screen                                 
20003b38  Sensor7                                
20003a58  SensorData19                           
20004108  SetPoint                               
20003adc  Size                                   
20003b24  SpeedL7                                
200042e0  SpeedR7                                
20003ae0  Spt7                                   
0000c151  StartCritical                          
20003b26  StartX                                 
20003b28  StartY                                 
20003b2a  Switch1                                
20003ae4  Switch2                                
00005c1f  SysTick12_Init                         
00005c5f  SysTick12_Wait                         
00005cf3  SysTick12_Wait10ms                     
000063b5  SysTick_Handler                        
000063b5  SysTick_Handler                        
0000be81  SysTick_Init                           
200042dc  SystemCoreClock                        
00008e79  SystemCoreClockUpdate                  
000090ed  SystemInit                             
0000720b  T32_INT1_IRQHandler                    
0000720b  T32_INT1_IRQHandler                    
0000c25d  T32_INT2_IRQHandler                    
0000c25d  T32_INTC_IRQHandler                    
0000c25d  TA0_0_IRQHandler                       
0000c25d  TA0_N_IRQHandler                       
0000b04f  TA1_0_IRQHandler                       
0000b04f  TA1_0_IRQHandler                       
0000c25d  TA1_N_IRQHandler                       
0000c25d  TA2_0_IRQHandler                       
0000c25d  TA2_N_IRQHandler                       
00009681  TA3_0_IRQHandler                       
00009681  TA3_0_IRQHandler                       
0000969b  TA3_N_IRQHandler                       
0000969b  TA3_N_IRQHandler                       
0000736d  TExaS_Clear0                           
00007379  TExaS_Clear1                           
0000738d  TExaS_Clear2                           
00007399  TExaS_Clear3                           
000073a5  TExaS_Clear4                           
000073a7  TExaS_Clear5                           
000073b3  TExaS_Clear6                           
0000749d  TExaS_Init                             
2000426c  TExaS_ScopeErrConflict                 
20004268  TExaS_ScopeErrLostData                 
20004270  TExaS_ScopeWrnReconfig                 
000072fb  TExaS_Set                              
00007313  TExaS_Set0                             
0000731f  TExaS_Set1                             
0000732b  TExaS_Set2                             
00007337  TExaS_Set3                             
00007343  TExaS_Set4                             
00007345  TExaS_Set5                             
0000735d  TExaS_Set6                             
00007629  TExaS_Stop                             
000072b1  TExaS_Task0                            
000072bd  TExaS_Task1                            
000072c9  TExaS_Task2                            
000072d5  TExaS_Task3                            
000072e1  TExaS_Task4                            
000072e3  TExaS_Task5                            
000072ef  TExaS_Task6                            
20003b2c  Tachometer_FirstLeftTime               
20003b2e  Tachometer_FirstRightTime              
0000a0ff  Tachometer_Get                         
0000a0d5  Tachometer_Init                        
2000427d  Tachometer_LeftDir                     
20004278  Tachometer_LeftSteps                   
2000427c  Tachometer_RightDir                    
20004274  Tachometer_RightSteps                  
20003b30  Tachometer_SecondLeftTime              
20003b32  Tachometer_SecondRightTime             
0000365f  Testcommandwrite                       
20003ae8  TimeOutErr                             
20003aec  TimerA1Task                            
0000afdd  TimerA1_Init                           
0000b03b  TimerA1_Stop                           
00009601  TimerA3Capture_Init01                  
000096db  TimerA3Capture_Init02                  
00006933  UART0_InChar                           
00006ddd  UART0_InString                         
0000697d  UART0_InUDec                           
00006c91  UART0_InUHex                           
000068ed  UART0_Init                             
00006f3f  UART0_Initprintf                       
00006943  UART0_OutChar                          
00006a31  UART0_OutSDec                          
0000695f  UART0_OutString                        
00006a01  UART0_OutUDec                          
00006ba5  UART0_OutUDec4                         
00006bed  UART0_OutUDec5                         
00006c1f  UART0_OutUFix1                         
00006c47  UART0_OutUFix2                         
00006d55  UART0_OutUHex                          
00006dc1  UART0_OutUHex2                         
00009e75  UART1_FinishOutput                     
00009e13  UART1_InChar                           
00009da7  UART1_InStatus                         
00009db7  UART1_Init                             
00009e25  UART1_OutChar                          
00009e57  UART1_OutString                        
00007285  UART_InChar                            
0000722b  UART_Init                              
00007295  UART_OutChar                           
20003af0  UL                                     
20003af4  UR                                     
0000c25d  UsageFault_Handler                     
4000480c  WDTCTL_SYM                             
0000c25d  WDT_A_IRQHandler                       
0000c163  WaitForInterrupt                       
0000c928  Weight                                 
00002b61  WriteCommand                           
00002ba5  WriteJackiSpeed                        
200035f8  __CIOBUF_                              
20010000  __STACK_END                            
00000200  __STACK_SIZE                           
00000400  __SYSMEM_SIZE                          
0000cb48  __TI_CINIT_Base                        
0000cb58  __TI_CINIT_Limit                       
0000cb34  __TI_Handler_Table_Base                
0000cb40  __TI_Handler_Table_Limit               
0000bdf9  __TI_auto_init_nobinit_nopinit         
0000bf71  __TI_cleanup                           
20004250  __TI_cleanup_ptr                       
0000b5d9  __TI_closefile                         
0000b78d  __TI_decompress_lzss                   
0000c243  __TI_decompress_none                   
0000bc49  __TI_doflush                           
20004254  __TI_dtors_ptr                         
20004258  __TI_enable_exit_profile_output        
20004230  __TI_ft_end                            
ffffffff  __TI_pprof_out_hndl                    
00004d25  __TI_printfi                           
ffffffff  __TI_prof_data_size                    
ffffffff  __TI_prof_data_start                   
0000bfa5  __TI_readmsg                           
00000000  __TI_static_base__                     
200038b8  __TI_tmpnams                           
0000bf01  __TI_writemsg                          
0000b925  __TI_wrt_ok                            
0000c25f  __TI_zero_init                         
0000b2e1  __aeabi_cdcmpeq                        
0000b2e1  __aeabi_cdcmple                        
0000b367  __aeabi_cdrcmple                       
0000bd29  __aeabi_d2iz                           
00009b6b  __aeabi_dadd                           
0000a2c1  __aeabi_ddiv                           
0000a84d  __aeabi_dmul                           
00009b61  __aeabi_dsub                           
0000c26d  __aeabi_errno_addr                     
0000c071  __aeabi_i2d                            
00009d17  __aeabi_idiv0                          
00009d17  __aeabi_ldiv0                          
0000b4e5  __aeabi_memclr                         
0000b4e5  __aeabi_memclr4                        
0000b4e5  __aeabi_memclr8                        
0000b121  __aeabi_memcpy                         
0000b121  __aeabi_memcpy4                        
0000b121  __aeabi_memcpy8                        
0000b4e7  __aeabi_memset                         
0000b4e7  __aeabi_memset4                        
0000b4e7  __aeabi_memset8                        
2000423c  __aeabi_stderr                         
20004234  __aeabi_stdin                          
20004238  __aeabi_stdout                         
0000b1bd  __aeabi_uldivmod                       
ffffffff  __binit__                              
ffffffff  __c_args__                             
UNDEFED   __mpu_init                             
2000fe00  __stack                                
0000bfd9  _c_int00_noargs                        
0000c804  _ctypes_                               
20004030  _device                                
20003f40  _ftable                                
2000429c  _lock                                  
00005773  _nop                                   
200040a8  _stream                                
20003b40  _sys_memory                            
UNDEFED   _system_post_cinit                     
0000c285  _system_pre_init                       
200042a0  _unlock                                
0000c289  abort                                  
0000ae71  add_device                             
0000aa3d  aligned_alloc                          
0000bc95  atoi                                   
000041b1  avg                                    
ffffffff  binit                                  
20003000  buffer                                 
0000b9e9  close                                  
0000c1c1  copysign                               
0000c1c1  copysignl                              
00009531  delay                                  
200042d0  errno                                  
0000bce1  exit                                   
20003af8  fcserr                                 
00006e71  ferror                                 
00006e57  fgetc                                  
0000c041  finddevice                             
0000b085  fopen                                  
0000b255  fputc                                  
0000a51d  fputs                                  
0000ab31  free                                   
0000c00d  freopen                                
0000b85d  frexp                                  
0000b85d  frexpl                                 
0000b8c1  fseek                                  
0000c64c  fsm                                    
0000be3d  getdevice                              
00000000  interruptVectors                       
0000a631  ldexp                                  
0000a631  ldexpl                                 
0000c0f5  lseek                                  
0000bba3  ltoa                                   
00007695  main                                   
0000582d  main12                                 
000041f3  main16                                 
000067c5  main17                                 
00002fad  main19                                 
00007df5  main7                                  
0000c275  malloc                                 
0000aa3d  memalign                               
0000c1a5  memccpy                                
0000c169  memchr                                 
0000b121  memcpy                                 
0000b4ed  memset                                 
20003afc  nc                                     
20003b00  nl                                     
20003b04  nr                                     
0000adb5  open                                   
00006d99  outnibble                              
20003a60  parmbuf                                
0000b7f5  printf                                 
0000b255  putc                                   
0000c0a1  remove                                 
20003b08  rotation                               
0000a631  scalbn                                 
0000a631  scalbnl                                
0000ac19  setvbuf                                
0000010f  ssd1306_Testcommandwrite               
0000013b  ssd1306_command                        
0000014b  ssd1306_command1                       
0000015b  ssd1306_commandList                    
0000c1f3  strchr                                 
0000c1db  strcmp                                 
0000c209  strcpy                                 
0000c21d  strlen                                 
0000bf39  strncpy                                
000095f5  ta3dummy                               
0000a08f  tachometerLeftInt                      
0000a049  tachometerRightInt                     
200042c0  time                                   
20003b0c  u1                                     
20003b10  u2                                     
20003b14  u3                                     
00006e97  uart_close                             
00006f15  uart_lseek                             
00006e87  uart_open                              
00006ea3  uart_read                              
00006f31  uart_rename                            
00006f25  uart_unlink                            
00006ed3  uart_write                             
0000c0a1  unlink                                 
20003b18  vccstate                               
0000c231  wcslen                                 
0000c11d  write                                  
20000000  x                                      
20001000  x2                                     
20002000  x3                                     


GLOBAL SYMBOLS: SORTED BY Symbol Address 

address   name                                   
-------   ----                                   
00000000  __TI_static_base__                     
00000000  interruptVectors                       
0000010f  ssd1306_Testcommandwrite               
0000013b  ssd1306_command                        
0000014b  ssd1306_command1                       
0000015b  ssd1306_commandList                    
00000183  SSD1306_Init                           
00000200  __STACK_SIZE                           
00000289  SSD1306_DrawPixel                      
00000400  __SYSMEM_SIZE                          
00000409  SSD1306_DrawChar                       
000004bd  SSD1306_DrawString                     
00000509  SSD1306_ClearBuffer                    
00000549  SSD1306_Clear                          
0000059d  SSD1306_DrawFullImage                  
00000601  SSD1306_PrintBMP                       
000007e1  SSD1306_DrawFastHLine                  
000008f3  SSD1306_drawFastHLineInternal          
00000a05  SSD1306_DrawFastVLine                  
00000b1d  SSD1306_drawFastVLineInternal          
00000d1d  SSD1306_GetPixel                       
00000e1b  SSD1306_GetBuffer                      
00000e1f  SSD1306_DisplayBuffer                  
00000e59  SSD1306_startscrollright               
00000e8b  SSD1306_startscrollleft                
00000ec1  SSD1306_startscrolldiagright           
00000f05  SSD1306_startscrolldiagleft            
00000f45  SSD1306_stopscroll                     
00000f4f  SSD1306_InvertDisplay                  
00000f65  SSD1306_Dim                            
00000f97  SSD1306_SetCursor                      
00001011  SSD1306_OutChar                        
00001137  SSD1306_OutString                      
00001191  SSD1306_OutUDec                        
00001375  SSD1306_OutSDec                        
000015ab  SSD1306_OutUFix1                       
00001639  SSD1306_OutSFix1                       
00001727  SSD1306_OutHex7                        
0000175d  SSD1306_OutUHex7                       
00001785  SSD1306_OutUDec16                      
0000181d  SSD1306_OutUDec2                       
0000187d  AP_Reset                               
000018a5  AP_Init                                
0000198b  AP_GetSize                             
000019b5  AP_EchoSendMessage                     
00001a21  AP_EchoReceived                        
00001aa9  AP_SendMessage                         
00001c45  AP_RecvMessage                         
00001e21  AP_RecvStatus                          
00001e2f  AP_SendMessageResponse                 
00001e6f  AP_GetNotifyCCCD                       
00001e85  AP_AddService                          
00001ebd  AP_RegisterService                     
00001edd  AP_AddCharacteristic                   
00002099  AP_AddNotifyCharacteristic             
000022c5  AP_SendNotification                    
000023c5  AP_StartAdvertisement                  
00002419  AP_StartAdvertisementJacki             
00002481  AP_GetStatus                           
000024b9  AP_GetVersion                          
000025ad  AP_BackgroundProcess                   
00002891  AP_StartAdvertisementJacki19           
00002963  OutValue                               
00002977  ReadCommand                            
00002985  ReadJackiBumpSensor                    
000029a5  RunJacki                               
00002b61  WriteCommand                           
00002b7d  ReadJackiSpeed                         
00002ba5  WriteJackiSpeed                        
00002bcd  ReadDistance                           
00002c05  Button1                                
00002c1d  Button2                                
00002c75  BLE_Init                               
00002d59  IRsampling19                           
00002fad  main19                                 
0000365f  Testcommandwrite                       
0000368b  Nokia5110_Init                         
00003735  Nokia5110_OutChar                      
00003775  Nokia5110_OutString                    
00003793  Nokia5110_OutUDec                      
000039a5  Nokia5110_OutSDec                      
00003bdb  Nokia5110_OutUFix1                     
00003c69  Nokia5110_OutSFix1                     
00003d57  Nokia5110_OutHex7                      
00003d8d  Nokia5110_OutUHex7                     
00003db5  Nokia5110_OutUDec16                    
00003e4d  Nokia5110_OutUDec2                     
00003ea3  Nokia5110_SetCursor                    
00003edf  Nokia5110_Clear                        
00003f0b  Nokia5110_DrawFullImage                
00003f45  Nokia5110_PrintBMP                     
00004129  Nokia5110_ClearBuffer                  
00004153  Nokia5110_DisplayBuffer                
0000415d  Nokia5110_ClrPxl                       
00004183  Nokia5110_SetPxl                       
000041b1  avg                                    
000041f3  main16                                 
00004d25  __TI_printfi                           
00005773  _nop                                   
00005775  Pause12                                
0000582d  main12                                 
00005c1f  SysTick12_Init                         
00005c5f  SysTick12_Wait                         
00005cf3  SysTick12_Wait10ms                     
00005d2f  Motor_InitSimple                       
00005dd5  Motor_StopSimple                       
00005e1d  Motor_ForwardSimple                    
00005e95  Motor_BackwardSimple                   
00005f11  Motor_LeftSimple                       
00005fa1  Motor_RightSimple                      
00006059  IRsampling                             
000060af  LCDClear1                              
0000616b  LCDOut1                                
000063b5  SysTick_Handler                        
000063b5  SysTick_Handler                        
0000650d  Pause17                                
000067c5  main17                                 
000068ed  UART0_Init                             
00006933  UART0_InChar                           
00006943  UART0_OutChar                          
0000695f  UART0_OutString                        
0000697d  UART0_InUDec                           
00006a01  UART0_OutUDec                          
00006a31  UART0_OutSDec                          
00006ba5  UART0_OutUDec4                         
00006bed  UART0_OutUDec5                         
00006c1f  UART0_OutUFix1                         
00006c47  UART0_OutUFix2                         
00006c91  UART0_InUHex                           
00006d55  UART0_OutUHex                          
00006d99  outnibble                              
00006dc1  UART0_OutUHex2                         
00006ddd  UART0_InString                         
00006e57  fgetc                                  
00006e71  ferror                                 
00006e87  uart_open                              
00006e97  uart_close                             
00006ea3  uart_read                              
00006ed3  uart_write                             
00006f15  uart_lseek                             
00006f25  uart_unlink                            
00006f31  uart_rename                            
00006f3f  UART0_Initprintf                       
00006fcd  LogicAnalyzer                          
00006fd7  LogicAnalyzer_P1                       
00006fe5  LogicAnalyzer_P2                       
00006ff3  LogicAnalyzer_P2_7654                  
00007003  LogicAnalyzer_P3                       
00007011  LogicAnalyzer_P4                       
0000701f  LogicAnalyzer_P4_765432                
0000702f  LogicAnalyzer_P4_765320                
00007067  LogicAnalyzer_P5                       
00007075  LogicAnalyzer_P6                       
00007083  LogicAnalyzer_P7                       
00007091  LogicAnalyzer_P8                       
0000709f  LogicAnalyzer_P9                       
000070ad  LogicAnalyzer_P10                      
000070bb  LogicAnalyzer_P27_P26_P82_P92_P104_P105
000070f3  LogicAnalyzer_P55_P54_P27_P26_P37_P36  
0000711d  Scope                                  
000071a1  PeriodicTask2_Init                     
0000720b  T32_INT1_IRQHandler                    
0000720b  T32_INT1_IRQHandler                    
0000721b  PeriodicTask2_Stop                     
0000722b  UART_Init                              
00007285  UART_InChar                            
00007295  UART_OutChar                           
000072b1  TExaS_Task0                            
000072bd  TExaS_Task1                            
000072c9  TExaS_Task2                            
000072d5  TExaS_Task3                            
000072e1  TExaS_Task4                            
000072e3  TExaS_Task5                            
000072ef  TExaS_Task6                            
000072fb  TExaS_Set                              
00007313  TExaS_Set0                             
0000731f  TExaS_Set1                             
0000732b  TExaS_Set2                             
00007337  TExaS_Set3                             
00007343  TExaS_Set4                             
00007345  TExaS_Set5                             
0000735d  TExaS_Set6                             
0000736d  TExaS_Clear0                           
00007379  TExaS_Clear1                           
0000738d  TExaS_Clear2                           
00007399  TExaS_Clear3                           
000073a5  TExaS_Clear4                           
000073a7  TExaS_Clear5                           
000073b3  TExaS_Clear6                           
000073d9  ADC_Init                               
0000749d  TExaS_Init                             
00007629  TExaS_Stop                             
00007695  main                                   
00007cb9  CheckBump7                             
00007df5  main7                                  
00008229  ADC0_InitSWTriggerCh6                  
00008279  ADC_In6                                
00008299  ADC0_InitSWTriggerCh67                 
000082ef  ADC_In67                               
00008325  ADC0_InitSWTriggerCh14                 
00008375  ADC_In14                               
00008395  ADC0_InitSWTriggerCh17_14_16           
00008405  ADC_In17_14_16                         
00008445  ADC0_InitSWTriggerCh21_22_23           
000084a1  ADC_In21_22_23                         
000084e1  ADC0_InitSWTriggerCh12                 
00008531  ADC_In12                               
00008551  ADC0_InitSWTriggerCh19                 
000085a1  ADC_In19                               
000085e1  ADC0_InitSWTriggerCh23                 
0000863d  ADC_In23                               
000086b9  PWM_Init1                              
0000871f  PWM_Init12                             
000087a3  PWM_Duty1                              
000087c3  PWM_Duty2                              
000087e3  PWM_Init34                             
00008867  PWM_Duty3                              
00008887  PWM_Duty4                              
000088a7  PWM_RobotArmInit                       
000089cf  PWM_RobotArmDuty0                      
000089ef  PWM_RobotArmGetDuty0                   
000089f5  PWM_RobotArmDuty1                      
00008a15  PWM_RobotArmGetDuty1                   
00008a1b  PWM_RobotArmDuty2                      
00008a3b  PWM_RobotArmGetDuty2                   
00008ad9  LPF_Init_old                           
00008b2d  LPF_Calc_old                           
00008b8f  LPF_Init                               
00008bed  LPF_Calc                               
00008c41  LPF_Init2                              
00008c95  LPF_Calc2                              
00008cf7  LPF_Init3                              
00008d59  LPF_Calc3                              
00008dc1  Median                                 
00008e79  SystemCoreClockUpdate                  
000090ed  SystemInit                             
00009415  Clock_Init48MHz                        
0000952b  Clock_GetFreq                          
00009531  delay                                  
0000953f  Clock_Delay1us                         
00009569  Clock_Delay1ms                         
000095f5  ta3dummy                               
00009601  TimerA3Capture_Init01                  
00009681  TA3_0_IRQHandler                       
00009681  TA3_0_IRQHandler                       
0000969b  TA3_N_IRQHandler                       
0000969b  TA3_N_IRQHandler                       
000096db  TimerA3Capture_Init02                  
00009999  Reflectance_Init                       
000099fd  Reflectance_Read                       
00009a55  Reflectance_Center                     
00009a67  Reflectance_Position                   
00009acd  Reflectance_Start                      
00009afd  Reflectance_End                        
00009b61  __aeabi_dsub                           
00009b6b  __aeabi_dadd                           
00009d17  __aeabi_idiv0                          
00009d17  __aeabi_ldiv0                          
00009d19  RxFifo_Init                            
00009d2b  RxFifo_Put                             
00009d71  RxFifo_Get                             
00009da7  UART1_InStatus                         
00009db7  UART1_Init                             
00009e13  UART1_InChar                           
00009e25  UART1_OutChar                          
00009e41  EUSCIA2_IRQHandler                     
00009e41  EUSCIA2_IRQHandler                     
00009e57  UART1_OutString                        
00009e75  UART1_FinishOutput                     
00009ebd  Motor_Init                             
00009f0f  Motor_Stop                             
00009f23  Motor_Forward                          
00009f5f  Motor_Right                            
00009fa5  Motor_Left                             
00009feb  Motor_Backward                         
0000a049  tachometerRightInt                     
0000a08f  tachometerLeftInt                      
0000a0d5  Tachometer_Init                        
0000a0ff  Tachometer_Get                         
0000a2c1  __aeabi_ddiv                           
0000a51d  fputs                                  
0000a631  ldexp                                  
0000a631  ldexpl                                 
0000a631  scalbn                                 
0000a631  scalbnl                                
0000a84d  __aeabi_dmul                           
0000a949  LaunchPad_Init                         
0000a9b9  LaunchPad_Input                        
0000a9d3  LaunchPad_LED                          
0000a9f1  LaunchPad_Output                       
0000aa3d  aligned_alloc                          
0000aa3d  memalign                               
0000ab31  free                                   
0000ac19  setvbuf                                
0000acf5  GPIO_Init                              
0000adb5  open                                   
0000ae71  add_device                             
0000afdd  TimerA1_Init                           
0000b03b  TimerA1_Stop                           
0000b04f  TA1_0_IRQHandler                       
0000b04f  TA1_0_IRQHandler                       
0000b085  fopen                                  
0000b121  __aeabi_memcpy                         
0000b121  __aeabi_memcpy4                        
0000b121  __aeabi_memcpy8                        
0000b121  memcpy                                 
0000b1bd  __aeabi_uldivmod                       
0000b255  fputc                                  
0000b255  putc                                   
0000b2e1  __aeabi_cdcmpeq                        
0000b2e1  __aeabi_cdcmple                        
0000b367  __aeabi_cdrcmple                       
0000b3ed  LeftConvert                            
0000b415  CenterConvert                          
0000b43d  RightConvert                           
0000b4e5  __aeabi_memclr                         
0000b4e5  __aeabi_memclr4                        
0000b4e5  __aeabi_memclr8                        
0000b4e7  __aeabi_memset                         
0000b4e7  __aeabi_memset4                        
0000b4e7  __aeabi_memset8                        
0000b4ed  memset                                 
0000b561  Bump_Init                              
0000b595  Bump_Read                              
0000b5d9  __TI_closefile                         
0000b6bd  HOSTlseek                              
0000b725  HOSTrename                             
0000b78d  __TI_decompress_lzss                   
0000b7f5  printf                                 
0000b85d  frexp                                  
0000b85d  frexpl                                 
0000b8c1  fseek                                  
0000b925  __TI_wrt_ok                            
0000b989  HOSTopen                               
0000b9e9  close                                  
0000ba45  HOSTread                               
0000ba9d  HOSTwrite                              
0000baf5  Blinker_Init                           
0000bb1f  Blinker_Output                         
0000bba3  ltoa                                   
0000bc49  __TI_doflush                           
0000bc95  atoi                                   
0000bce1  exit                                   
0000bd29  __aeabi_d2iz                           
0000bd71  HOSTclose                              
0000bdb5  HOSTunlink                             
0000bdf9  __TI_auto_init_nobinit_nopinit         
0000be3d  getdevice                              
0000be81  SysTick_Init                           
0000bf01  __TI_writemsg                          
0000bf2f  C$$IO$$                                
0000bf39  strncpy                                
0000bf71  __TI_cleanup                           
0000bfa5  __TI_readmsg                           
0000bfd9  _c_int00_noargs                        
0000c00d  freopen                                
0000c041  finddevice                             
0000c071  __aeabi_i2d                            
0000c0a1  remove                                 
0000c0a1  unlink                                 
0000c0f5  lseek                                  
0000c11d  write                                  
0000c145  DisableInterrupts                      
0000c14b  EnableInterrupts                       
0000c151  StartCritical                          
0000c15b  EndCritical                            
0000c163  WaitForInterrupt                       
0000c169  memchr                                 
0000c1a5  memccpy                                
0000c1c1  copysign                               
0000c1c1  copysignl                              
0000c1db  strcmp                                 
0000c1f3  strchr                                 
0000c209  strcpy                                 
0000c21d  strlen                                 
0000c231  wcslen                                 
0000c243  __TI_decompress_none                   
0000c251  Reset_Handler                          
0000c25d  ADC14_IRQHandler                       
0000c25d  AES256_IRQHandler                      
0000c25d  BusFault_Handler                       
0000c25d  COMP_E0_IRQHandler                     
0000c25d  COMP_E1_IRQHandler                     
0000c25d  CS_IRQHandler                          
0000c25d  DMA_ERR_IRQHandler                     
0000c25d  DMA_INT0_IRQHandler                    
0000c25d  DMA_INT1_IRQHandler                    
0000c25d  DMA_INT2_IRQHandler                    
0000c25d  DMA_INT3_IRQHandler                    
0000c25d  DebugMon_Handler                       
0000c25d  Default_Handler                        
0000c25d  EUSCIA0_IRQHandler                     
0000c25d  EUSCIA1_IRQHandler                     
0000c25d  EUSCIA3_IRQHandler                     
0000c25d  EUSCIB0_IRQHandler                     
0000c25d  EUSCIB1_IRQHandler                     
0000c25d  EUSCIB2_IRQHandler                     
0000c25d  EUSCIB3_IRQHandler                     
0000c25d  FLCTL_IRQHandler                       
0000c25d  FPU_IRQHandler                         
0000c25d  HardFault_Handler                      
0000c25d  MemManage_Handler                      
0000c25d  NMI_Handler                            
0000c25d  PCM_IRQHandler                         
0000c25d  PORT1_IRQHandler                       
0000c25d  PORT2_IRQHandler                       
0000c25d  PORT3_IRQHandler                       
0000c25d  PORT4_IRQHandler                       
0000c25d  PORT5_IRQHandler                       
0000c25d  PORT6_IRQHandler                       
0000c25d  PSS_IRQHandler                         
0000c25d  PendSV_Handler                         
0000c25d  RTC_C_IRQHandler                       
0000c25d  SVC_Handler                            
0000c25d  T32_INT2_IRQHandler                    
0000c25d  T32_INTC_IRQHandler                    
0000c25d  TA0_0_IRQHandler                       
0000c25d  TA0_N_IRQHandler                       
0000c25d  TA1_N_IRQHandler                       
0000c25d  TA2_0_IRQHandler                       
0000c25d  TA2_N_IRQHandler                       
0000c25d  UsageFault_Handler                     
0000c25d  WDT_A_IRQHandler                       
0000c25f  __TI_zero_init                         
0000c26d  __aeabi_errno_addr                     
0000c275  malloc                                 
0000c285  _system_pre_init                       
0000c289  C$$EXIT                                
0000c289  abort                                  
0000c64c  fsm                                    
0000c804  _ctypes_                               
0000c908  Mask                                   
0000c928  Weight                                 
0000c948  NPI_StartAdvertisement                 
0000c95c  NPI_SetAdvertisement1                  
0000c96d  HCI_EXT_ResetSystemCmd                 
0000c976  Masks                                  
0000c98e  NPI_GetStatus                          
0000c994  NPI_GetVersion                         
0000c99a  NPI_Register                           
0000cb34  __TI_Handler_Table_Base                
0000cb40  __TI_Handler_Table_Limit               
0000cb48  __TI_CINIT_Base                        
0000cb58  __TI_CINIT_Limit                       
20000000  x                                      
20001000  x2                                     
20002000  x3                                     
20003000  buffer                                 
20003400  Screen                                 
200035f8  __CIOBUF_                              
20003718  RxFIFO                                 
20003818  CharacteristicList                     
200038b8  __TI_tmpnams                           
20003958  RecvBuf                                
200039d8  NotifyCharacteristicList               
20003a28  LeftTach                               
20003a3c  RightTach                              
20003a50  Messageb                               
20003a58  SensorData19                           
20003a60  parmbuf                                
20003a68  ADCflag                                
20003a6c  Center17                               
20003a70  Center19                               
20003a74  ControllerFlag                         
20003a78  Error                                  
20003a7c  I1                                     
20003a80  Input7                                 
20003a84  LPFSum                                 
20003a88  LPFSum2                                
20003a8c  LPFSum3                                
20003a90  Left                                   
20003a94  Left17                                 
20003a98  Left19                                 
20003a9c  LeftSteps                              
20003aa0  Messageindexb                          
20003aa4  NoSOFErr                               
20003aa8  Output7                                
20003aac  PeriodicTask2                          
20003ab0  Position7                              
20003ab4  Pt                                     
20003ab8  Pt2                                    
20003abc  Pt3                                    
20003ac0  Right                                  
20003ac4  Right17                                
20003ac8  Right19                                
20003acc  RightSteps                             
20003ad0  RxFifoLost                             
20003ad4  RxGetI                                 
20003ad8  RxPutI                                 
20003adc  Size                                   
20003ae0  Spt7                                   
20003ae4  Switch2                                
20003ae8  TimeOutErr                             
20003aec  TimerA1Task                            
20003af0  UL                                     
20003af4  UR                                     
20003af8  fcserr                                 
20003afc  nc                                     
20003b00  nl                                     
20003b04  nr                                     
20003b08  rotation                               
20003b0c  u1                                     
20003b10  u2                                     
20003b14  u3                                     
20003b18  vccstate                               
20003b1c  ActualL                                
20003b1e  ActualR                                
20003b20  Left7                                  
20003b22  Right7                                 
20003b24  SpeedL7                                
20003b26  StartX                                 
20003b28  StartY                                 
20003b2a  Switch1                                
20003b2c  Tachometer_FirstLeftTime               
20003b2e  Tachometer_FirstRightTime              
20003b30  Tachometer_SecondLeftTime              
20003b32  Tachometer_SecondRightTime             
20003b34  LeftDir                                
20003b35  LogicData                              
20003b36  Reflectanceresult                      
20003b37  RightDir                               
20003b38  Sensor7                                
20003b40  _sys_memory                            
20003f40  _ftable                                
20004030  _device                                
200040a8  _stream                                
200040fc  Mode                                   
20004100  Ki                                     
20004104  Kp                                     
20004108  SetPoint                               
2000410c  PWMnominal                             
20004124  NPI_SetAdvertisementData               
20004149  NPI_AddCharDescriptor                  
20004169  NPI_SetAdvertisementDataJacki19        
20004187  NPI_SetAdvertisementDataJacki          
200041a5  NPI_GATTSetDeviceName                  
200041c2  CurrentOutputType                      
200041c4  ClockFrequency                         
200041c8  Prewait                                
200041cc  CPMwait                                
200041d0  Postwait                               
200041d4  IFlags                                 
200041d8  Crystalstable                          
200041dc  NPI_GATTSetDeviceNameJacki19           
200041f1  NPI_GATTSetDeviceNameJacki             
20004206  NPI_ReadConfirmation                   
2000421b  NPI_SendNotificationIndication         
20004230  __TI_ft_end                            
20004234  __aeabi_stdin                          
20004238  __aeabi_stdout                         
2000423c  __aeabi_stderr                         
20004240  NPI_AddCharValue                       
20004250  __TI_cleanup_ptr                       
20004254  __TI_dtors_ptr                         
20004258  __TI_enable_exit_profile_output        
2000425c  CaptureTask0                           
20004260  CaptureTask1                           
20004264  CaptureTask2                           
20004268  TExaS_ScopeErrLostData                 
2000426c  TExaS_ScopeErrConflict                 
20004270  TExaS_ScopeWrnReconfig                 
20004274  Tachometer_RightSteps                  
20004278  Tachometer_LeftSteps                   
2000427c  Tachometer_RightDir                    
2000427d  Tachometer_LeftDir                     
2000427e  NPI_AddService                         
20004287  NPI_CCCDUpdatedConfirmation            
20004290  NPI_WriteConfirmation                  
2000429c  _lock                                  
200042a0  _unlock                                
200042ac  CharacteristicCount                    
200042b0  NotifyCharacteristicCount              
200042b4  DesiredL                               
200042b6  DesiredR                               
200042b8  LeftDuty                               
200042ba  RightDuty                              
200042bc  JackiCommand                           
200042bd  JackiBumpSensor                        
200042c0  time                                   
200042c4  JackiSpeed                             
200042c8  CurrentX                               
200042ca  CurrentY                               
200042d0  errno                                  
200042dc  SystemCoreClock                        
200042e0  SpeedR7                                
2000fe00  __stack                                
20010000  __STACK_END                            
4000480c  WDTCTL_SYM                             
ffffffff  __TI_pprof_out_hndl                    
ffffffff  __TI_prof_data_size                    
ffffffff  __TI_prof_data_start                   
ffffffff  __binit__                              
ffffffff  __c_args__                             
ffffffff  binit                                  
UNDEFED   __mpu_init                             
UNDEFED   _system_post_cinit                     

[596 symbols]
