******************************************************************************
                  TI ARM Linker PC v18.12.1                    
******************************************************************************
>> Linked Wed Jul 31 21:53:01 2019

OUTPUT FILE NAME:   <Lab08_Switches_LED.out>
ENTRY POINT SYMBOL: "_c_int00_noargs"  address: 00001119


MEMORY CONFIGURATION

         name            origin    length      used     unused   attr    fill
----------------------  --------  ---------  --------  --------  ----  --------
  MAIN                  00000000   00040000  000011ba  0003ee46  R  X
  INFO                  00200000   00004000  00000000  00004000  R  X
  SRAM_CODE             01000000   00010000  0000048e  0000fb72  RW X
  SRAM_DATA             20000000   00010000  0000048e  0000fb72  RW  


SEGMENT ALLOCATION MAP

run origin  load origin   length   init length attrs members
----------  ----------- ---------- ----------- ----- -------
00000000    00000000    000011c0   000011c0    r-x
  00000000    00000000    000000e4   000000e4    r-- .intvecs
  000000e4    000000e4    0000109e   0000109e    r-x .text
  00001188    00001188    00000038   00000038    r-- .cinit
20000000    20000000    00000290   00000000    rw-
  20000000    20000000    0000025e   00000000    rw- .bss
  20000260    20000260    00000030   00000000    rw- .data
2000fe00    2000fe00    00000200   00000000    rw-
  2000fe00    2000fe00    00000200   00000000    rw- .stack


SECTION ALLOCATION MAP

 output                                  attributes/
section   page    origin      length       input sections
--------  ----  ----------  ----------   ----------------
.intvecs   0    00000000    000000e4     
                  00000000    000000e4     startup_msp432p401r_ccs.obj (.intvecs:retain)

.text      0    000000e4    0000109e     
                  000000e4    000006c8     TExaS.obj (.text)
                  000007ac    0000032c     system_msp432p401r.obj (.text)
                  00000ad8    00000318     Lab08_LED_Switchesmain.obj (.text)
                  00000df0    000001e0     Clock.obj (.text)
                  00000fd0    0000009c     rtsv7M4_T_le_v4SPD16_eabi.lib : memcpy_t2.asm.obj (.text)
                  0000106c    00000068                                   : copy_decompress_lzss.c.obj (.text:decompress:lzss:__TI_decompress_lzss)
                  000010d4    00000044                                   : autoinit.c.obj (.text:__TI_auto_init_nobinit_nopinit:__TI_auto_init_nobinit_nopinit)
                  00001118    00000034                                   : boot_cortex_m.c.obj (.text:_c_int00_noargs:_c_int00_noargs)
                  0000114c    00000012                                   : copy_zero_init.c.obj (.text:decompress:ZI:__TI_zero_init_nomemset:__TI_zero_init_nomemset)
                  0000115e    0000000e                                   : copy_decompress_none.c.obj (.text:decompress:none:__TI_decompress_none)
                  0000116c    0000000e     startup_msp432p401r_ccs.obj (.text)
                  0000117a    00000004     rtsv7M4_T_le_v4SPD16_eabi.lib : pre_init.c.obj (.text:_system_pre_init)
                  0000117e    00000004                                   : exit.c.obj (.text:abort:abort)

.cinit     0    00001188    00000038     
                  00001188    00000012     (.cinit..data.load) [load image, compression = lzss]
                  0000119a    00000002     --HOLE-- [fill = 0]
                  0000119c    0000000c     (__TI_handler_table)
                  000011a8    00000008     (.cinit..bss.load) [load image, compression = zero_init]
                  000011b0    00000010     (__TI_cinit_table)

.init_array 
*          0    00000000    00000000     UNINITIALIZED

.binit     0    00000000    00000000     

.bss       0    20000000    0000025e     UNINITIALIZED
                  20000000    00000190     (.common:TimeBuffer)
                  20000190    00000064     (.common:InputBuffer)
                  200001f4    00000064     (.common:OutputBuffer)
                  20000258    00000004     (.common:PeriodicTask2)
                  2000025c    00000001     (.common:LogicData)
                  2000025d    00000001     (.common:sensor)

.data      0    20000260    00000030     UNINITIALIZED
                  20000260    00000018     Clock.obj (.data)
                  20000278    0000000c     TExaS.obj (.data)
                  20000284    00000006     Lab08_LED_Switchesmain.obj (.data)
                  2000028a    00000002     --HOLE--
                  2000028c    00000004     system_msp432p401r.obj (.data)

.stack     0    2000fe00    00000200     UNINITIALIZED
                  2000fe00    00000004     rtsv7M4_T_le_v4SPD16_eabi.lib : boot_cortex_m.c.obj (.stack)
                  2000fe04    000001fc     --HOLE--

MODULE SUMMARY

       Module                        code   ro data   rw data
       ------                        ----   -------   -------
    .\
       Lab08_LED_Switchesmain.obj    792    0         1214   
       TExaS.obj                     1736   0         34     
       system_msp432p401r.obj        812    0         8      
       Clock.obj                     480    0         48     
       startup_msp432p401r_ccs.obj   14     228       0      
    +--+-----------------------------+------+---------+---------+
       Total:                        3834   228       1304   
                                                             
    E:\ti\ccs900\ccs\tools\compiler\ti-cgt-arm_18.12.1.LTS\lib\rtsv7M4_T_le_v4SPD16_eabi.lib
       memcpy_t2.asm.obj             156    0         0      
       copy_decompress_lzss.c.obj    104    0         0      
       autoinit.c.obj                68     0         0      
       boot_cortex_m.c.obj           52     0         0      
       copy_zero_init.c.obj          18     0         0      
       copy_decompress_none.c.obj    14     0         0      
       exit.c.obj                    4      0         0      
       pre_init.c.obj                4      0         0      
    +--+-----------------------------+------+---------+---------+
       Total:                        420    0         0      
                                                             
       Stack:                        0      0         1024   
       Linker Generated:             0      54        0      
    +--+-----------------------------+------+---------+---------+
       Grand Total:                  4254   282       2328   


LINKER GENERATED COPY TABLES

__TI_cinit_table @ 000011b0 records: 2, size/record: 8, table size: 16
	.data: load addr=00001188, load size=00000012 bytes, run addr=20000260, run size=00000030 bytes, compression=lzss
	.bss: load addr=000011a8, load size=00000008 bytes, run addr=20000000, run size=0000025e bytes, compression=zero_init


LINKER GENERATED HANDLER TABLE

__TI_handler_table @ 0000119c records: 3, size/record: 4, table size: 12
	index: 0, handler: __TI_decompress_lzss
	index: 1, handler: __TI_decompress_none
	index: 2, handler: __TI_zero_init


GLOBAL SYMBOLS: SORTED ALPHABETICALLY BY Name 

address   name                                   
-------   ----                                   
00001179  ADC14_IRQHandler                       
000004f1  ADC_Init                               
00001179  AES256_IRQHandler                      
00001179  BusFault_Handler                       
0000117f  C$$EXIT                                
00001179  COMP_E0_IRQHandler                     
00001179  COMP_E1_IRQHandler                     
20000268  CPMwait                                
00001179  CS_IRQHandler                          
20000260  ClockFrequency                         
00000f45  Clock_Delay1ms                         
00000f1b  Clock_Delay1us                         
00000f07  Clock_GetFreq                          
00000df1  Clock_Init48MHz                        
20000274  Crystalstable                          
00001179  DMA_ERR_IRQHandler                     
00001179  DMA_INT0_IRQHandler                    
00001179  DMA_INT1_IRQHandler                    
00001179  DMA_INT2_IRQHandler                    
00001179  DMA_INT3_IRQHandler                    
00001179  DebugMon_Handler                       
00001179  Default_Handler                        
00000c73  Dump                                   
20000284  DumpCnt                                
00001179  EUSCIA0_IRQHandler                     
00001179  EUSCIA1_IRQHandler                     
00001179  EUSCIA2_IRQHandler                     
00001179  EUSCIA3_IRQHandler                     
00001179  EUSCIB0_IRQHandler                     
00001179  EUSCIB1_IRQHandler                     
00001179  EUSCIB2_IRQHandler                     
00001179  EUSCIB3_IRQHandler                     
00001179  FLCTL_IRQHandler                       
00001179  FPU_IRQHandler                         
00001179  HardFault_Handler                      
20000270  IFlags                                 
20000190  InputBuffer                            
00000b73  LED_Init                               
00000b9f  LED_Off                                
00000b93  LED_On                                 
00000bab  LED_Toggle                             
20000288  LastIn                                 
20000289  LastOut                                
000000e5  LogicAnalyzer                          
000000ef  LogicAnalyzer_P1                       
000001c5  LogicAnalyzer_P10                      
000000fd  LogicAnalyzer_P2                       
000001d3  LogicAnalyzer_P27_P26_P82_P92_P104_P105
0000010b  LogicAnalyzer_P2_7654                  
0000011b  LogicAnalyzer_P3                       
00000129  LogicAnalyzer_P4                       
00000147  LogicAnalyzer_P4_765320                
00000137  LogicAnalyzer_P4_765432                
0000017f  LogicAnalyzer_P5                       
0000020b  LogicAnalyzer_P55_P54_P27_P26_P37_P36  
0000018d  LogicAnalyzer_P6                       
0000019b  LogicAnalyzer_P7                       
000001a9  LogicAnalyzer_P8                       
000001b7  LogicAnalyzer_P9                       
2000025c  LogicData                              
00001179  MemManage_Handler                      
00001179  NMI_Handler                            
200001f4  OutputBuffer                           
00001179  PCM_IRQHandler                         
00001179  PORT1_IRQHandler                       
00001179  PORT2_IRQHandler                       
00001179  PORT3_IRQHandler                       
00001179  PORT4_IRQHandler                       
00001179  PORT5_IRQHandler                       
00001179  PORT6_IRQHandler                       
00001179  PSS_IRQHandler                         
00001179  PendSV_Handler                         
20000258  PeriodicTask2                          
000002b9  PeriodicTask2_Init                     
00000333  PeriodicTask2_Stop                     
2000026c  Postwait                               
20000264  Prewait                                
00000ad9  Program8_1                             
00000b1f  Program8_2                             
00000bb7  Program8_3                             
00000bcb  Program8_4                             
00001179  RTC_C_IRQHandler                       
0000116d  Reset_Handler                          
00001179  SVC_Handler                            
00000235  Scope                                  
00000be7  Security_Init                          
00000c2f  Security_InputActivate                 
00000c39  Security_InputSensors                  
00000c45  Security_OutputAlarm                   
00000c65  Security_ToggleAlarm                   
00001179  SysTick_Handler                        
2000028c  SystemCoreClock                        
000007ad  SystemCoreClockUpdate                  
00000a21  SystemInit                             
00000323  T32_INT1_IRQHandler                    
00000323  T32_INT1_IRQHandler                    
00001179  T32_INT2_IRQHandler                    
00001179  T32_INTC_IRQHandler                    
00001179  TA0_0_IRQHandler                       
00001179  TA0_N_IRQHandler                       
00001179  TA1_0_IRQHandler                       
00001179  TA1_N_IRQHandler                       
00001179  TA2_0_IRQHandler                       
00001179  TA2_N_IRQHandler                       
00001179  TA3_0_IRQHandler                       
00001179  TA3_N_IRQHandler                       
00000485  TExaS_Clear0                           
00000491  TExaS_Clear1                           
000004a5  TExaS_Clear2                           
000004b1  TExaS_Clear3                           
000004bd  TExaS_Clear4                           
000004bf  TExaS_Clear5                           
000004cb  TExaS_Clear6                           
000005b5  TExaS_Init                             
2000027c  TExaS_ScopeErrConflict                 
20000278  TExaS_ScopeErrLostData                 
20000280  TExaS_ScopeWrnReconfig                 
00000413  TExaS_Set                              
0000042b  TExaS_Set0                             
00000437  TExaS_Set1                             
00000443  TExaS_Set2                             
0000044f  TExaS_Set3                             
0000045b  TExaS_Set4                             
0000045d  TExaS_Set5                             
00000475  TExaS_Set6                             
00000741  TExaS_Stop                             
000003c9  TExaS_Task0                            
000003d5  TExaS_Task1                            
000003e1  TExaS_Task2                            
000003ed  TExaS_Task3                            
000003f9  TExaS_Task4                            
000003fb  TExaS_Task5                            
00000407  TExaS_Task6                            
20000000  TimeBuffer                             
0000039d  UART_InChar                            
00000343  UART_Init                              
000003ad  UART_OutChar                           
00001179  UsageFault_Handler                     
4000480c  WDTCTL_SYM                             
00001179  WDT_A_IRQHandler                       
20010000  __STACK_END                            
00000200  __STACK_SIZE                           
000011b0  __TI_CINIT_Base                        
000011c0  __TI_CINIT_Limit                       
0000119c  __TI_Handler_Table_Base                
000011a8  __TI_Handler_Table_Limit               
000010d5  __TI_auto_init_nobinit_nopinit         
0000106d  __TI_decompress_lzss                   
0000115f  __TI_decompress_none                   
ffffffff  __TI_pprof_out_hndl                    
ffffffff  __TI_prof_data_size                    
ffffffff  __TI_prof_data_start                   
00000000  __TI_static_base__                     
0000114d  __TI_zero_init_nomemset                
00000fd1  __aeabi_memcpy                         
00000fd1  __aeabi_memcpy4                        
00000fd1  __aeabi_memcpy8                        
ffffffff  __binit__                              
ffffffff  __c_args__                             
UNDEFED   __mpu_init                             
2000fe00  __stack                                
00001119  _c_int00_noargs                        
UNDEFED   _system_post_cinit                     
0000117b  _system_pre_init                       
0000117f  abort                                  
ffffffff  binit                                  
00000f0d  delay                                  
00000000  interruptVectors                       
00000d43  main                                   
00000ce1  main1                                  
00000fd1  memcpy                                 
2000025d  sensor                                 


GLOBAL SYMBOLS: SORTED BY Symbol Address 

address   name                                   
-------   ----                                   
00000000  __TI_static_base__                     
00000000  interruptVectors                       
000000e5  LogicAnalyzer                          
000000ef  LogicAnalyzer_P1                       
000000fd  LogicAnalyzer_P2                       
0000010b  LogicAnalyzer_P2_7654                  
0000011b  LogicAnalyzer_P3                       
00000129  LogicAnalyzer_P4                       
00000137  LogicAnalyzer_P4_765432                
00000147  LogicAnalyzer_P4_765320                
0000017f  LogicAnalyzer_P5                       
0000018d  LogicAnalyzer_P6                       
0000019b  LogicAnalyzer_P7                       
000001a9  LogicAnalyzer_P8                       
000001b7  LogicAnalyzer_P9                       
000001c5  LogicAnalyzer_P10                      
000001d3  LogicAnalyzer_P27_P26_P82_P92_P104_P105
00000200  __STACK_SIZE                           
0000020b  LogicAnalyzer_P55_P54_P27_P26_P37_P36  
00000235  Scope                                  
000002b9  PeriodicTask2_Init                     
00000323  T32_INT1_IRQHandler                    
00000323  T32_INT1_IRQHandler                    
00000333  PeriodicTask2_Stop                     
00000343  UART_Init                              
0000039d  UART_InChar                            
000003ad  UART_OutChar                           
000003c9  TExaS_Task0                            
000003d5  TExaS_Task1                            
000003e1  TExaS_Task2                            
000003ed  TExaS_Task3                            
000003f9  TExaS_Task4                            
000003fb  TExaS_Task5                            
00000407  TExaS_Task6                            
00000413  TExaS_Set                              
0000042b  TExaS_Set0                             
00000437  TExaS_Set1                             
00000443  TExaS_Set2                             
0000044f  TExaS_Set3                             
0000045b  TExaS_Set4                             
0000045d  TExaS_Set5                             
00000475  TExaS_Set6                             
00000485  TExaS_Clear0                           
00000491  TExaS_Clear1                           
000004a5  TExaS_Clear2                           
000004b1  TExaS_Clear3                           
000004bd  TExaS_Clear4                           
000004bf  TExaS_Clear5                           
000004cb  TExaS_Clear6                           
000004f1  ADC_Init                               
000005b5  TExaS_Init                             
00000741  TExaS_Stop                             
000007ad  SystemCoreClockUpdate                  
00000a21  SystemInit                             
00000ad9  Program8_1                             
00000b1f  Program8_2                             
00000b73  LED_Init                               
00000b93  LED_On                                 
00000b9f  LED_Off                                
00000bab  LED_Toggle                             
00000bb7  Program8_3                             
00000bcb  Program8_4                             
00000be7  Security_Init                          
00000c2f  Security_InputActivate                 
00000c39  Security_InputSensors                  
00000c45  Security_OutputAlarm                   
00000c65  Security_ToggleAlarm                   
00000c73  Dump                                   
00000ce1  main1                                  
00000d43  main                                   
00000df1  Clock_Init48MHz                        
00000f07  Clock_GetFreq                          
00000f0d  delay                                  
00000f1b  Clock_Delay1us                         
00000f45  Clock_Delay1ms                         
00000fd1  __aeabi_memcpy                         
00000fd1  __aeabi_memcpy4                        
00000fd1  __aeabi_memcpy8                        
00000fd1  memcpy                                 
0000106d  __TI_decompress_lzss                   
000010d5  __TI_auto_init_nobinit_nopinit         
00001119  _c_int00_noargs                        
0000114d  __TI_zero_init_nomemset                
0000115f  __TI_decompress_none                   
0000116d  Reset_Handler                          
00001179  ADC14_IRQHandler                       
00001179  AES256_IRQHandler                      
00001179  BusFault_Handler                       
00001179  COMP_E0_IRQHandler                     
00001179  COMP_E1_IRQHandler                     
00001179  CS_IRQHandler                          
00001179  DMA_ERR_IRQHandler                     
00001179  DMA_INT0_IRQHandler                    
00001179  DMA_INT1_IRQHandler                    
00001179  DMA_INT2_IRQHandler                    
00001179  DMA_INT3_IRQHandler                    
00001179  DebugMon_Handler                       
00001179  Default_Handler                        
00001179  EUSCIA0_IRQHandler                     
00001179  EUSCIA1_IRQHandler                     
00001179  EUSCIA2_IRQHandler                     
00001179  EUSCIA3_IRQHandler                     
00001179  EUSCIB0_IRQHandler                     
00001179  EUSCIB1_IRQHandler                     
00001179  EUSCIB2_IRQHandler                     
00001179  EUSCIB3_IRQHandler                     
00001179  FLCTL_IRQHandler                       
00001179  FPU_IRQHandler                         
00001179  HardFault_Handler                      
00001179  MemManage_Handler                      
00001179  NMI_Handler                            
00001179  PCM_IRQHandler                         
00001179  PORT1_IRQHandler                       
00001179  PORT2_IRQHandler                       
00001179  PORT3_IRQHandler                       
00001179  PORT4_IRQHandler                       
00001179  PORT5_IRQHandler                       
00001179  PORT6_IRQHandler                       
00001179  PSS_IRQHandler                         
00001179  PendSV_Handler                         
00001179  RTC_C_IRQHandler                       
00001179  SVC_Handler                            
00001179  SysTick_Handler                        
00001179  T32_INT2_IRQHandler                    
00001179  T32_INTC_IRQHandler                    
00001179  TA0_0_IRQHandler                       
00001179  TA0_N_IRQHandler                       
00001179  TA1_0_IRQHandler                       
00001179  TA1_N_IRQHandler                       
00001179  TA2_0_IRQHandler                       
00001179  TA2_N_IRQHandler                       
00001179  TA3_0_IRQHandler                       
00001179  TA3_N_IRQHandler                       
00001179  UsageFault_Handler                     
00001179  WDT_A_IRQHandler                       
0000117b  _system_pre_init                       
0000117f  C$$EXIT                                
0000117f  abort                                  
0000119c  __TI_Handler_Table_Base                
000011a8  __TI_Handler_Table_Limit               
000011b0  __TI_CINIT_Base                        
000011c0  __TI_CINIT_Limit                       
20000000  TimeBuffer                             
20000190  InputBuffer                            
200001f4  OutputBuffer                           
20000258  PeriodicTask2                          
2000025c  LogicData                              
2000025d  sensor                                 
20000260  ClockFrequency                         
20000264  Prewait                                
20000268  CPMwait                                
2000026c  Postwait                               
20000270  IFlags                                 
20000274  Crystalstable                          
20000278  TExaS_ScopeErrLostData                 
2000027c  TExaS_ScopeErrConflict                 
20000280  TExaS_ScopeWrnReconfig                 
20000284  DumpCnt                                
20000288  LastIn                                 
20000289  LastOut                                
2000028c  SystemCoreClock                        
2000fe00  __stack                                
20010000  __STACK_END                            
4000480c  WDTCTL_SYM                             
ffffffff  __TI_pprof_out_hndl                    
ffffffff  __TI_prof_data_size                    
ffffffff  __TI_prof_data_start                   
ffffffff  __binit__                              
ffffffff  __c_args__                             
ffffffff  binit                                  
UNDEFED   __mpu_init                             
UNDEFED   _system_post_cinit                     

[172 symbols]
