******************************************************************************
                  TI ARM Linker PC v18.12.1                    
******************************************************************************
>> Linked Wed Jul 31 21:55:29 2019

OUTPUT FILE NAME:   <UART.out>
ENTRY POINT SYMBOL: "_c_int00_noargs"  address: 00003ad9


MEMORY CONFIGURATION

         name            origin    length      used     unused   attr    fill
----------------------  --------  ---------  --------  --------  ----  --------
  MAIN                  00000000   00040000  00003f05  0003c0fb  R  X
  INFO                  00200000   00004000  00000000  00004000  R  X
  SRAM_CODE             01000000   00010000  000009e4  0000f61c  RW X
  SRAM_DATA             20000000   00010000  000009e4  0000f61c  RW  


SEGMENT ALLOCATION MAP

run origin  load origin   length   init length attrs members
----------  ----------- ---------- ----------- ----- -------
00000000    00000000    00003f08   00003f08    r-x
  00000000    00000000    000000e4   000000e4    r-- .intvecs
  000000e4    000000e4    00003c88   00003c88    r-x .text
  00003d6c    00003d6c    00000101   00000101    r-- .const
  00003e70    00003e70    00000098   00000098    r-- .cinit
20000000    20000000    000007e4   00000000    rw-
  20000000    20000000    00000400   00000000    rw- .sysmem
  20000400    20000400    00000210   00000000    rw- .data
  20000610    20000610    000001d4   00000000    rw- .bss
2000fe00    2000fe00    00000200   00000000    rw-
  2000fe00    2000fe00    00000200   00000000    rw- .stack


SECTION ALLOCATION MAP

 output                                  attributes/
section   page    origin      length       input sections
--------  ----  ----------  ----------   ----------------
.intvecs   0    00000000    000000e4     
                  00000000    000000e4     startup_msp432p401r_ccs.obj (.intvecs:retain)

.text      0    000000e4    00003c88     
                  000000e4    00000a4e     rtsv7M4_T_le_v4SPD16_eabi.lib : _printfi.c.obj (.text:__TI_printfi)
                  00000b32    00000002                                   : _lock.c.obj (.text:_nop)
                  00000b34    000006e0     UART0.obj (.text)
                  00001214    0000032c     system_msp432p401r.obj (.text)
                  00001540    0000031c     UARTtestmain.obj (.text)
                  0000185c    00000270     rtsv7M4_T_le_v4SPD16_eabi.lib : _printfi.c.obj (.text:_pconv_a)
                  00001acc    000001e0     Clock.obj (.text)
                  00001cac    000001d0     rtsv7M4_T_le_v4SPD16_eabi.lib : _printfi.c.obj (.text:_pconv_g)
                  00001e7c    000001b6                                   : fd_add_t2.asm.obj (.text)
                  00002032    00000002                                   : div0.asm.obj (.text)
                  00002034    0000013c                                   : _printfi.c.obj (.text:_pconv_e)
                  00002170    00000136                                   : fd_div_t2.asm.obj (.text)
                  000022a6    00000002     --HOLE-- [fill = 0]
                  000022a8    00000124                                   : _printfi.c.obj (.text:fcvt)
                  000023cc    00000114                                   : fputs.c.obj (.text:fputs)
                  000024e0    00000110                                   : s_scalbn.c.obj (.text:scalbn)
                  000025f0    0000010c                                   : fopen.c.obj (.text:_openfile)
                  000026fc    000000fc                                   : fd_mul_t2.asm.obj (.text)
                  000027f8    000000f4                                   : memory.c.obj (.text:aligned_alloc)
                  000028ec    000000e8                                   : memory.c.obj (.text:free)
                  000029d4    000000dc                                   : setvbuf.c.obj (.text:setvbuf)
                  00002ab0    000000bc                                   : open.c.obj (.text:open)
                  00002b6c    000000b8                                   : add_device.c.obj (.text:add_device)
                  00002c24    000000b1                                   : _printfi.c.obj (.text:_ltostr)
                  00002cd5    00000003     --HOLE-- [fill = 0]
                  00002cd8    0000009c                                   : fopen.c.obj (.text:fopen)
                  00002d74    0000009c                                   : memcpy_t2.asm.obj (.text)
                  00002e10    00000096                                   : ull_div_t2.asm.obj (.text)
                  00002ea6    00000002     --HOLE-- [fill = 0]
                  00002ea8    0000008c                                   : fputc.c.obj (.text:fputc)
                  00002f34    00000086                                   : fd_cmp_t2.asm.obj (.text:__aeabi_cdcmple)
                  00002fba    00000086                                   : fd_cmp_t2.asm.obj (.text:__aeabi_cdrcmple)
                  00003040    0000007c                                   : memory.c.obj (.text:split)
                  000030bc    0000007a                                   : memset_t2.asm.obj (.text)
                  00003136    00000002     --HOLE-- [fill = 0]
                  00003138    00000074                                   : fclose.c.obj (.text:__TI_closefile)
                  000031ac    0000006e                                   : _printfi.c.obj (.text:_mcpy)
                  0000321a    00000002     --HOLE-- [fill = 0]
                  0000321c    00000068                                   : hostlseek.c.obj (.text:HOSTlseek)
                  00003284    00000068                                   : hostrename.c.obj (.text:HOSTrename)
                  000032ec    00000068                                   : copy_decompress_lzss.c.obj (.text:decompress:lzss:__TI_decompress_lzss)
                  00003354    00000068                                   : printf.c.obj (.text:printf)
                  000033bc    00000064                                   : s_frexp.c.obj (.text:frexp)
                  00003420    00000064                                   : fseek.c.obj (.text:fseek)
                  00003484    00000062                                   : _io_perm.c.obj (.text:__TI_wrt_ok)
                  000034e6    00000002     --HOLE-- [fill = 0]
                  000034e8    00000060                                   : hostopen.c.obj (.text:HOSTopen)
                  00003548    0000005c                                   : close.c.obj (.text:close)
                  000035a4    00000058                                   : hostread.c.obj (.text:HOSTread)
                  000035fc    00000058                                   : hostwrite.c.obj (.text:HOSTwrite)
                  00003654    00000056                                   : _printfi.c.obj (.text:_pconv_f)
                  000036aa    00000054                                   : ltoa.c.obj (.text:ltoa)
                  000036fe    00000052                                   : _printfi.c.obj (.text:_ecpy)
                  00003750    0000004c                                   : fflush.c.obj (.text:__TI_doflush)
                  0000379c    0000004c                                   : atoi.c.obj (.text:atoi)
                  000037e8    00000048                                   : exit.c.obj (.text:exit)
                  00003830    00000048                                   : fd_toi_t2.asm.obj (.text)
                  00003878    00000044                                   : hostclose.c.obj (.text:HOSTclose)
                  000038bc    00000044                                   : hostunlink.c.obj (.text:HOSTunlink)
                  00003900    00000044                                   : autoinit.c.obj (.text:__TI_auto_init_nobinit_nopinit:__TI_auto_init_nobinit_nopinit)
                  00003944    00000044                                   : getdevice.c.obj (.text:getdevice)
                  00003988    0000003e                                   : _printfi.c.obj (.text:_fcpy)
                  000039c6    00000002     --HOLE-- [fill = 0]
                  000039c8    00000038                                   : trgmsg.c.obj (.text:__TI_writemsg)
                  00003a00    00000038                                   : fs_tod_t2.asm.obj (.text)
                  00003a38    00000036                                   : strncpy.c.obj (.text:strncpy)
                  00003a6e    00000002     --HOLE-- [fill = 0]
                  00003a70    00000034                                   : fopen.c.obj (.text:__TI_cleanup)
                  00003aa4    00000034                                   : trgmsg.c.obj (.text:__TI_readmsg)
                  00003ad8    00000034                                   : boot_cortex_m.c.obj (.text:_c_int00_noargs:_c_int00_noargs)
                  00003b0c    00000034                                   : fopen.c.obj (.text:freopen)
                  00003b40    00000030                                   : getdevice.c.obj (.text:finddevice)
                  00003b70    0000002e                                   : i_tofd_t2.asm.obj (.text)
                  00003b9e    00000002     --HOLE-- [fill = 0]
                  00003ba0    0000002c                                   : unlink.c.obj (.text:unlink)
                  00003bcc    00000028                                   : memory.c.obj (.text:free_list_insert)
                  00003bf4    00000028                                   : lseek.c.obj (.text:lseek)
                  00003c1c    00000028                                   : write.c.obj (.text:write)
                  00003c44    00000020                                   : memchr.c.obj (.text:memchr)
                  00003c64    0000001c                                   : memory.c.obj (.text:free_list_remove)
                  00003c80    0000001c                                   : memccpy.c.obj (.text:memccpy)
                  00003c9c    0000001a                                   : s_copysign.c.obj (.text:copysign)
                  00003cb6    00000018                                   : strcmp.c.obj (.text:strcmp)
                  00003cce    00000016                                   : strchr.c.obj (.text:strchr)
                  00003ce4    00000014                                   : strcpy.c.obj (.text:strcpy)
                  00003cf8    00000014                                   : strlen.c.obj (.text:strlen)
                  00003d0c    00000012                                   : copy_zero_init.c.obj (.text:decompress:ZI:__TI_zero_init_nomemset:__TI_zero_init_nomemset)
                  00003d1e    00000012                                   : wcslen.c.obj (.text:wcslen)
                  00003d30    0000000e                                   : copy_decompress_none.c.obj (.text:decompress:none:__TI_decompress_none)
                  00003d3e    0000000e     startup_msp432p401r_ccs.obj (.text)
                  00003d4c    00000008     rtsv7M4_T_le_v4SPD16_eabi.lib : errno.c.obj (.text:__aeabi_errno_addr)
                  00003d54    00000008                                   : memory.c.obj (.text:malloc)
                  00003d5c    00000004                                   : printf.c.obj (.text:_outc)
                  00003d60    00000004                                   : printf.c.obj (.text:_outs)
                  00003d64    00000004                                   : pre_init.c.obj (.text:_system_pre_init)
                  00003d68    00000004                                   : exit.c.obj (.text:abort:abort)

.const     0    00003d6c    00000101     
                  00003d6c    00000101     rtsv7M4_T_le_v4SPD16_eabi.lib : ctype.c.obj (.const:.string:_ctypes_)

.cinit     0    00003e70    00000098     
                  00003e70    00000070     (.cinit..data.load) [load image, compression = lzss]
                  00003ee0    0000000c     (__TI_handler_table)
                  00003eec    00000004     --HOLE-- [fill = 0]
                  00003ef0    00000008     (.cinit..bss.load) [load image, compression = zero_init]
                  00003ef8    00000010     (__TI_cinit_table)

.init_array 
*          0    00000000    00000000     UNINITIALIZED

.binit     0    00000000    00000000     

.sysmem    0    20000000    00000400     UNINITIALIZED
                  20000000    00000010     rtsv7M4_T_le_v4SPD16_eabi.lib : memory.c.obj (.sysmem)
                  20000010    000003f0     --HOLE--

.data      0    20000400    00000210     UNINITIALIZED
                  20000400    000000f0     rtsv7M4_T_le_v4SPD16_eabi.lib : defs.c.obj (.data:_ftable)
                  200004f0    00000078                                   : host_device.c.obj (.data:_device)
                  20000568    00000050                                   : host_device.c.obj (.data:_stream)
                  200005b8    00000018     Clock.obj (.data)
                  200005d0    00000010     rtsv7M4_T_le_v4SPD16_eabi.lib : defs.c.obj (.data)
                  200005e0    0000000c                                   : exit.c.obj (.data:$O1$$)
                  200005ec    00000008                                   : _lock.c.obj (.data:$O1$$)
                  200005f4    00000008                                   : memory.c.obj (.data:$O1$$)
                  200005fc    00000004                                   : add_device.c.obj (.data)
                  20000600    00000004                                   : errno.c.obj (.data)
                  20000604    00000004                                   : fopen.c.obj (.data)
                  20000608    00000004                                   : open.c.obj (.data)
                  2000060c    00000004     system_msp432p401r.obj (.data)

.bss       0    20000610    000001d4     UNINITIALIZED
                  20000610    00000120     rtsv7M4_T_le_v4SPD16_eabi.lib : trgmsg.c.obj (.bss:_CIOBUF_)
                  20000730    000000a0     (.common:__TI_tmpnams)
                  200007d0    00000008     (.common:Messageb)
                  200007d8    00000008     (.common:parmbuf)
                  200007e0    00000004     (.common:Messageindexb)

.stack     0    2000fe00    00000200     UNINITIALIZED
                  2000fe00    00000004     rtsv7M4_T_le_v4SPD16_eabi.lib : boot_cortex_m.c.obj (.stack)
                  2000fe04    000001fc     --HOLE--

MODULE SUMMARY

       Module                        code    ro data   rw data
       ------                        ----    -------   -------
    ..\
       UART0.obj                     1760    0         24     
    +--+-----------------------------+-------+---------+---------+
       Total:                        1760    0         24     
                                                              
    .\
       system_msp432p401r.obj        812     0         8      
       UARTtestmain.obj              796     0         0      
       Clock.obj                     480     0         48     
       startup_msp432p401r_ccs.obj   14      228       0      
    +--+-----------------------------+-------+---------+---------+
       Total:                        2102    228       56     
                                                              
    E:\ti\ccs900\ccs\tools\compiler\ti-cgt-arm_18.12.1.LTS\lib\rtsv7M4_T_le_v4SPD16_eabi.lib
       _printfi.c.obj                4851    0         0      
       defs.c.obj                    0       0         832    
       memory.c.obj                  676     0         16     
       trgmsg.c.obj                  108     0         576    
       fopen.c.obj                   528     0         8      
       fd_add_t2.asm.obj             438     0         0      
       host_device.c.obj             0       0         400    
       fd_div_t2.asm.obj             310     0         0      
       fputs.c.obj                   276     0         0      
       s_scalbn.c.obj                272     0         0      
       fd_cmp_t2.asm.obj             268     0         0      
       ctype.c.obj                   0       257       0      
       fd_mul_t2.asm.obj             252     0         0      
       setvbuf.c.obj                 220     0         0      
       open.c.obj                    188     0         8      
       add_device.c.obj              184     0         8      
       memcpy_t2.asm.obj             156     0         0      
       ull_div_t2.asm.obj            150     0         0      
       fputc.c.obj                   140     0         0      
       memset_t2.asm.obj             122     0         0      
       fclose.c.obj                  116     0         0      
       getdevice.c.obj               116     0         0      
       hostopen.c.obj                96      0         16     
       printf.c.obj                  112     0         0      
       copy_decompress_lzss.c.obj    104     0         0      
       hostlseek.c.obj               104     0         0      
       hostrename.c.obj              104     0         0      
       exit.c.obj                    76      0         24     
       fseek.c.obj                   100     0         0      
       s_frexp.c.obj                 100     0         0      
       _io_perm.c.obj                98      0         0      
       close.c.obj                   92      0         0      
       hostread.c.obj                88      0         0      
       hostwrite.c.obj               88      0         0      
       ltoa.c.obj                    84      0         0      
       atoi.c.obj                    76      0         0      
       fflush.c.obj                  76      0         0      
       fd_toi_t2.asm.obj             72      0         0      
       autoinit.c.obj                68      0         0      
       hostclose.c.obj               68      0         0      
       hostunlink.c.obj              68      0         0      
       fs_tod_t2.asm.obj             56      0         0      
       strncpy.c.obj                 54      0         0      
       boot_cortex_m.c.obj           52      0         0      
       i_tofd_t2.asm.obj             46      0         0      
       unlink.c.obj                  44      0         0      
       lseek.c.obj                   40      0         0      
       write.c.obj                   40      0         0      
       memchr.c.obj                  32      0         0      
       memccpy.c.obj                 28      0         0      
       s_copysign.c.obj              26      0         0      
       strcmp.c.obj                  24      0         0      
       strchr.c.obj                  22      0         0      
       strcpy.c.obj                  20      0         0      
       strlen.c.obj                  20      0         0      
       _lock.c.obj                   2       0         16     
       copy_zero_init.c.obj          18      0         0      
       wcslen.c.obj                  18      0         0      
       errno.c.obj                   8       0         8      
       copy_decompress_none.c.obj    14      0         0      
       pre_init.c.obj                4       0         0      
       div0.asm.obj                  2       0         0      
    +--+-----------------------------+-------+---------+---------+
       Total:                        11615   257       1912   
                                                              
       Heap:                         0       0         2048   
       Stack:                        0       0         1024   
       Linker Generated:             0       148       0      
    +--+-----------------------------+-------+---------+---------+
       Grand Total:                  15477   633       5064   


LINKER GENERATED COPY TABLES

__TI_cinit_table @ 00003ef8 records: 2, size/record: 8, table size: 16
	.data: load addr=00003e70, load size=00000070 bytes, run addr=20000400, run size=00000210 bytes, compression=lzss
	.bss: load addr=00003ef0, load size=00000008 bytes, run addr=20000610, run size=000001d4 bytes, compression=zero_init


LINKER GENERATED HANDLER TABLE

__TI_handler_table @ 00003ee0 records: 3, size/record: 4, table size: 12
	index: 0, handler: __TI_decompress_lzss
	index: 1, handler: __TI_decompress_none
	index: 2, handler: __TI_zero_init


GLOBAL SYMBOLS: SORTED ALPHABETICALLY BY Name 

address   name                           
-------   ----                           
00003d4b  ADC14_IRQHandler               
00003d4b  AES256_IRQHandler              
00001541  BookExamples                   
00003d4b  BusFault_Handler               
00003d69  C$$EXIT                        
000039f7  C$$IO$$                        
00003d4b  COMP_E0_IRQHandler             
00003d4b  COMP_E1_IRQHandler             
200005c0  CPMwait                        
00003d4b  CS_IRQHandler                  
200005b8  ClockFrequency                 
00001c21  Clock_Delay1ms                 
00001bf7  Clock_Delay1us                 
00001be3  Clock_GetFreq                  
00001acd  Clock_Init48MHz                
200005cc  Crystalstable                  
00003d4b  DMA_ERR_IRQHandler             
00003d4b  DMA_INT0_IRQHandler            
00003d4b  DMA_INT1_IRQHandler            
00003d4b  DMA_INT2_IRQHandler            
00003d4b  DMA_INT3_IRQHandler            
00003d4b  DebugMon_Handler               
00003d4b  Default_Handler                
00003d4b  EUSCIA0_IRQHandler             
00003d4b  EUSCIA1_IRQHandler             
00003d4b  EUSCIA2_IRQHandler             
00003d4b  EUSCIA3_IRQHandler             
00003d4b  EUSCIB0_IRQHandler             
00003d4b  EUSCIB1_IRQHandler             
00003d4b  EUSCIB2_IRQHandler             
00003d4b  EUSCIB3_IRQHandler             
00003d4b  FLCTL_IRQHandler               
00003d4b  FPU_IRQHandler                 
00003879  HOSTclose                      
0000321d  HOSTlseek                      
000034e9  HOSTopen                       
000035a5  HOSTread                       
00003285  HOSTrename                     
000038bd  HOSTunlink                     
000035fd  HOSTwrite                      
00003d4b  HardFault_Handler              
200005c8  IFlags                         
00003d4b  MemManage_Handler              
200007d0  Messageb                       
200007e0  Messageindexb                  
00003d4b  NMI_Handler                    
00003d4b  PCM_IRQHandler                 
00003d4b  PORT1_IRQHandler               
00003d4b  PORT2_IRQHandler               
00003d4b  PORT3_IRQHandler               
00003d4b  PORT4_IRQHandler               
00003d4b  PORT5_IRQHandler               
00003d4b  PORT6_IRQHandler               
00003d4b  PSS_IRQHandler                 
00003d4b  PendSV_Handler                 
200005c4  Postwait                       
200005bc  Prewait                        
00003d4b  RTC_C_IRQHandler               
00003d3f  Reset_Handler                  
00003d4b  SVC_Handler                    
00003d4b  SysTick_Handler                
2000060c  SystemCoreClock                
00001215  SystemCoreClockUpdate          
00001489  SystemInit                     
00003d4b  T32_INT1_IRQHandler            
00003d4b  T32_INT2_IRQHandler            
00003d4b  T32_INTC_IRQHandler            
00003d4b  TA0_0_IRQHandler               
00003d4b  TA0_N_IRQHandler               
00003d4b  TA1_0_IRQHandler               
00003d4b  TA1_N_IRQHandler               
00003d4b  TA2_0_IRQHandler               
00003d4b  TA2_N_IRQHandler               
00003d4b  TA3_0_IRQHandler               
00003d4b  TA3_N_IRQHandler               
00000b7b  UART0_InChar                   
00001025  UART0_InString                 
00000bc5  UART0_InUDec                   
00000ed9  UART0_InUHex                   
00000b35  UART0_Init                     
00001187  UART0_Initprintf               
00000b8b  UART0_OutChar                  
00000c79  UART0_OutSDec                  
00000ba7  UART0_OutString                
00000c49  UART0_OutUDec                  
00000ded  UART0_OutUDec4                 
00000e35  UART0_OutUDec5                 
00000e67  UART0_OutUFix1                 
00000e8f  UART0_OutUFix2                 
00000f9d  UART0_OutUHex                  
00001009  UART0_OutUHex2                 
00003d4b  UsageFault_Handler             
4000480c  WDTCTL_SYM                     
00003d4b  WDT_A_IRQHandler               
20000610  __CIOBUF_                      
20010000  __STACK_END                    
00000200  __STACK_SIZE                   
00000400  __SYSMEM_SIZE                  
00003ef8  __TI_CINIT_Base                
00003f08  __TI_CINIT_Limit               
00003ee0  __TI_Handler_Table_Base        
00003eec  __TI_Handler_Table_Limit       
00003901  __TI_auto_init_nobinit_nopinit 
00003a71  __TI_cleanup                   
200005e0  __TI_cleanup_ptr               
00003139  __TI_closefile                 
000032ed  __TI_decompress_lzss           
00003d31  __TI_decompress_none           
00003751  __TI_doflush                   
200005e4  __TI_dtors_ptr                 
200005e8  __TI_enable_exit_profile_output
200005d0  __TI_ft_end                    
ffffffff  __TI_pprof_out_hndl            
000000e5  __TI_printfi                   
ffffffff  __TI_prof_data_size            
ffffffff  __TI_prof_data_start           
00003aa5  __TI_readmsg                   
00000000  __TI_static_base__             
20000730  __TI_tmpnams                   
000039c9  __TI_writemsg                  
00003485  __TI_wrt_ok                    
00003d0d  __TI_zero_init_nomemset        
00002f35  __aeabi_cdcmpeq                
00002f35  __aeabi_cdcmple                
00002fbb  __aeabi_cdrcmple               
00003831  __aeabi_d2iz                   
00001e87  __aeabi_dadd                   
00002171  __aeabi_ddiv                   
000026fd  __aeabi_dmul                   
00001e7d  __aeabi_dsub                   
00003d4d  __aeabi_errno_addr             
00003a01  __aeabi_f2d                    
00003b71  __aeabi_i2d                    
00002033  __aeabi_idiv0                  
00002033  __aeabi_ldiv0                  
000030bd  __aeabi_memclr                 
000030bd  __aeabi_memclr4                
000030bd  __aeabi_memclr8                
00002d75  __aeabi_memcpy                 
00002d75  __aeabi_memcpy4                
00002d75  __aeabi_memcpy8                
000030bf  __aeabi_memset                 
000030bf  __aeabi_memset4                
000030bf  __aeabi_memset8                
200005dc  __aeabi_stderr                 
200005d4  __aeabi_stdin                  
200005d8  __aeabi_stdout                 
00002e11  __aeabi_uldivmod               
ffffffff  __binit__                      
ffffffff  __c_args__                     
UNDEFED   __mpu_init                     
2000fe00  __stack                        
00003ad9  _c_int00_noargs                
00003d6c  _ctypes_                       
200004f0  _device                        
20000400  _ftable                        
200005ec  _lock                          
00000b33  _nop                           
20000568  _stream                        
20000000  _sys_memory                    
UNDEFED   _system_post_cinit             
00003d65  _system_pre_init               
200005f0  _unlock                        
00003d69  abort                          
00002b6d  add_device                     
000027f9  aligned_alloc                  
0000379d  atoi                           
ffffffff  binit                          
00003549  close                          
00003c9d  copysign                       
00003c9d  copysignl                      
00001be9  delay                          
20000600  errno                          
000037e9  exit                           
000010b9  ferror                         
0000109f  fgetc                          
00003b41  finddevice                     
00002cd9  fopen                          
00002ea9  fputc                          
000023cd  fputs                          
000028ed  free                           
00003b0d  freopen                        
000033bd  frexp                          
000033bd  frexpl                         
00003421  fseek                          
00003945  getdevice                      
00000000  interruptVectors               
000024e1  ldexp                          
000024e1  ldexpl                         
00003bf5  lseek                          
000036ab  ltoa                           
000015ef  main                           
00003d55  malloc                         
000027f9  memalign                       
00003c81  memccpy                        
00003c45  memchr                         
00002d75  memcpy                         
000030c5  memset                         
00002ab1  open                           
00000fe1  outnibble                      
200007d8  parmbuf                        
00003355  printf                         
00002ea9  putc                           
00003ba1  remove                         
000024e1  scalbn                         
000024e1  scalbnl                        
000029d5  setvbuf                        
00003ccf  strchr                         
00003cb7  strcmp                         
00003ce5  strcpy                         
00003cf9  strlen                         
00003a39  strncpy                        
000010df  uart_close                     
0000115d  uart_lseek                     
000010cf  uart_open                      
000010eb  uart_read                      
00001179  uart_rename                    
0000116d  uart_unlink                    
0000111b  uart_write                     
00003ba1  unlink                         
00003d1f  wcslen                         
00003c1d  write                          


GLOBAL SYMBOLS: SORTED BY Symbol Address 

address   name                           
-------   ----                           
00000000  __TI_static_base__             
00000000  interruptVectors               
000000e5  __TI_printfi                   
00000200  __STACK_SIZE                   
00000400  __SYSMEM_SIZE                  
00000b33  _nop                           
00000b35  UART0_Init                     
00000b7b  UART0_InChar                   
00000b8b  UART0_OutChar                  
00000ba7  UART0_OutString                
00000bc5  UART0_InUDec                   
00000c49  UART0_OutUDec                  
00000c79  UART0_OutSDec                  
00000ded  UART0_OutUDec4                 
00000e35  UART0_OutUDec5                 
00000e67  UART0_OutUFix1                 
00000e8f  UART0_OutUFix2                 
00000ed9  UART0_InUHex                   
00000f9d  UART0_OutUHex                  
00000fe1  outnibble                      
00001009  UART0_OutUHex2                 
00001025  UART0_InString                 
0000109f  fgetc                          
000010b9  ferror                         
000010cf  uart_open                      
000010df  uart_close                     
000010eb  uart_read                      
0000111b  uart_write                     
0000115d  uart_lseek                     
0000116d  uart_unlink                    
00001179  uart_rename                    
00001187  UART0_Initprintf               
00001215  SystemCoreClockUpdate          
00001489  SystemInit                     
00001541  BookExamples                   
000015ef  main                           
00001acd  Clock_Init48MHz                
00001be3  Clock_GetFreq                  
00001be9  delay                          
00001bf7  Clock_Delay1us                 
00001c21  Clock_Delay1ms                 
00001e7d  __aeabi_dsub                   
00001e87  __aeabi_dadd                   
00002033  __aeabi_idiv0                  
00002033  __aeabi_ldiv0                  
00002171  __aeabi_ddiv                   
000023cd  fputs                          
000024e1  ldexp                          
000024e1  ldexpl                         
000024e1  scalbn                         
000024e1  scalbnl                        
000026fd  __aeabi_dmul                   
000027f9  aligned_alloc                  
000027f9  memalign                       
000028ed  free                           
000029d5  setvbuf                        
00002ab1  open                           
00002b6d  add_device                     
00002cd9  fopen                          
00002d75  __aeabi_memcpy                 
00002d75  __aeabi_memcpy4                
00002d75  __aeabi_memcpy8                
00002d75  memcpy                         
00002e11  __aeabi_uldivmod               
00002ea9  fputc                          
00002ea9  putc                           
00002f35  __aeabi_cdcmpeq                
00002f35  __aeabi_cdcmple                
00002fbb  __aeabi_cdrcmple               
000030bd  __aeabi_memclr                 
000030bd  __aeabi_memclr4                
000030bd  __aeabi_memclr8                
000030bf  __aeabi_memset                 
000030bf  __aeabi_memset4                
000030bf  __aeabi_memset8                
000030c5  memset                         
00003139  __TI_closefile                 
0000321d  HOSTlseek                      
00003285  HOSTrename                     
000032ed  __TI_decompress_lzss           
00003355  printf                         
000033bd  frexp                          
000033bd  frexpl                         
00003421  fseek                          
00003485  __TI_wrt_ok                    
000034e9  HOSTopen                       
00003549  close                          
000035a5  HOSTread                       
000035fd  HOSTwrite                      
000036ab  ltoa                           
00003751  __TI_doflush                   
0000379d  atoi                           
000037e9  exit                           
00003831  __aeabi_d2iz                   
00003879  HOSTclose                      
000038bd  HOSTunlink                     
00003901  __TI_auto_init_nobinit_nopinit 
00003945  getdevice                      
000039c9  __TI_writemsg                  
000039f7  C$$IO$$                        
00003a01  __aeabi_f2d                    
00003a39  strncpy                        
00003a71  __TI_cleanup                   
00003aa5  __TI_readmsg                   
00003ad9  _c_int00_noargs                
00003b0d  freopen                        
00003b41  finddevice                     
00003b71  __aeabi_i2d                    
00003ba1  remove                         
00003ba1  unlink                         
00003bf5  lseek                          
00003c1d  write                          
00003c45  memchr                         
00003c81  memccpy                        
00003c9d  copysign                       
00003c9d  copysignl                      
00003cb7  strcmp                         
00003ccf  strchr                         
00003ce5  strcpy                         
00003cf9  strlen                         
00003d0d  __TI_zero_init_nomemset        
00003d1f  wcslen                         
00003d31  __TI_decompress_none           
00003d3f  Reset_Handler                  
00003d4b  ADC14_IRQHandler               
00003d4b  AES256_IRQHandler              
00003d4b  BusFault_Handler               
00003d4b  COMP_E0_IRQHandler             
00003d4b  COMP_E1_IRQHandler             
00003d4b  CS_IRQHandler                  
00003d4b  DMA_ERR_IRQHandler             
00003d4b  DMA_INT0_IRQHandler            
00003d4b  DMA_INT1_IRQHandler            
00003d4b  DMA_INT2_IRQHandler            
00003d4b  DMA_INT3_IRQHandler            
00003d4b  DebugMon_Handler               
00003d4b  Default_Handler                
00003d4b  EUSCIA0_IRQHandler             
00003d4b  EUSCIA1_IRQHandler             
00003d4b  EUSCIA2_IRQHandler             
00003d4b  EUSCIA3_IRQHandler             
00003d4b  EUSCIB0_IRQHandler             
00003d4b  EUSCIB1_IRQHandler             
00003d4b  EUSCIB2_IRQHandler             
00003d4b  EUSCIB3_IRQHandler             
00003d4b  FLCTL_IRQHandler               
00003d4b  FPU_IRQHandler                 
00003d4b  HardFault_Handler              
00003d4b  MemManage_Handler              
00003d4b  NMI_Handler                    
00003d4b  PCM_IRQHandler                 
00003d4b  PORT1_IRQHandler               
00003d4b  PORT2_IRQHandler               
00003d4b  PORT3_IRQHandler               
00003d4b  PORT4_IRQHandler               
00003d4b  PORT5_IRQHandler               
00003d4b  PORT6_IRQHandler               
00003d4b  PSS_IRQHandler                 
00003d4b  PendSV_Handler                 
00003d4b  RTC_C_IRQHandler               
00003d4b  SVC_Handler                    
00003d4b  SysTick_Handler                
00003d4b  T32_INT1_IRQHandler            
00003d4b  T32_INT2_IRQHandler            
00003d4b  T32_INTC_IRQHandler            
00003d4b  TA0_0_IRQHandler               
00003d4b  TA0_N_IRQHandler               
00003d4b  TA1_0_IRQHandler               
00003d4b  TA1_N_IRQHandler               
00003d4b  TA2_0_IRQHandler               
00003d4b  TA2_N_IRQHandler               
00003d4b  TA3_0_IRQHandler               
00003d4b  TA3_N_IRQHandler               
00003d4b  UsageFault_Handler             
00003d4b  WDT_A_IRQHandler               
00003d4d  __aeabi_errno_addr             
00003d55  malloc                         
00003d65  _system_pre_init               
00003d69  C$$EXIT                        
00003d69  abort                          
00003d6c  _ctypes_                       
00003ee0  __TI_Handler_Table_Base        
00003eec  __TI_Handler_Table_Limit       
00003ef8  __TI_CINIT_Base                
00003f08  __TI_CINIT_Limit               
20000000  _sys_memory                    
20000400  _ftable                        
200004f0  _device                        
20000568  _stream                        
200005b8  ClockFrequency                 
200005bc  Prewait                        
200005c0  CPMwait                        
200005c4  Postwait                       
200005c8  IFlags                         
200005cc  Crystalstable                  
200005d0  __TI_ft_end                    
200005d4  __aeabi_stdin                  
200005d8  __aeabi_stdout                 
200005dc  __aeabi_stderr                 
200005e0  __TI_cleanup_ptr               
200005e4  __TI_dtors_ptr                 
200005e8  __TI_enable_exit_profile_output
200005ec  _lock                          
200005f0  _unlock                        
20000600  errno                          
2000060c  SystemCoreClock                
20000610  __CIOBUF_                      
20000730  __TI_tmpnams                   
200007d0  Messageb                       
200007d8  parmbuf                        
200007e0  Messageindexb                  
2000fe00  __stack                        
20010000  __STACK_END                    
4000480c  WDTCTL_SYM                     
ffffffff  __TI_pprof_out_hndl            
ffffffff  __TI_prof_data_size            
ffffffff  __TI_prof_data_start           
ffffffff  __binit__                      
ffffffff  __c_args__                     
ffffffff  binit                          
UNDEFED   __mpu_init                     
UNDEFED   _system_post_cinit             

[222 symbols]
