******************************************************************************
                  TI ARM Linker PC v18.12.1                    
******************************************************************************
>> Linked Wed Jul 31 21:52:14 2019

OUTPUT FILE NAME:   <Competition_Distance.out>
ENTRY POINT SYMBOL: "_c_int00_noargs"  address: 0000688d


MEMORY CONFIGURATION

         name            origin    length      used     unused   attr    fill
----------------------  --------  ---------  --------  --------  ----  --------
  MAIN                  00000000   00040000  00006f41  000390bf  R  X
  INFO                  00200000   00004000  00000000  00004000  R  X
  SRAM_CODE             01000000   00010000  00003e78  0000c188  RW X
  SRAM_DATA             20000000   00010000  00003e78  0000c188  RW  


SEGMENT ALLOCATION MAP

run origin  load origin   length   init length attrs members
----------  ----------- ---------- ----------- ----- -------
00000000    00000000    00006f48   00006f48    r-x
  00000000    00000000    000000e4   000000e4    r-- .intvecs
  000000e4    000000e4    00006a5c   00006a5c    r-x .text
  00006b40    00006b40    00000361   00000361    r-- .const
  00006ea8    00006ea8    000000a0   000000a0    r-- .cinit
20000000    20000000    00003c7c   00000000    rw-
  20000000    20000000    0000364c   00000000    rw- .bss
  20003650    20003650    00000400   00000000    rw- .sysmem
  20003a50    20003a50    0000022c   00000000    rw- .data
2000fe00    2000fe00    00000200   00000000    rw-
  2000fe00    2000fe00    00000200   00000000    rw- .stack


SECTION ALLOCATION MAP

 output                                  attributes/
section   page    origin      length       input sections
--------  ----  ----------  ----------   ----------------
.intvecs   0    00000000    000000e4     
                  00000000    000000e4     startup_msp432p401r_ccs.obj (.intvecs:retain)

.text      0    000000e4    00006a5c     
                  000000e4    00001798     SSD1306.obj (.text)
                  0000187c    00000a4e     rtsv7M4_T_le_v4SPD16_eabi.lib : _printfi.c.obj (.text:__TI_printfi)
                  000022ca    00000002                                   : _lock.c.obj (.text:_nop)
                  000022cc    000006e0     UART0.obj (.text)
                  000029ac    00000490     ADC14.obj (.text)
                  00002e3c    00000420     PWM.obj (.text)
                  0000325c    000003e4     Robotmain.obj (.text)
                  00003640    000003a0     LPF.obj (.text)
                  000039e0    00000334     system_msp432p401r.obj (.text)
                  00003d14    00000270     rtsv7M4_T_le_v4SPD16_eabi.lib : _printfi.c.obj (.text:_pconv_a)
                  00003f84    000001e0     Clock.obj (.text)
                  00004164    000001d4     TA3InputCapture.obj (.text)
                  00004338    000001d0     rtsv7M4_T_le_v4SPD16_eabi.lib : _printfi.c.obj (.text:_pconv_g)
                  00004508    000001c8     Reflectance.obj (.text)
                  000046d0    000001b6     rtsv7M4_T_le_v4SPD16_eabi.lib : fd_add_t2.asm.obj (.text)
                  00004886    00000002                                   : div0.asm.obj (.text)
                  00004888    0000018c     Motor.obj (.text)
                  00004a14    0000013c     Tachometer.obj (.text)
                  00004b50    0000013c     rtsv7M4_T_le_v4SPD16_eabi.lib : _printfi.c.obj (.text:_pconv_e)
                  00004c8c    00000136                                   : fd_div_t2.asm.obj (.text)
                  00004dc2    00000002     --HOLE-- [fill = 0]
                  00004dc4    00000124                                   : _printfi.c.obj (.text:fcvt)
                  00004ee8    00000114                                   : fputs.c.obj (.text:fputs)
                  00004ffc    00000110                                   : s_scalbn.c.obj (.text:scalbn)
                  0000510c    0000010c                                   : fopen.c.obj (.text:_openfile)
                  00005218    000000fc                                   : fd_mul_t2.asm.obj (.text)
                  00005314    000000f4     LaunchPad.obj (.text)
                  00005408    000000f4     rtsv7M4_T_le_v4SPD16_eabi.lib : memory.c.obj (.text:aligned_alloc)
                  000054fc    000000e8                                   : memory.c.obj (.text:free)
                  000055e4    000000dc                                   : setvbuf.c.obj (.text:setvbuf)
                  000056c0    000000bc                                   : open.c.obj (.text:open)
                  0000577c    000000b8                                   : add_device.c.obj (.text:add_device)
                  00005834    000000b1                                   : _printfi.c.obj (.text:_ltostr)
                  000058e5    00000003     --HOLE-- [fill = 0]
                  000058e8    000000a8     TimerA1.obj (.text)
                  00005990    0000009c     rtsv7M4_T_le_v4SPD16_eabi.lib : fopen.c.obj (.text:fopen)
                  00005a2c    0000009c                                   : memcpy_t2.asm.obj (.text)
                  00005ac8    00000096                                   : ull_div_t2.asm.obj (.text)
                  00005b5e    00000002     --HOLE-- [fill = 0]
                  00005b60    0000008c                                   : fputc.c.obj (.text:fputc)
                  00005bec    00000086                                   : fd_cmp_t2.asm.obj (.text:__aeabi_cdcmple)
                  00005c72    00000086                                   : fd_cmp_t2.asm.obj (.text:__aeabi_cdrcmple)
                  00005cf8    0000007c     IRDistance.obj (.text)
                  00005d74    0000007c     rtsv7M4_T_le_v4SPD16_eabi.lib : memory.c.obj (.text:split)
                  00005df0    0000007a                                   : memset_t2.asm.obj (.text)
                  00005e6a    00000002     --HOLE-- [fill = 0]
                  00005e6c    00000078     Bump.obj (.text)
                  00005ee4    00000074     rtsv7M4_T_le_v4SPD16_eabi.lib : fclose.c.obj (.text:__TI_closefile)
                  00005f58    0000006e                                   : _printfi.c.obj (.text:_mcpy)
                  00005fc6    00000002     --HOLE-- [fill = 0]
                  00005fc8    00000068                                   : hostlseek.c.obj (.text:HOSTlseek)
                  00006030    00000068                                   : hostrename.c.obj (.text:HOSTrename)
                  00006098    00000068                                   : copy_decompress_lzss.c.obj (.text:decompress:lzss:__TI_decompress_lzss)
                  00006100    00000068                                   : printf.c.obj (.text:printf)
                  00006168    00000064                                   : s_frexp.c.obj (.text:frexp)
                  000061cc    00000064                                   : fseek.c.obj (.text:fseek)
                  00006230    00000062                                   : _io_perm.c.obj (.text:__TI_wrt_ok)
                  00006292    00000002     --HOLE-- [fill = 0]
                  00006294    00000060                                   : hostopen.c.obj (.text:HOSTopen)
                  000062f4    0000005c                                   : close.c.obj (.text:close)
                  00006350    00000058                                   : hostread.c.obj (.text:HOSTread)
                  000063a8    00000058                                   : hostwrite.c.obj (.text:HOSTwrite)
                  00006400    00000056                                   : _printfi.c.obj (.text:_pconv_f)
                  00006456    00000054                                   : ltoa.c.obj (.text:ltoa)
                  000064aa    00000052                                   : _printfi.c.obj (.text:_ecpy)
                  000064fc    0000004c                                   : fflush.c.obj (.text:__TI_doflush)
                  00006548    0000004c                                   : atoi.c.obj (.text:atoi)
                  00006594    00000048                                   : exit.c.obj (.text:exit)
                  000065dc    00000048                                   : fd_toi_t2.asm.obj (.text)
                  00006624    00000044                                   : hostclose.c.obj (.text:HOSTclose)
                  00006668    00000044                                   : hostunlink.c.obj (.text:HOSTunlink)
                  000066ac    00000044                                   : autoinit.c.obj (.text:__TI_auto_init_nobinit_nopinit:__TI_auto_init_nobinit_nopinit)
                  000066f0    00000044                                   : getdevice.c.obj (.text:getdevice)
                  00006734    00000040     SysTickInts.obj (.text)
                  00006774    0000003e     rtsv7M4_T_le_v4SPD16_eabi.lib : _printfi.c.obj (.text:_fcpy)
                  000067b2    00000002     --HOLE-- [fill = 0]
                  000067b4    00000038                                   : trgmsg.c.obj (.text:__TI_writemsg)
                  000067ec    00000036                                   : strncpy.c.obj (.text:strncpy)
                  00006822    00000002     --HOLE-- [fill = 0]
                  00006824    00000034                                   : fopen.c.obj (.text:__TI_cleanup)
                  00006858    00000034                                   : trgmsg.c.obj (.text:__TI_readmsg)
                  0000688c    00000034                                   : boot_cortex_m.c.obj (.text:_c_int00_noargs:_c_int00_noargs)
                  000068c0    00000034                                   : fopen.c.obj (.text:freopen)
                  000068f4    00000030                                   : getdevice.c.obj (.text:finddevice)
                  00006924    0000002e                                   : i_tofd_t2.asm.obj (.text)
                  00006952    00000002     --HOLE-- [fill = 0]
                  00006954    0000002c                                   : unlink.c.obj (.text:unlink)
                  00006980    00000028                                   : memory.c.obj (.text:free_list_insert)
                  000069a8    00000028                                   : lseek.c.obj (.text:lseek)
                  000069d0    00000028                                   : write.c.obj (.text:write)
                  000069f8    00000024     CortexM.obj (.text)
                  00006a1c    00000020     rtsv7M4_T_le_v4SPD16_eabi.lib : memchr.c.obj (.text:memchr)
                  00006a3c    0000001c                                   : memory.c.obj (.text:free_list_remove)
                  00006a58    0000001c                                   : memccpy.c.obj (.text:memccpy)
                  00006a74    0000001a                                   : s_copysign.c.obj (.text:copysign)
                  00006a8e    00000018                                   : strcmp.c.obj (.text:strcmp)
                  00006aa6    00000016                                   : strchr.c.obj (.text:strchr)
                  00006abc    00000014                                   : strcpy.c.obj (.text:strcpy)
                  00006ad0    00000014                                   : strlen.c.obj (.text:strlen)
                  00006ae4    00000012                                   : wcslen.c.obj (.text:wcslen)
                  00006af6    0000000e                                   : copy_decompress_none.c.obj (.text:decompress:none:__TI_decompress_none)
                  00006b04    0000000e     startup_msp432p401r_ccs.obj (.text)
                  00006b12    0000000c     rtsv7M4_T_le_v4SPD16_eabi.lib : copy_zero_init.c.obj (.text:decompress:ZI:__TI_zero_init)
                  00006b1e    00000002     --HOLE-- [fill = 0]
                  00006b20    00000008                                   : errno.c.obj (.text:__aeabi_errno_addr)
                  00006b28    00000008                                   : memory.c.obj (.text:malloc)
                  00006b30    00000004                                   : printf.c.obj (.text:_outc)
                  00006b34    00000004                                   : printf.c.obj (.text:_outs)
                  00006b38    00000004                                   : pre_init.c.obj (.text:_system_pre_init)
                  00006b3c    00000004                                   : exit.c.obj (.text:abort:abort)

.const     0    00006b40    00000361     
                  00006b40    000001e0     SSD1306.obj (.const:ASCII)
                  00006d20    00000101     rtsv7M4_T_le_v4SPD16_eabi.lib : ctype.c.obj (.const:.string:_ctypes_)
                  00006e21    00000003     SSD1306.obj (.const:.string:init4b)
                  00006e24    00000020     Reflectance.obj (.const:Mask)
                  00006e44    00000020     Reflectance.obj (.const:Weight)
                  00006e64    00000008     SSD1306.obj (.const:.string:postmask)
                  00006e6c    00000008     SSD1306.obj (.const:.string:premask)
                  00006e74    00000006     SSD1306.obj (.const:.string:init5)
                  00006e7a    00000005     SSD1306.obj (.const:.string:dlist1)
                  00006e7f    00000004     SSD1306.obj (.const:.string:init1)
                  00006e83    00000004     SSD1306.obj (.const:.string:init2)
                  00006e87    00000004     SSD1306.obj (.const:.string:init3)
                  00006e8b    00000003     SSD1306.obj (.const:.string:scrollList1b)
                  00006e8e    00000003     SSD1306.obj (.const:.string:scrollList2b)
                  00006e91    00000002     SSD1306.obj (.const:.string:scrollList1a)
                  00006e93    00000002     SSD1306.obj (.const:.string:scrollList2a)
                  00006e95    00000002     SSD1306.obj (.const:.string:scrollList3a)
                  00006e97    00000002     SSD1306.obj (.const:.string:scrollList3b)
                  00006e99    00000002     SSD1306.obj (.const:.string:scrollList3c)
                  00006e9b    00000002     SSD1306.obj (.const:.string:scrollList4a)
                  00006e9d    00000002     SSD1306.obj (.const:.string:scrollList4b)
                  00006e9f    00000002     SSD1306.obj (.const:.string:scrollList4c)

.cinit     0    00006ea8    000000a0     
                  00006ea8    0000007b     (.cinit..data.load) [load image, compression = lzss]
                  00006f23    00000001     --HOLE-- [fill = 0]
                  00006f24    0000000c     (__TI_handler_table)
                  00006f30    00000008     (.cinit..bss.load) [load image, compression = zero_init]
                  00006f38    00000010     (__TI_cinit_table)

.init_array 
*          0    00000000    00000000     UNINITIALIZED

.binit     0    00000000    00000000     

.bss       0    20000000    0000364c     UNINITIALIZED
                  20000000    00001000     (.common:x)
                  20001000    00001000     (.common:x2)
                  20002000    00001000     (.common:x3)
                  20003000    00000400     (.common:buffer)
                  20003400    00000120     rtsv7M4_T_le_v4SPD16_eabi.lib : trgmsg.c.obj (.bss:_CIOBUF_)
                  20003520    000000a0     (.common:__TI_tmpnams)
                  200035c0    00000008     (.common:Messageb)
                  200035c8    00000008     (.common:parmbuf)
                  200035d0    00000004     (.common:Center)
                  200035d4    00000004     (.common:I1)
                  200035d8    00000004     (.common:LPFSum)
                  200035dc    00000004     (.common:LPFSum2)
                  200035e0    00000004     (.common:LPFSum3)
                  200035e4    00000004     (.common:Left)
                  200035e8    00000004     (.common:LeftSteps)
                  200035ec    00000004     (.common:Messageindexb)
                  200035f0    00000004     (.common:Position)
                  200035f4    00000004     (.common:Pt)
                  200035f8    00000004     (.common:Pt2)
                  200035fc    00000004     (.common:Pt3)
                  20003600    00000004     (.common:Right)
                  20003604    00000004     (.common:RightSteps)
                  20003608    00000004     (.common:Size)
                  2000360c    00000004     (.common:Time)
                  20003610    00000004     (.common:TimerA1Task)
                  20003614    00000004     (.common:nc)
                  20003618    00000004     (.common:nl)
                  2000361c    00000004     (.common:nr)
                  20003620    00000004     (.common:rotation)
                  20003624    00000004     (.common:u1)
                  20003628    00000004     (.common:u2)
                  2000362c    00000004     (.common:u3)
                  20003630    00000004     (.common:vccstate)
                  20003634    00000002     (.common:LeftSpeed)
                  20003636    00000002     (.common:LeftTach)
                  20003638    00000002     (.common:RightSpeed)
                  2000363a    00000002     (.common:RightTach)
                  2000363c    00000002     (.common:StartX)
                  2000363e    00000002     (.common:StartY)
                  20003640    00000002     (.common:Tachometer_FirstLeftTime)
                  20003642    00000002     (.common:Tachometer_FirstRightTime)
                  20003644    00000002     (.common:Tachometer_SecondLeftTime)
                  20003646    00000002     (.common:Tachometer_SecondRightTime)
                  20003648    00000001     (.common:Data)
                  20003649    00000001     (.common:LeftDir)
                  2000364a    00000001     (.common:Reflectanceresult)
                  2000364b    00000001     (.common:RightDir)

.sysmem    0    20003650    00000400     UNINITIALIZED
                  20003650    00000010     rtsv7M4_T_le_v4SPD16_eabi.lib : memory.c.obj (.sysmem)
                  20003660    000003f0     --HOLE--

.data      0    20003a50    0000022c     UNINITIALIZED
                  20003a50    000000f0     rtsv7M4_T_le_v4SPD16_eabi.lib : defs.c.obj (.data:_ftable)
                  20003b40    00000078                                   : host_device.c.obj (.data:_device)
                  20003bb8    00000050                                   : host_device.c.obj (.data:_stream)
                  20003c08    00000018     Clock.obj (.data)
                  20003c20    00000010     rtsv7M4_T_le_v4SPD16_eabi.lib : defs.c.obj (.data)
                  20003c30    0000000c                                   : exit.c.obj (.data:$O1$$)
                  20003c3c    0000000c     TA3InputCapture.obj (.data)
                  20003c48    0000000a     Tachometer.obj (.data)
                  20003c52    00000002     --HOLE--
                  20003c54    00000008     rtsv7M4_T_le_v4SPD16_eabi.lib : _lock.c.obj (.data:$O1$$)
                  20003c5c    00000008                                   : memory.c.obj (.data:$O1$$)
                  20003c64    00000004     SSD1306.obj (.data)
                  20003c68    00000004     rtsv7M4_T_le_v4SPD16_eabi.lib : add_device.c.obj (.data)
                  20003c6c    00000004                                   : errno.c.obj (.data)
                  20003c70    00000004                                   : fopen.c.obj (.data)
                  20003c74    00000004                                   : open.c.obj (.data)
                  20003c78    00000004     system_msp432p401r.obj (.data)

.stack     0    2000fe00    00000200     UNINITIALIZED
                  2000fe00    00000004     rtsv7M4_T_le_v4SPD16_eabi.lib : boot_cortex_m.c.obj (.stack)
                  2000fe04    000001fc     --HOLE--

MODULE SUMMARY

       Module                        code    ro data   rw data
       ------                        ----    -------   -------
    ..\
       SSD1306.obj                   6040    544       2080   
       UART0.obj                     1760    0         24     
       ADC14.obj                     1168    0         0      
       PWM.obj                       1056    0         0      
       Reflectance.obj               456     64        2      
       TA3InputCapture.obj           468     0         24     
       Motor.obj                     396     0         0      
       Tachometer.obj                316     0         36     
       TimerA1.obj                   168     0         8      
       IRDistance.obj                124     0         0      
       Bump.obj                      120     0         0      
    +--+-----------------------------+-------+---------+---------+
       Total:                        12072   608       2174   
                                                              
    .\
       LPF.obj                       928     0         24664  
       Robotmain.obj                 996     0         102    
       system_msp432p401r.obj        820     0         8      
       Clock.obj                     480     0         48     
       LaunchPad.obj                 244     0         0      
       startup_msp432p401r_ccs.obj   14      228       0      
       SysTickInts.obj               64      0         0      
       CortexM.obj                   36      0         0      
    +--+-----------------------------+-------+---------+---------+
       Total:                        3582    228       24822  
                                                              
    E:\ti\ccs900\ccs\tools\compiler\ti-cgt-arm_18.12.1.LTS\lib\rtsv7M4_T_le_v4SPD16_eabi.lib
       _printfi.c.obj                4851    0         0      
       defs.c.obj                    0       0         832    
       memory.c.obj                  676     0         16     
       trgmsg.c.obj                  108     0         576    
       fopen.c.obj                   528     0         8      
       fd_add_t2.asm.obj             438     0         0      
       host_device.c.obj             0       0         400    
       fd_div_t2.asm.obj             310     0         0      
       fputs.c.obj                   276     0         0      
       s_scalbn.c.obj                272     0         0      
       fd_cmp_t2.asm.obj             268     0         0      
       ctype.c.obj                   0       257       0      
       fd_mul_t2.asm.obj             252     0         0      
       setvbuf.c.obj                 220     0         0      
       open.c.obj                    188     0         8      
       add_device.c.obj              184     0         8      
       memcpy_t2.asm.obj             156     0         0      
       ull_div_t2.asm.obj            150     0         0      
       fputc.c.obj                   140     0         0      
       memset_t2.asm.obj             122     0         0      
       fclose.c.obj                  116     0         0      
       getdevice.c.obj               116     0         0      
       hostopen.c.obj                96      0         16     
       printf.c.obj                  112     0         0      
       copy_decompress_lzss.c.obj    104     0         0      
       hostlseek.c.obj               104     0         0      
       hostrename.c.obj              104     0         0      
       exit.c.obj                    76      0         24     
       fseek.c.obj                   100     0         0      
       s_frexp.c.obj                 100     0         0      
       _io_perm.c.obj                98      0         0      
       close.c.obj                   92      0         0      
       hostread.c.obj                88      0         0      
       hostwrite.c.obj               88      0         0      
       ltoa.c.obj                    84      0         0      
       atoi.c.obj                    76      0         0      
       fflush.c.obj                  76      0         0      
       fd_toi_t2.asm.obj             72      0         0      
       autoinit.c.obj                68      0         0      
       hostclose.c.obj               68      0         0      
       hostunlink.c.obj              68      0         0      
       strncpy.c.obj                 54      0         0      
       boot_cortex_m.c.obj           52      0         0      
       i_tofd_t2.asm.obj             46      0         0      
       unlink.c.obj                  44      0         0      
       lseek.c.obj                   40      0         0      
       write.c.obj                   40      0         0      
       memchr.c.obj                  32      0         0      
       memccpy.c.obj                 28      0         0      
       s_copysign.c.obj              26      0         0      
       strcmp.c.obj                  24      0         0      
       strchr.c.obj                  22      0         0      
       strcpy.c.obj                  20      0         0      
       strlen.c.obj                  20      0         0      
       _lock.c.obj                   2       0         16     
       wcslen.c.obj                  18      0         0      
       errno.c.obj                   8       0         8      
       copy_decompress_none.c.obj    14      0         0      
       copy_zero_init.c.obj          12      0         0      
       pre_init.c.obj                4       0         0      
       div0.asm.obj                  2       0         0      
    +--+-----------------------------+-------+---------+---------+
       Total:                        11553   257       1912   
                                                              
       Heap:                         0       0         2048   
       Stack:                        0       0         1024   
       Linker Generated:             0       159       0      
    +--+-----------------------------+-------+---------+---------+
       Grand Total:                  27207   1252      31980  


LINKER GENERATED COPY TABLES

__TI_cinit_table @ 00006f38 records: 2, size/record: 8, table size: 16
	.data: load addr=00006ea8, load size=0000007b bytes, run addr=20003a50, run size=0000022c bytes, compression=lzss
	.bss: load addr=00006f30, load size=00000008 bytes, run addr=20000000, run size=0000364c bytes, compression=zero_init


LINKER GENERATED HANDLER TABLE

__TI_handler_table @ 00006f24 records: 3, size/record: 4, table size: 12
	index: 0, handler: __TI_decompress_lzss
	index: 1, handler: __TI_decompress_none
	index: 2, handler: __TI_zero_init


GLOBAL SYMBOLS: SORTED ALPHABETICALLY BY Name 

address   name                           
-------   ----                           
00002c65  ADC0_InitSWTriggerCh12         
00002aa9  ADC0_InitSWTriggerCh14         
00002b19  ADC0_InitSWTriggerCh17_14_16   
00002cd5  ADC0_InitSWTriggerCh19         
00002bc9  ADC0_InitSWTriggerCh21_22_23   
00002d65  ADC0_InitSWTriggerCh23         
000029ad  ADC0_InitSWTriggerCh6          
00002a1d  ADC0_InitSWTriggerCh67         
00006b11  ADC14_IRQHandler               
00002cb5  ADC_In12                       
00002af9  ADC_In14                       
00002b89  ADC_In17_14_16                 
00002d25  ADC_In19                       
00002c25  ADC_In21_22_23                 
00002dc1  ADC_In23                       
000029fd  ADC_In6                        
00002a73  ADC_In67                       
00006b11  AES256_IRQHandler              
00005e6d  Bump_Init                      
00005ea1  Bump_Read                      
00006b11  BusFault_Handler               
00006b3d  C$$EXIT                        
000067e3  C$$IO$$                        
00006b11  COMP_E0_IRQHandler             
00006b11  COMP_E1_IRQHandler             
20003c10  CPMwait                        
00006b11  CS_IRQHandler                  
20003c3c  CaptureTask0                   
20003c40  CaptureTask1                   
20003c44  CaptureTask2                   
200035d0  Center                         
00005d21  CenterConvert                  
20003c08  ClockFrequency                 
000040d9  Clock_Delay1ms                 
000040af  Clock_Delay1us                 
0000409b  Clock_GetFreq                  
00003f85  Clock_Init48MHz                
20003c1c  Crystalstable                  
20003c64  CurrentX                       
20003c66  CurrentY                       
00006b11  DMA_ERR_IRQHandler             
00006b11  DMA_INT0_IRQHandler            
00006b11  DMA_INT1_IRQHandler            
00006b11  DMA_INT2_IRQHandler            
00006b11  DMA_INT3_IRQHandler            
20003648  Data                           
00006b11  DebugMon_Handler               
00006b11  Default_Handler                
000069f9  DisableInterrupts              
00006b11  EUSCIA0_IRQHandler             
00006b11  EUSCIA1_IRQHandler             
00006b11  EUSCIA2_IRQHandler             
00006b11  EUSCIA3_IRQHandler             
00006b11  EUSCIB0_IRQHandler             
00006b11  EUSCIB1_IRQHandler             
00006b11  EUSCIB2_IRQHandler             
00006b11  EUSCIB3_IRQHandler             
000069ff  EnableInterrupts               
00006a0f  EndCritical                    
00006b11  FLCTL_IRQHandler               
00006b11  FPU_IRQHandler                 
00006625  HOSTclose                      
00005fc9  HOSTlseek                      
00006295  HOSTopen                       
00006351  HOSTread                       
00006031  HOSTrename                     
00006669  HOSTunlink                     
000063a9  HOSTwrite                      
00006b11  HardFault_Handler              
200035d4  I1                             
20003c18  IFlags                         
0000325d  IRsampling                     
200035d8  LPFSum                         
200035dc  LPFSum2                        
200035e0  LPFSum3                        
00003755  LPF_Calc                       
000037fd  LPF_Calc2                      
000038c1  LPF_Calc3                      
00003695  LPF_Calc_old                   
000036f7  LPF_Init                       
000037a9  LPF_Init2                      
0000385f  LPF_Init3                      
00003641  LPF_Init_old                   
00005315  LaunchPad_Init                 
00005385  LaunchPad_Input                
0000539f  LaunchPad_LED                  
000053bd  LaunchPad_Output               
200035e4  Left                           
00005cf9  LeftConvert                    
20003649  LeftDir                        
20003634  LeftSpeed                      
200035e8  LeftSteps                      
20003636  LeftTach                       
00006e24  Mask                           
00003929  Median                         
00006b11  MemManage_Handler              
200035c0  Messageb                       
200035ec  Messageindexb                  
000049b7  Motor_Backward                 
000048ef  Motor_Forward                  
00004889  Motor_Init                     
00004971  Motor_Left                     
0000492b  Motor_Right                    
000048db  Motor_Stop                     
00006b11  NMI_Handler                    
00006b11  PCM_IRQHandler                 
00006b11  PORT1_IRQHandler               
00006b11  PORT2_IRQHandler               
00006b11  PORT3_IRQHandler               
00006b11  PORT4_IRQHandler               
00006b11  PORT5_IRQHandler               
00006b11  PORT6_IRQHandler               
00006b11  PSS_IRQHandler                 
00002f27  PWM_Duty1                      
00002f47  PWM_Duty2                      
00002feb  PWM_Duty3                      
0000300b  PWM_Duty4                      
00002e3d  PWM_Init1                      
00002ea3  PWM_Init12                     
00002f67  PWM_Init34                     
00003153  PWM_RobotArmDuty0              
00003179  PWM_RobotArmDuty1              
0000319f  PWM_RobotArmDuty2              
00003173  PWM_RobotArmGetDuty0           
00003199  PWM_RobotArmGetDuty1           
000031bf  PWM_RobotArmGetDuty2           
0000302b  PWM_RobotArmInit               
00006b11  PendSV_Handler                 
200035f0  Position                       
20003c14  Postwait                       
20003c0c  Prewait                        
200035f4  Pt                             
200035f8  Pt2                            
200035fc  Pt3                            
00006b11  RTC_C_IRQHandler               
000045c5  Reflectance_Center             
0000466d  Reflectance_End                
00004509  Reflectance_Init               
000045d7  Reflectance_Position           
0000456d  Reflectance_Read               
0000463d  Reflectance_Start              
2000364a  Reflectanceresult              
00006b05  Reset_Handler                  
20003600  Right                          
00005d49  RightConvert                   
2000364b  RightDir                       
20003638  RightSpeed                     
20003604  RightSteps                     
2000363a  RightTach                      
00000549  SSD1306_Clear                  
00000509  SSD1306_ClearBuffer            
00000f65  SSD1306_Dim                    
00000e1f  SSD1306_DisplayBuffer          
00000409  SSD1306_DrawChar               
000007e1  SSD1306_DrawFastHLine          
00000a05  SSD1306_DrawFastVLine          
0000059d  SSD1306_DrawFullImage          
00000289  SSD1306_DrawPixel              
000004bd  SSD1306_DrawString             
00000e1b  SSD1306_GetBuffer              
00000d1d  SSD1306_GetPixel               
00000183  SSD1306_Init                   
00000f4f  SSD1306_InvertDisplay          
00001011  SSD1306_OutChar                
00001727  SSD1306_OutHex7                
00001375  SSD1306_OutSDec                
00001639  SSD1306_OutSFix1               
00001137  SSD1306_OutString              
00001191  SSD1306_OutUDec                
00001785  SSD1306_OutUDec16              
0000181d  SSD1306_OutUDec2               
000015ab  SSD1306_OutUFix1               
0000175d  SSD1306_OutUHex7               
00000601  SSD1306_PrintBMP               
00000f97  SSD1306_SetCursor              
000008f3  SSD1306_drawFastHLineInternal  
00000b1d  SSD1306_drawFastVLineInternal  
00000f05  SSD1306_startscrolldiagleft    
00000ec1  SSD1306_startscrolldiagright   
00000e8b  SSD1306_startscrollleft        
00000e59  SSD1306_startscrollright       
00000f45  SSD1306_stopscroll             
00006b11  SVC_Handler                    
20003608  Size                           
00006a05  StartCritical                  
2000363c  StartX                         
2000363e  StartY                         
00003289  SysTick_Handler                
00003289  SysTick_Handler                
00006735  SysTick_Init                   
20003c78  SystemCoreClock                
000039e1  SystemCoreClockUpdate          
00003c59  SystemInit                     
00006b11  T32_INT1_IRQHandler            
00006b11  T32_INT2_IRQHandler            
00006b11  T32_INTC_IRQHandler            
00006b11  TA0_0_IRQHandler               
00006b11  TA0_N_IRQHandler               
0000595b  TA1_0_IRQHandler               
0000595b  TA1_0_IRQHandler               
00006b11  TA1_N_IRQHandler               
00006b11  TA2_0_IRQHandler               
00006b11  TA2_N_IRQHandler               
000041f1  TA3_0_IRQHandler               
000041f1  TA3_0_IRQHandler               
0000420b  TA3_N_IRQHandler               
0000420b  TA3_N_IRQHandler               
20003640  Tachometer_FirstLeftTime       
20003642  Tachometer_FirstRightTime      
00004acb  Tachometer_Get                 
00004aa1  Tachometer_Init                
20003c51  Tachometer_LeftDir             
20003c4c  Tachometer_LeftSteps           
20003c50  Tachometer_RightDir            
20003c48  Tachometer_RightSteps          
20003644  Tachometer_SecondLeftTime      
20003646  Tachometer_SecondRightTime     
2000360c  Time                           
20003610  TimerA1Task                    
000058e9  TimerA1_Init                   
00005947  TimerA1_Stop                   
00004171  TimerA3Capture_Init01          
0000424b  TimerA3Capture_Init02          
00002313  UART0_InChar                   
000027bd  UART0_InString                 
0000235d  UART0_InUDec                   
00002671  UART0_InUHex                   
000022cd  UART0_Init                     
0000291f  UART0_Initprintf               
00002323  UART0_OutChar                  
00002411  UART0_OutSDec                  
0000233f  UART0_OutString                
000023e1  UART0_OutUDec                  
00002585  UART0_OutUDec4                 
000025cd  UART0_OutUDec5                 
000025ff  UART0_OutUFix1                 
00002627  UART0_OutUFix2                 
00002735  UART0_OutUHex                  
000027a1  UART0_OutUHex2                 
00006b11  UsageFault_Handler             
4000480c  WDTCTL_SYM                     
00006b11  WDT_A_IRQHandler               
00006a17  WaitForInterrupt               
00006e44  Weight                         
20003400  __CIOBUF_                      
20010000  __STACK_END                    
00000200  __STACK_SIZE                   
00000400  __SYSMEM_SIZE                  
00006f38  __TI_CINIT_Base                
00006f48  __TI_CINIT_Limit               
00006f24  __TI_Handler_Table_Base        
00006f30  __TI_Handler_Table_Limit       
000066ad  __TI_auto_init_nobinit_nopinit 
00006825  __TI_cleanup                   
20003c30  __TI_cleanup_ptr               
00005ee5  __TI_closefile                 
00006099  __TI_decompress_lzss           
00006af7  __TI_decompress_none           
000064fd  __TI_doflush                   
20003c34  __TI_dtors_ptr                 
20003c38  __TI_enable_exit_profile_output
20003c20  __TI_ft_end                    
ffffffff  __TI_pprof_out_hndl            
0000187d  __TI_printfi                   
ffffffff  __TI_prof_data_size            
ffffffff  __TI_prof_data_start           
00006859  __TI_readmsg                   
00000000  __TI_static_base__             
20003520  __TI_tmpnams                   
000067b5  __TI_writemsg                  
00006231  __TI_wrt_ok                    
00006b13  __TI_zero_init                 
00005bed  __aeabi_cdcmpeq                
00005bed  __aeabi_cdcmple                
00005c73  __aeabi_cdrcmple               
000065dd  __aeabi_d2iz                   
000046db  __aeabi_dadd                   
00004c8d  __aeabi_ddiv                   
00005219  __aeabi_dmul                   
000046d1  __aeabi_dsub                   
00006b21  __aeabi_errno_addr             
00006925  __aeabi_i2d                    
00004887  __aeabi_idiv0                  
00004887  __aeabi_ldiv0                  
00005df1  __aeabi_memclr                 
00005df1  __aeabi_memclr4                
00005df1  __aeabi_memclr8                
00005a2d  __aeabi_memcpy                 
00005a2d  __aeabi_memcpy4                
00005a2d  __aeabi_memcpy8                
00005df3  __aeabi_memset                 
00005df3  __aeabi_memset4                
00005df3  __aeabi_memset8                
20003c2c  __aeabi_stderr                 
20003c24  __aeabi_stdin                  
20003c28  __aeabi_stdout                 
00005ac9  __aeabi_uldivmod               
ffffffff  __binit__                      
ffffffff  __c_args__                     
UNDEFED   __mpu_init                     
2000fe00  __stack                        
0000688d  _c_int00_noargs                
00006d20  _ctypes_                       
20003b40  _device                        
20003a50  _ftable                        
20003c54  _lock                          
000022cb  _nop                           
20003bb8  _stream                        
20003650  _sys_memory                    
UNDEFED   _system_post_cinit             
00006b39  _system_pre_init               
20003c58  _unlock                        
00006b3d  abort                          
0000577d  add_device                     
00005409  aligned_alloc                  
00006549  atoi                           
ffffffff  binit                          
20003000  buffer                         
000062f5  close                          
00006a75  copysign                       
00006a75  copysignl                      
000040a1  delay                          
20003c6c  errno                          
00006595  exit                           
00002851  ferror                         
00002837  fgetc                          
000068f5  finddevice                     
00005991  fopen                          
00005b61  fputc                          
00004ee9  fputs                          
000054fd  free                           
000068c1  freopen                        
00006169  frexp                          
00006169  frexpl                         
000061cd  fseek                          
000066f1  getdevice                      
00000000  interruptVectors               
00004ffd  ldexp                          
00004ffd  ldexpl                         
000069a9  lseek                          
00006457  ltoa                           
000032d3  main                           
00006b29  malloc                         
00005409  memalign                       
00006a59  memccpy                        
00006a1d  memchr                         
00005a2d  memcpy                         
00005df9  memset                         
20003614  nc                             
20003618  nl                             
2000361c  nr                             
000056c1  open                           
00002779  outnibble                      
200035c8  parmbuf                        
00006101  printf                         
00005b61  putc                           
00006955  remove                         
20003620  rotation                       
00004ffd  scalbn                         
00004ffd  scalbnl                        
000055e5  setvbuf                        
0000010f  ssd1306_Testcommandwrite       
0000013b  ssd1306_command                
0000014b  ssd1306_command1               
0000015b  ssd1306_commandList            
00006aa7  strchr                         
00006a8f  strcmp                         
00006abd  strcpy                         
00006ad1  strlen                         
000067ed  strncpy                        
00004165  ta3dummy                       
00004a5b  tachometerLeftInt              
00004a15  tachometerRightInt             
20003624  u1                             
20003628  u2                             
2000362c  u3                             
00002877  uart_close                     
000028f5  uart_lseek                     
00002867  uart_open                      
00002883  uart_read                      
00002911  uart_rename                    
00002905  uart_unlink                    
000028b3  uart_write                     
00006955  unlink                         
20003630  vccstate                       
00006ae5  wcslen                         
000069d1  write                          
20000000  x                              
20001000  x2                             
20002000  x3                             


GLOBAL SYMBOLS: SORTED BY Symbol Address 

address   name                           
-------   ----                           
00000000  __TI_static_base__             
00000000  interruptVectors               
0000010f  ssd1306_Testcommandwrite       
0000013b  ssd1306_command                
0000014b  ssd1306_command1               
0000015b  ssd1306_commandList            
00000183  SSD1306_Init                   
00000200  __STACK_SIZE                   
00000289  SSD1306_DrawPixel              
00000400  __SYSMEM_SIZE                  
00000409  SSD1306_DrawChar               
000004bd  SSD1306_DrawString             
00000509  SSD1306_ClearBuffer            
00000549  SSD1306_Clear                  
0000059d  SSD1306_DrawFullImage          
00000601  SSD1306_PrintBMP               
000007e1  SSD1306_DrawFastHLine          
000008f3  SSD1306_drawFastHLineInternal  
00000a05  SSD1306_DrawFastVLine          
00000b1d  SSD1306_drawFastVLineInternal  
00000d1d  SSD1306_GetPixel               
00000e1b  SSD1306_GetBuffer              
00000e1f  SSD1306_DisplayBuffer          
00000e59  SSD1306_startscrollright       
00000e8b  SSD1306_startscrollleft        
00000ec1  SSD1306_startscrolldiagright   
00000f05  SSD1306_startscrolldiagleft    
00000f45  SSD1306_stopscroll             
00000f4f  SSD1306_InvertDisplay          
00000f65  SSD1306_Dim                    
00000f97  SSD1306_SetCursor              
00001011  SSD1306_OutChar                
00001137  SSD1306_OutString              
00001191  SSD1306_OutUDec                
00001375  SSD1306_OutSDec                
000015ab  SSD1306_OutUFix1               
00001639  SSD1306_OutSFix1               
00001727  SSD1306_OutHex7                
0000175d  SSD1306_OutUHex7               
00001785  SSD1306_OutUDec16              
0000181d  SSD1306_OutUDec2               
0000187d  __TI_printfi                   
000022cb  _nop                           
000022cd  UART0_Init                     
00002313  UART0_InChar                   
00002323  UART0_OutChar                  
0000233f  UART0_OutString                
0000235d  UART0_InUDec                   
000023e1  UART0_OutUDec                  
00002411  UART0_OutSDec                  
00002585  UART0_OutUDec4                 
000025cd  UART0_OutUDec5                 
000025ff  UART0_OutUFix1                 
00002627  UART0_OutUFix2                 
00002671  UART0_InUHex                   
00002735  UART0_OutUHex                  
00002779  outnibble                      
000027a1  UART0_OutUHex2                 
000027bd  UART0_InString                 
00002837  fgetc                          
00002851  ferror                         
00002867  uart_open                      
00002877  uart_close                     
00002883  uart_read                      
000028b3  uart_write                     
000028f5  uart_lseek                     
00002905  uart_unlink                    
00002911  uart_rename                    
0000291f  UART0_Initprintf               
000029ad  ADC0_InitSWTriggerCh6          
000029fd  ADC_In6                        
00002a1d  ADC0_InitSWTriggerCh67         
00002a73  ADC_In67                       
00002aa9  ADC0_InitSWTriggerCh14         
00002af9  ADC_In14                       
00002b19  ADC0_InitSWTriggerCh17_14_16   
00002b89  ADC_In17_14_16                 
00002bc9  ADC0_InitSWTriggerCh21_22_23   
00002c25  ADC_In21_22_23                 
00002c65  ADC0_InitSWTriggerCh12         
00002cb5  ADC_In12                       
00002cd5  ADC0_InitSWTriggerCh19         
00002d25  ADC_In19                       
00002d65  ADC0_InitSWTriggerCh23         
00002dc1  ADC_In23                       
00002e3d  PWM_Init1                      
00002ea3  PWM_Init12                     
00002f27  PWM_Duty1                      
00002f47  PWM_Duty2                      
00002f67  PWM_Init34                     
00002feb  PWM_Duty3                      
0000300b  PWM_Duty4                      
0000302b  PWM_RobotArmInit               
00003153  PWM_RobotArmDuty0              
00003173  PWM_RobotArmGetDuty0           
00003179  PWM_RobotArmDuty1              
00003199  PWM_RobotArmGetDuty1           
0000319f  PWM_RobotArmDuty2              
000031bf  PWM_RobotArmGetDuty2           
0000325d  IRsampling                     
00003289  SysTick_Handler                
00003289  SysTick_Handler                
000032d3  main                           
00003641  LPF_Init_old                   
00003695  LPF_Calc_old                   
000036f7  LPF_Init                       
00003755  LPF_Calc                       
000037a9  LPF_Init2                      
000037fd  LPF_Calc2                      
0000385f  LPF_Init3                      
000038c1  LPF_Calc3                      
00003929  Median                         
000039e1  SystemCoreClockUpdate          
00003c59  SystemInit                     
00003f85  Clock_Init48MHz                
0000409b  Clock_GetFreq                  
000040a1  delay                          
000040af  Clock_Delay1us                 
000040d9  Clock_Delay1ms                 
00004165  ta3dummy                       
00004171  TimerA3Capture_Init01          
000041f1  TA3_0_IRQHandler               
000041f1  TA3_0_IRQHandler               
0000420b  TA3_N_IRQHandler               
0000420b  TA3_N_IRQHandler               
0000424b  TimerA3Capture_Init02          
00004509  Reflectance_Init               
0000456d  Reflectance_Read               
000045c5  Reflectance_Center             
000045d7  Reflectance_Position           
0000463d  Reflectance_Start              
0000466d  Reflectance_End                
000046d1  __aeabi_dsub                   
000046db  __aeabi_dadd                   
00004887  __aeabi_idiv0                  
00004887  __aeabi_ldiv0                  
00004889  Motor_Init                     
000048db  Motor_Stop                     
000048ef  Motor_Forward                  
0000492b  Motor_Right                    
00004971  Motor_Left                     
000049b7  Motor_Backward                 
00004a15  tachometerRightInt             
00004a5b  tachometerLeftInt              
00004aa1  Tachometer_Init                
00004acb  Tachometer_Get                 
00004c8d  __aeabi_ddiv                   
00004ee9  fputs                          
00004ffd  ldexp                          
00004ffd  ldexpl                         
00004ffd  scalbn                         
00004ffd  scalbnl                        
00005219  __aeabi_dmul                   
00005315  LaunchPad_Init                 
00005385  LaunchPad_Input                
0000539f  LaunchPad_LED                  
000053bd  LaunchPad_Output               
00005409  aligned_alloc                  
00005409  memalign                       
000054fd  free                           
000055e5  setvbuf                        
000056c1  open                           
0000577d  add_device                     
000058e9  TimerA1_Init                   
00005947  TimerA1_Stop                   
0000595b  TA1_0_IRQHandler               
0000595b  TA1_0_IRQHandler               
00005991  fopen                          
00005a2d  __aeabi_memcpy                 
00005a2d  __aeabi_memcpy4                
00005a2d  __aeabi_memcpy8                
00005a2d  memcpy                         
00005ac9  __aeabi_uldivmod               
00005b61  fputc                          
00005b61  putc                           
00005bed  __aeabi_cdcmpeq                
00005bed  __aeabi_cdcmple                
00005c73  __aeabi_cdrcmple               
00005cf9  LeftConvert                    
00005d21  CenterConvert                  
00005d49  RightConvert                   
00005df1  __aeabi_memclr                 
00005df1  __aeabi_memclr4                
00005df1  __aeabi_memclr8                
00005df3  __aeabi_memset                 
00005df3  __aeabi_memset4                
00005df3  __aeabi_memset8                
00005df9  memset                         
00005e6d  Bump_Init                      
00005ea1  Bump_Read                      
00005ee5  __TI_closefile                 
00005fc9  HOSTlseek                      
00006031  HOSTrename                     
00006099  __TI_decompress_lzss           
00006101  printf                         
00006169  frexp                          
00006169  frexpl                         
000061cd  fseek                          
00006231  __TI_wrt_ok                    
00006295  HOSTopen                       
000062f5  close                          
00006351  HOSTread                       
000063a9  HOSTwrite                      
00006457  ltoa                           
000064fd  __TI_doflush                   
00006549  atoi                           
00006595  exit                           
000065dd  __aeabi_d2iz                   
00006625  HOSTclose                      
00006669  HOSTunlink                     
000066ad  __TI_auto_init_nobinit_nopinit 
000066f1  getdevice                      
00006735  SysTick_Init                   
000067b5  __TI_writemsg                  
000067e3  C$$IO$$                        
000067ed  strncpy                        
00006825  __TI_cleanup                   
00006859  __TI_readmsg                   
0000688d  _c_int00_noargs                
000068c1  freopen                        
000068f5  finddevice                     
00006925  __aeabi_i2d                    
00006955  remove                         
00006955  unlink                         
000069a9  lseek                          
000069d1  write                          
000069f9  DisableInterrupts              
000069ff  EnableInterrupts               
00006a05  StartCritical                  
00006a0f  EndCritical                    
00006a17  WaitForInterrupt               
00006a1d  memchr                         
00006a59  memccpy                        
00006a75  copysign                       
00006a75  copysignl                      
00006a8f  strcmp                         
00006aa7  strchr                         
00006abd  strcpy                         
00006ad1  strlen                         
00006ae5  wcslen                         
00006af7  __TI_decompress_none           
00006b05  Reset_Handler                  
00006b11  ADC14_IRQHandler               
00006b11  AES256_IRQHandler              
00006b11  BusFault_Handler               
00006b11  COMP_E0_IRQHandler             
00006b11  COMP_E1_IRQHandler             
00006b11  CS_IRQHandler                  
00006b11  DMA_ERR_IRQHandler             
00006b11  DMA_INT0_IRQHandler            
00006b11  DMA_INT1_IRQHandler            
00006b11  DMA_INT2_IRQHandler            
00006b11  DMA_INT3_IRQHandler            
00006b11  DebugMon_Handler               
00006b11  Default_Handler                
00006b11  EUSCIA0_IRQHandler             
00006b11  EUSCIA1_IRQHandler             
00006b11  EUSCIA2_IRQHandler             
00006b11  EUSCIA3_IRQHandler             
00006b11  EUSCIB0_IRQHandler             
00006b11  EUSCIB1_IRQHandler             
00006b11  EUSCIB2_IRQHandler             
00006b11  EUSCIB3_IRQHandler             
00006b11  FLCTL_IRQHandler               
00006b11  FPU_IRQHandler                 
00006b11  HardFault_Handler              
00006b11  MemManage_Handler              
00006b11  NMI_Handler                    
00006b11  PCM_IRQHandler                 
00006b11  PORT1_IRQHandler               
00006b11  PORT2_IRQHandler               
00006b11  PORT3_IRQHandler               
00006b11  PORT4_IRQHandler               
00006b11  PORT5_IRQHandler               
00006b11  PORT6_IRQHandler               
00006b11  PSS_IRQHandler                 
00006b11  PendSV_Handler                 
00006b11  RTC_C_IRQHandler               
00006b11  SVC_Handler                    
00006b11  T32_INT1_IRQHandler            
00006b11  T32_INT2_IRQHandler            
00006b11  T32_INTC_IRQHandler            
00006b11  TA0_0_IRQHandler               
00006b11  TA0_N_IRQHandler               
00006b11  TA1_N_IRQHandler               
00006b11  TA2_0_IRQHandler               
00006b11  TA2_N_IRQHandler               
00006b11  UsageFault_Handler             
00006b11  WDT_A_IRQHandler               
00006b13  __TI_zero_init                 
00006b21  __aeabi_errno_addr             
00006b29  malloc                         
00006b39  _system_pre_init               
00006b3d  C$$EXIT                        
00006b3d  abort                          
00006d20  _ctypes_                       
00006e24  Mask                           
00006e44  Weight                         
00006f24  __TI_Handler_Table_Base        
00006f30  __TI_Handler_Table_Limit       
00006f38  __TI_CINIT_Base                
00006f48  __TI_CINIT_Limit               
20000000  x                              
20001000  x2                             
20002000  x3                             
20003000  buffer                         
20003400  __CIOBUF_                      
20003520  __TI_tmpnams                   
200035c0  Messageb                       
200035c8  parmbuf                        
200035d0  Center                         
200035d4  I1                             
200035d8  LPFSum                         
200035dc  LPFSum2                        
200035e0  LPFSum3                        
200035e4  Left                           
200035e8  LeftSteps                      
200035ec  Messageindexb                  
200035f0  Position                       
200035f4  Pt                             
200035f8  Pt2                            
200035fc  Pt3                            
20003600  Right                          
20003604  RightSteps                     
20003608  Size                           
2000360c  Time                           
20003610  TimerA1Task                    
20003614  nc                             
20003618  nl                             
2000361c  nr                             
20003620  rotation                       
20003624  u1                             
20003628  u2                             
2000362c  u3                             
20003630  vccstate                       
20003634  LeftSpeed                      
20003636  LeftTach                       
20003638  RightSpeed                     
2000363a  RightTach                      
2000363c  StartX                         
2000363e  StartY                         
20003640  Tachometer_FirstLeftTime       
20003642  Tachometer_FirstRightTime      
20003644  Tachometer_SecondLeftTime      
20003646  Tachometer_SecondRightTime     
20003648  Data                           
20003649  LeftDir                        
2000364a  Reflectanceresult              
2000364b  RightDir                       
20003650  _sys_memory                    
20003a50  _ftable                        
20003b40  _device                        
20003bb8  _stream                        
20003c08  ClockFrequency                 
20003c0c  Prewait                        
20003c10  CPMwait                        
20003c14  Postwait                       
20003c18  IFlags                         
20003c1c  Crystalstable                  
20003c20  __TI_ft_end                    
20003c24  __aeabi_stdin                  
20003c28  __aeabi_stdout                 
20003c2c  __aeabi_stderr                 
20003c30  __TI_cleanup_ptr               
20003c34  __TI_dtors_ptr                 
20003c38  __TI_enable_exit_profile_output
20003c3c  CaptureTask0                   
20003c40  CaptureTask1                   
20003c44  CaptureTask2                   
20003c48  Tachometer_RightSteps          
20003c4c  Tachometer_LeftSteps           
20003c50  Tachometer_RightDir            
20003c51  Tachometer_LeftDir             
20003c54  _lock                          
20003c58  _unlock                        
20003c64  CurrentX                       
20003c66  CurrentY                       
20003c6c  errno                          
20003c78  SystemCoreClock                
2000fe00  __stack                        
20010000  __STACK_END                    
4000480c  WDTCTL_SYM                     
ffffffff  __TI_pprof_out_hndl            
ffffffff  __TI_prof_data_size            
ffffffff  __TI_prof_data_start           
ffffffff  __binit__                      
ffffffff  __c_args__                     
ffffffff  binit                          
UNDEFED   __mpu_init                     
UNDEFED   _system_post_cinit             

[390 symbols]
