******************************************************************************
                  TI ARM Linker PC v18.12.3                    
******************************************************************************
>> Linked Mon Dec 16 15:04:27 2019

OUTPUT FILE NAME:   <ece3501_exam.out>
ENTRY POINT SYMBOL: "_c_int00_noargs"  address: 00001e85


MEMORY CONFIGURATION

         name            origin    length      used     unused   attr    fill
----------------------  --------  ---------  --------  --------  ----  --------
  MAIN                  00000000   00040000  0000227c  0003dd84  R  X
  INFO                  00200000   00004000  00000000  00004000  R  X
  SRAM_CODE             01000000   00010000  00000437  0000fbc9  RW X
  SRAM_DATA             20000000   00010000  00000437  0000fbc9  RW  


SEGMENT ALLOCATION MAP

run origin  load origin   length   init length attrs members
----------  ----------- ---------- ----------- ----- -------
00000000    00000000    00002280   00002280    r-x
  00000000    00000000    000000e4   000000e4    r-- .intvecs
  000000e4    000000e4    00001e38   00001e38    r-x .text
  00001f1c    00001f1c    00000328   00000328    r-- .const
  00002248    00002248    00000038   00000038    r-- .cinit
20000000    20000000    0000023a   00000000    rw-
  20000000    20000000    00000211   00000000    rw- .bss
  20000214    20000214    00000026   00000000    rw- .data
2000fe00    2000fe00    00000200   00000000    rw-
  2000fe00    2000fe00    00000200   00000000    rw- .stack


SECTION ALLOCATION MAP

 output                                  attributes/
section   page    origin      length       input sections
--------  ----  ----------  ----------   ----------------
.intvecs   0    00000000    000000e4     
                  00000000    000000e4     startup_msp432p401r_ccs.obj (.intvecs:retain)

.text      0    000000e4    00001e38     
                  000000e4    000008b4     Nokia5110.obj (.text)
                  00000998    00000420     PWM.obj (.text)
                  00000db8    00000334     system_msp432p401r.obj (.text)
                  000010ec    00000320     main.obj (.text)
                  0000140c    0000029c     Motor.obj (.text)
                  000016a8    0000021c     Reflectance.obj (.text)
                  000018c4    000001e0     Clock.obj (.text)
                  00001aa4    000000f4     LaunchPad.obj (.text)
                  00001b98    000000b8     Bump.obj (.text)
                  00001c50    000000ac     TimerA1.obj (.text)
                  00001cfc    0000009c     rtsv7M4_T_le_v4SPD16_eabi.lib : memcpy_t2.asm.obj (.text)
                  00001d98    00000068                                   : copy_decompress_lzss.c.obj (.text:decompress:lzss:__TI_decompress_lzss)
                  00001e00    00000044                                   : autoinit.c.obj (.text:__TI_auto_init_nobinit_nopinit:__TI_auto_init_nobinit_nopinit)
                  00001e44    00000040     SysTickInts.obj (.text)
                  00001e84    00000034     rtsv7M4_T_le_v4SPD16_eabi.lib : boot_cortex_m.c.obj (.text:_c_int00_noargs:_c_int00_noargs)
                  00001eb8    00000024     CortexM.obj (.text)
                  00001edc    0000001c     rtsv7M4_T_le_v4SPD16_eabi.lib : copy_zero_init.c.obj (.text:decompress:ZI:__TI_zero_init_nomemset:__TI_zero_init_nomemset)
                  00001ef8    0000000e                                   : copy_decompress_none.c.obj (.text:decompress:none:__TI_decompress_none)
                  00001f06    0000000e     startup_msp432p401r_ccs.obj (.text)
                  00001f14    00000004     rtsv7M4_T_le_v4SPD16_eabi.lib : pre_init.c.obj (.text:_system_pre_init)
                  00001f18    00000004                                   : exit.c.obj (.text:abort:abort)

.const     0    00001f1c    00000328     
                  00001f1c    000001e0     Nokia5110.obj (.const:ASCII)
                  000020fc    00000100     main.obj (.const:fsm)
                  000021fc    00000020     Reflectance.obj (.const:$P$T0$1)
                  0000221c    00000020     Reflectance.obj (.const:$P$T1$2)
                  0000223c    00000008     Nokia5110.obj (.const:.string:Masks)

.cinit     0    00002248    00000038     
                  00002248    0000000d     (.cinit..data.load) [load image, compression = lzss]
                  00002255    00000003     --HOLE-- [fill = 0]
                  00002258    0000000c     (__TI_handler_table)
                  00002264    00000004     --HOLE-- [fill = 0]
                  00002268    00000008     (.cinit..bss.load) [load image, compression = zero_init]
                  00002270    00000010     (__TI_cinit_table)

.init_array 
*          0    00000000    00000000     UNINITIALIZED

.binit     0    00000000    00000000     

.bss       0    20000000    00000211     UNINITIALIZED
                  20000000    000001f8     (.common:Screen)
                  200001f8    00000004     (.common:INPUT)
                  200001fc    00000004     (.common:INTERRUPT_COUNTER)
                  20000200    00000004     (.common:OUTPUT)
                  20000204    00000004     (.common:Spt)
                  20000208    00000004     (.common:TimerA1Task)
                  2000020c    00000002     (.common:LEFT_TRACKER)
                  2000020e    00000002     (.common:RIGHT_TRACKER)
                  20000210    00000001     (.common:RAW_INPUT)

.data      0    20000214    00000026     UNINITIALIZED
                  20000214    00000018     Clock.obj (.data)
                  2000022c    00000008     Motor.obj (.data)
                  20000234    00000004     system_msp432p401r.obj (.data)
                  20000238    00000002     main.obj (.data)

.stack     0    2000fe00    00000200     UNINITIALIZED
                  2000fe00    00000004     rtsv7M4_T_le_v4SPD16_eabi.lib : boot_cortex_m.c.obj (.stack)
                  2000fe04    000001fc     --HOLE--

MODULE SUMMARY

       Module                        code   ro data   rw data
       ------                        ----   -------   -------
    .\
       Nokia5110.obj                 2228   488       1008   
       main.obj                      800    256       46     
       PWM.obj                       1056   0         0      
       system_msp432p401r.obj        820    0         8      
       Motor.obj                     668    0         16     
       Reflectance.obj               540    64        0      
       Clock.obj                     480    0         48     
       LaunchPad.obj                 244    0         0      
       startup_msp432p401r_ccs.obj   14     228       0      
       Bump.obj                      184    0         0      
       TimerA1.obj                   172    0         8      
       SysTickInts.obj               64     0         0      
       CortexM.obj                   36     0         0      
    +--+-----------------------------+------+---------+---------+
       Total:                        7306   1036      1134   
                                                             
    C:\ti\ccs910\ccs\tools\compiler\ti-cgt-arm_18.12.3.LTS\lib\rtsv7M4_T_le_v4SPD16_eabi.lib
       memcpy_t2.asm.obj             156    0         0      
       copy_decompress_lzss.c.obj    104    0         0      
       autoinit.c.obj                68     0         0      
       boot_cortex_m.c.obj           52     0         0      
       copy_zero_init.c.obj          28     0         0      
       copy_decompress_none.c.obj    14     0         0      
       exit.c.obj                    4      0         0      
       pre_init.c.obj                4      0         0      
    +--+-----------------------------+------+---------+---------+
       Total:                        430    0         0      
                                                             
       Stack:                        0      0         1024   
       Linker Generated:             0      49        0      
    +--+-----------------------------+------+---------+---------+
       Grand Total:                  7736   1085      2158   


LINKER GENERATED COPY TABLES

__TI_cinit_table @ 00002270 records: 2, size/record: 8, table size: 16
	.data: load addr=00002248, load size=0000000d bytes, run addr=20000214, run size=00000026 bytes, compression=lzss
	.bss: load addr=00002268, load size=00000008 bytes, run addr=20000000, run size=00000211 bytes, compression=zero_init


LINKER GENERATED HANDLER TABLE

__TI_handler_table @ 00002258 records: 3, size/record: 4, table size: 12
	index: 0, handler: __TI_decompress_lzss
	index: 1, handler: __TI_decompress_none
	index: 2, handler: __TI_zero_init


GLOBAL SYMBOLS: SORTED ALPHABETICALLY BY Name 

address   name                          
-------   ----                          
00001f13  ADC14_IRQHandler              
00001f13  AES256_IRQHandler             
00001195  BumpResponse                  
00001b99  Bump_Init                     
00001bcd  Bump_Read                     
00001f13  BusFault_Handler              
00001f19  C$$EXIT                       
00001f13  COMP_E0_IRQHandler            
00001f13  COMP_E1_IRQHandler            
2000021c  CPMwait                       
00001f13  CS_IRQHandler                 
20000214  ClockFrequency                
00001a19  Clock_Delay1ms                
000019ef  Clock_Delay1us                
000019db  Clock_GetFreq                 
000018c5  Clock_Init48MHz               
20000228  Crystalstable                 
00001f13  DMA_ERR_IRQHandler            
00001f13  DMA_INT0_IRQHandler           
00001f13  DMA_INT1_IRQHandler           
00001f13  DMA_INT2_IRQHandler           
00001f13  DMA_INT3_IRQHandler           
00001f13  DebugMon_Handler              
00001f13  Default_Handler               
00001eb9  DisableInterrupts             
00001f13  EUSCIA0_IRQHandler            
00001f13  EUSCIA1_IRQHandler            
00001f13  EUSCIA2_IRQHandler            
00001f13  EUSCIA3_IRQHandler            
00001f13  EUSCIB0_IRQHandler            
00001f13  EUSCIB1_IRQHandler            
00001f13  EUSCIB2_IRQHandler            
00001f13  EUSCIB3_IRQHandler            
00001ebf  EnableInterrupts              
00001ecf  EndCritical                   
00001f13  FLCTL_IRQHandler              
00001f13  FPU_IRQHandler                
00001f13  HardFault_Handler             
20000224  IFlags                        
200001f8  INPUT                         
200001fc  INTERRUPT_COUNTER             
2000020c  LEFT_TRACKER                  
00001aa5  LaunchPad_Init                
00001b15  LaunchPad_Input               
00001b2f  LaunchPad_LED                 
00001b4d  LaunchPad_Output              
0000223c  Masks                         
00001f13  MemManage_Handler             
0000164f  Motor_Backward                
000015dd  Motor_Forward                 
0000140d  Motor_Init                    
00001627  Motor_Left                    
000015ff  Motor_Right                   
000015b1  Motor_Stop                    
000010ed  Motor_search_left             
00001137  Motor_search_right            
00001f13  NMI_Handler                   
000006c5  Nokia5110_Clear               
00000911  Nokia5110_ClearBuffer         
00000945  Nokia5110_ClrPxl              
0000093b  Nokia5110_DisplayBuffer       
000006f1  Nokia5110_DrawFullImage       
00000173  Nokia5110_Init                
0000021d  Nokia5110_OutChar             
0000053d  Nokia5110_OutHex7             
0000037f  Nokia5110_OutSDec             
00000449  Nokia5110_OutSFix1            
0000025d  Nokia5110_OutString           
00000287  Nokia5110_OutUDec             
0000059b  Nokia5110_OutUDec16           
00000633  Nokia5110_OutUDec2            
00000399  Nokia5110_OutUFix1            
00000573  Nokia5110_OutUHex7            
0000072d  Nokia5110_PrintBMP            
00000689  Nokia5110_SetCursor           
0000096b  Nokia5110_SetPxl              
20000200  OUTPUT                        
00001f13  PCM_IRQHandler                
00001f13  PORT1_IRQHandler              
00001f13  PORT2_IRQHandler              
00001f13  PORT3_IRQHandler              
00001f13  PORT4_IRQHandler              
00001f13  PORT5_IRQHandler              
00001f13  PORT6_IRQHandler              
00001f13  PSS_IRQHandler                
00000a83  PWM_Duty1                     
00000aa3  PWM_Duty2                     
00000b47  PWM_Duty3                     
00000b67  PWM_Duty4                     
00000999  PWM_Init1                     
000009ff  PWM_Init12                    
00000ac3  PWM_Init34                    
00000caf  PWM_RobotArmDuty0             
00000cd5  PWM_RobotArmDuty1             
00000cfb  PWM_RobotArmDuty2             
00000ccf  PWM_RobotArmGetDuty0          
00000cf5  PWM_RobotArmGetDuty1          
00000d1b  PWM_RobotArmGetDuty2          
00000b87  PWM_RobotArmInit              
00001f13  PendSV_Handler                
20000220  Postwait                      
20000218  Prewait                       
20000210  RAW_INPUT                     
2000020e  RIGHT_TRACKER                 
00001f13  RTC_C_IRQHandler              
0000175d  Reflectance_Center            
00001871  Reflectance_End               
000016a9  Reflectance_Init              
00001787  Reflectance_Position          
00001725  Reflectance_Read              
00001851  Reflectance_Start             
00001f07  Reset_Handler                 
00001f13  SVC_Handler                   
20000000  Screen                        
20000204  Spt                           
00001ec5  StartCritical                 
0000126b  SysTick_Handler               
0000126b  SysTick_Handler               
00001e45  SysTick_Init                  
20000234  SystemCoreClock               
00000db9  SystemCoreClockUpdate         
00001031  SystemInit                    
00001f13  T32_INT1_IRQHandler           
00001f13  T32_INT2_IRQHandler           
00001f13  T32_INTC_IRQHandler           
00001f13  TA0_0_IRQHandler              
00001f13  TA0_N_IRQHandler              
00001cc7  TA1_0_IRQHandler              
00001cc7  TA1_0_IRQHandler              
00001f13  TA1_N_IRQHandler              
00001f13  TA2_0_IRQHandler              
00001f13  TA2_N_IRQHandler              
00001f13  TA3_0_IRQHandler              
00001f13  TA3_N_IRQHandler              
00000127  Testcommandwrite              
20000208  TimerA1Task                   
00001c51  TimerA1_Init                  
00001cb1  TimerA1_Stop                  
00001f13  UsageFault_Handler            
4000480c  WDTCTL_SYM                    
00001f13  WDT_A_IRQHandler              
00001ed7  WaitForInterrupt              
20010000  __STACK_END                   
00000200  __STACK_SIZE                  
00002270  __TI_CINIT_Base               
00002280  __TI_CINIT_Limit              
00002258  __TI_Handler_Table_Base       
00002264  __TI_Handler_Table_Limit      
00001e01  __TI_auto_init_nobinit_nopinit
00001d99  __TI_decompress_lzss          
00001ef9  __TI_decompress_none          
ffffffff  __TI_pprof_out_hndl           
ffffffff  __TI_prof_data_size           
ffffffff  __TI_prof_data_start          
00000000  __TI_static_base__            
00001edd  __TI_zero_init_nomemset       
00001cfd  __aeabi_memcpy                
00001cfd  __aeabi_memcpy4               
00001cfd  __aeabi_memcpy8               
ffffffff  __binit__                     
ffffffff  __c_args__                    
UNDEFED   __mpu_init                    
2000fe00  __stack                       
00001e85  _c_int00_noargs               
UNDEFED   _system_post_cinit            
00001f15  _system_pre_init              
00001f19  abort                         
00001523  backward                      
ffffffff  binit                         
0000120f  classify_input                
000019e1  delay                         
00001495  forward                       
000020fc  fsm                           
0000170f  infraredOFF                   
000016f9  infraredON                    
00000000  interruptVectors              
2000022c  leftDrive                     
000012af  main                          
00001cfd  memcpy                        
20000238  repeatCounter                 
20000230  rightDrive                    
00001181  updateScreen                  


GLOBAL SYMBOLS: SORTED BY Symbol Address 

address   name                          
-------   ----                          
00000000  __TI_static_base__            
00000000  interruptVectors              
00000127  Testcommandwrite              
00000173  Nokia5110_Init                
00000200  __STACK_SIZE                  
0000021d  Nokia5110_OutChar             
0000025d  Nokia5110_OutString           
00000287  Nokia5110_OutUDec             
0000037f  Nokia5110_OutSDec             
00000399  Nokia5110_OutUFix1            
00000449  Nokia5110_OutSFix1            
0000053d  Nokia5110_OutHex7             
00000573  Nokia5110_OutUHex7            
0000059b  Nokia5110_OutUDec16           
00000633  Nokia5110_OutUDec2            
00000689  Nokia5110_SetCursor           
000006c5  Nokia5110_Clear               
000006f1  Nokia5110_DrawFullImage       
0000072d  Nokia5110_PrintBMP            
00000911  Nokia5110_ClearBuffer         
0000093b  Nokia5110_DisplayBuffer       
00000945  Nokia5110_ClrPxl              
0000096b  Nokia5110_SetPxl              
00000999  PWM_Init1                     
000009ff  PWM_Init12                    
00000a83  PWM_Duty1                     
00000aa3  PWM_Duty2                     
00000ac3  PWM_Init34                    
00000b47  PWM_Duty3                     
00000b67  PWM_Duty4                     
00000b87  PWM_RobotArmInit              
00000caf  PWM_RobotArmDuty0             
00000ccf  PWM_RobotArmGetDuty0          
00000cd5  PWM_RobotArmDuty1             
00000cf5  PWM_RobotArmGetDuty1          
00000cfb  PWM_RobotArmDuty2             
00000d1b  PWM_RobotArmGetDuty2          
00000db9  SystemCoreClockUpdate         
00001031  SystemInit                    
000010ed  Motor_search_left             
00001137  Motor_search_right            
00001181  updateScreen                  
00001195  BumpResponse                  
0000120f  classify_input                
0000126b  SysTick_Handler               
0000126b  SysTick_Handler               
000012af  main                          
0000140d  Motor_Init                    
00001495  forward                       
00001523  backward                      
000015b1  Motor_Stop                    
000015dd  Motor_Forward                 
000015ff  Motor_Right                   
00001627  Motor_Left                    
0000164f  Motor_Backward                
000016a9  Reflectance_Init              
000016f9  infraredON                    
0000170f  infraredOFF                   
00001725  Reflectance_Read              
0000175d  Reflectance_Center            
00001787  Reflectance_Position          
00001851  Reflectance_Start             
00001871  Reflectance_End               
000018c5  Clock_Init48MHz               
000019db  Clock_GetFreq                 
000019e1  delay                         
000019ef  Clock_Delay1us                
00001a19  Clock_Delay1ms                
00001aa5  LaunchPad_Init                
00001b15  LaunchPad_Input               
00001b2f  LaunchPad_LED                 
00001b4d  LaunchPad_Output              
00001b99  Bump_Init                     
00001bcd  Bump_Read                     
00001c51  TimerA1_Init                  
00001cb1  TimerA1_Stop                  
00001cc7  TA1_0_IRQHandler              
00001cc7  TA1_0_IRQHandler              
00001cfd  __aeabi_memcpy                
00001cfd  __aeabi_memcpy4               
00001cfd  __aeabi_memcpy8               
00001cfd  memcpy                        
00001d99  __TI_decompress_lzss          
00001e01  __TI_auto_init_nobinit_nopinit
00001e45  SysTick_Init                  
00001e85  _c_int00_noargs               
00001eb9  DisableInterrupts             
00001ebf  EnableInterrupts              
00001ec5  StartCritical                 
00001ecf  EndCritical                   
00001ed7  WaitForInterrupt              
00001edd  __TI_zero_init_nomemset       
00001ef9  __TI_decompress_none          
00001f07  Reset_Handler                 
00001f13  ADC14_IRQHandler              
00001f13  AES256_IRQHandler             
00001f13  BusFault_Handler              
00001f13  COMP_E0_IRQHandler            
00001f13  COMP_E1_IRQHandler            
00001f13  CS_IRQHandler                 
00001f13  DMA_ERR_IRQHandler            
00001f13  DMA_INT0_IRQHandler           
00001f13  DMA_INT1_IRQHandler           
00001f13  DMA_INT2_IRQHandler           
00001f13  DMA_INT3_IRQHandler           
00001f13  DebugMon_Handler              
00001f13  Default_Handler               
00001f13  EUSCIA0_IRQHandler            
00001f13  EUSCIA1_IRQHandler            
00001f13  EUSCIA2_IRQHandler            
00001f13  EUSCIA3_IRQHandler            
00001f13  EUSCIB0_IRQHandler            
00001f13  EUSCIB1_IRQHandler            
00001f13  EUSCIB2_IRQHandler            
00001f13  EUSCIB3_IRQHandler            
00001f13  FLCTL_IRQHandler              
00001f13  FPU_IRQHandler                
00001f13  HardFault_Handler             
00001f13  MemManage_Handler             
00001f13  NMI_Handler                   
00001f13  PCM_IRQHandler                
00001f13  PORT1_IRQHandler              
00001f13  PORT2_IRQHandler              
00001f13  PORT3_IRQHandler              
00001f13  PORT4_IRQHandler              
00001f13  PORT5_IRQHandler              
00001f13  PORT6_IRQHandler              
00001f13  PSS_IRQHandler                
00001f13  PendSV_Handler                
00001f13  RTC_C_IRQHandler              
00001f13  SVC_Handler                   
00001f13  T32_INT1_IRQHandler           
00001f13  T32_INT2_IRQHandler           
00001f13  T32_INTC_IRQHandler           
00001f13  TA0_0_IRQHandler              
00001f13  TA0_N_IRQHandler              
00001f13  TA1_N_IRQHandler              
00001f13  TA2_0_IRQHandler              
00001f13  TA2_N_IRQHandler              
00001f13  TA3_0_IRQHandler              
00001f13  TA3_N_IRQHandler              
00001f13  UsageFault_Handler            
00001f13  WDT_A_IRQHandler              
00001f15  _system_pre_init              
00001f19  C$$EXIT                       
00001f19  abort                         
000020fc  fsm                           
0000223c  Masks                         
00002258  __TI_Handler_Table_Base       
00002264  __TI_Handler_Table_Limit      
00002270  __TI_CINIT_Base               
00002280  __TI_CINIT_Limit              
20000000  Screen                        
200001f8  INPUT                         
200001fc  INTERRUPT_COUNTER             
20000200  OUTPUT                        
20000204  Spt                           
20000208  TimerA1Task                   
2000020c  LEFT_TRACKER                  
2000020e  RIGHT_TRACKER                 
20000210  RAW_INPUT                     
20000214  ClockFrequency                
20000218  Prewait                       
2000021c  CPMwait                       
20000220  Postwait                      
20000224  IFlags                        
20000228  Crystalstable                 
2000022c  leftDrive                     
20000230  rightDrive                    
20000234  SystemCoreClock               
20000238  repeatCounter                 
2000fe00  __stack                       
20010000  __STACK_END                   
4000480c  WDTCTL_SYM                    
ffffffff  __TI_pprof_out_hndl           
ffffffff  __TI_prof_data_size           
ffffffff  __TI_prof_data_start          
ffffffff  __binit__                     
ffffffff  __c_args__                    
ffffffff  binit                         
UNDEFED   __mpu_init                    
UNDEFED   _system_post_cinit            

[182 symbols]
