******************************************************************************
                  TI ARM Linker PC v18.12.2                    
******************************************************************************
>> Linked Wed Sep 18 14:59:11 2019

OUTPUT FILE NAME:   <Lab04_SoftwareDesign.out>
ENTRY POINT SYMBOL: "_c_int00_noargs"  address: 00000715


MEMORY CONFIGURATION

         name            origin    length      used     unused   attr    fill
----------------------  --------  ---------  --------  --------  ----  --------
  MAIN                  00000000   00040000  0000083e  0003f7c2  R  X
  INFO                  00200000   00004000  00000000  00004000  R  X
  SRAM_CODE             01000000   00010000  00000218  0000fde8  RW X
  SRAM_DATA             20000000   00010000  00000218  0000fde8  RW  


SEGMENT ALLOCATION MAP

run origin  load origin   length   init length attrs members
----------  ----------- ---------- ----------- ----- -------
00000000    00000000    00000840   00000840    r-x
  00000000    00000000    000000e4   000000e4    r-- .intvecs
  000000e4    000000e4    000006d2   000006d2    r-x .text
  000007b8    000007b8    00000048   00000048    r-- .const
  00000800    00000800    00000040   00000040    r-- .cinit
20000000    20000000    00000018   00000000    rw-
  20000000    20000000    00000014   00000000    rw- .data
  20000014    20000014    00000004   00000000    rw- .bss
2000fe00    2000fe00    00000200   00000000    rw-
  2000fe00    2000fe00    00000200   00000000    rw- .stack


SECTION ALLOCATION MAP

 output                                  attributes/
section   page    origin      length       input sections
--------  ----  ----------  ----------   ----------------
.intvecs   0    00000000    000000e4     
                  00000000    000000e4     startup_msp432p401r_ccs.obj (.intvecs:retain)

.text      0    000000e4    000006d2     
                  000000e4    000001e4     Solution.obj (.text)
                  000002c8    000001e4     system_msp432p401r.obj (.text)
                  000004ac    000000d8     Lab04_SoftwareDesignmain.obj (.text)
                  00000584    0000009c     rtsv7M4_T_le_v4SPD16_eabi.lib : memcpy_t2.asm.obj (.text)
                  00000620    00000068                                   : copy_decompress_lzss.c.obj (.text:decompress:lzss:__TI_decompress_lzss)
                  00000688    00000048                                   : fd_toi_t2.asm.obj (.text)
                  000006d0    00000044                                   : autoinit.c.obj (.text:__TI_auto_init_nobinit_nopinit:__TI_auto_init_nobinit_nopinit)
                  00000714    00000034                                   : boot_cortex_m.c.obj (.text:_c_int00_noargs:_c_int00_noargs)
                  00000748    0000002e                                   : i_tofd_t2.asm.obj (.text)
                  00000776    0000001c                                   : copy_zero_init.c.obj (.text:decompress:ZI:__TI_zero_init_nomemset:__TI_zero_init_nomemset)
                  00000792    0000000e                                   : copy_decompress_none.c.obj (.text:decompress:none:__TI_decompress_none)
                  000007a0    0000000e     startup_msp432p401r_ccs.obj (.text)
                  000007ae    00000004     rtsv7M4_T_le_v4SPD16_eabi.lib : pre_init.c.obj (.text:_system_pre_init)
                  000007b2    00000004                                   : exit.c.obj (.text:abort:abort)

.const     0    000007b8    00000048     
                  000007b8    00000048     Lab04_SoftwareDesignmain.obj (.const:CornerCases)

.cinit     0    00000800    00000040     
                  00000800    00000019     (.cinit..data.load) [load image, compression = lzss]
                  00000819    00000003     --HOLE-- [fill = 0]
                  0000081c    0000000c     (__TI_handler_table)
                  00000828    00000008     (.cinit..bss.load) [load image, compression = zero_init]
                  00000830    00000010     (__TI_cinit_table)

.init_array 
*          0    00000000    00000000     UNINITIALIZED

.binit     0    00000000    00000000     

.data      0    20000000    00000014     UNINITIALIZED
                  20000000    00000010     Solution.obj (.data)
                  20000010    00000004     system_msp432p401r.obj (.data)

.bss       0    20000014    00000004     UNINITIALIZED
                  20000014    00000004     (.common:errors)

.stack     0    2000fe00    00000200     UNINITIALIZED
                  2000fe00    00000004     rtsv7M4_T_le_v4SPD16_eabi.lib : boot_cortex_m.c.obj (.stack)
                  2000fe04    000001fc     --HOLE--

MODULE SUMMARY

       Module                         code   ro data   rw data
       ------                         ----   -------   -------
    ..\
       Solution.obj                   484    0         32     
    +--+------------------------------+------+---------+---------+
       Total:                         484    0         32     
                                                              
    .\
       system_msp432p401r.obj         484    0         8      
       Lab04_SoftwareDesignmain.obj   216    72        8      
       startup_msp432p401r_ccs.obj    14     228       0      
    +--+------------------------------+------+---------+---------+
       Total:                         714    300       16     
                                                              
    C:\ti\ccs910\ccs\tools\compiler\ti-cgt-arm_18.12.2.LTS\lib\rtsv7M4_T_le_v4SPD16_eabi.lib
       memcpy_t2.asm.obj              156    0         0      
       copy_decompress_lzss.c.obj     104    0         0      
       fd_toi_t2.asm.obj              72     0         0      
       autoinit.c.obj                 68     0         0      
       boot_cortex_m.c.obj            52     0         0      
       i_tofd_t2.asm.obj              46     0         0      
       copy_zero_init.c.obj           28     0         0      
       copy_decompress_none.c.obj     14     0         0      
       exit.c.obj                     4      0         0      
       pre_init.c.obj                 4      0         0      
    +--+------------------------------+------+---------+---------+
       Total:                         548    0         0      
                                                              
       Stack:                         0      0         1024   
       Linker Generated:              0      61        0      
    +--+------------------------------+------+---------+---------+
       Grand Total:                   1746   361       1072   


LINKER GENERATED COPY TABLES

__TI_cinit_table @ 00000830 records: 2, size/record: 8, table size: 16
	.data: load addr=00000800, load size=00000019 bytes, run addr=20000000, run size=00000014 bytes, compression=lzss
	.bss: load addr=00000828, load size=00000008 bytes, run addr=20000014, run size=00000004 bytes, compression=zero_init


LINKER GENERATED HANDLER TABLE

__TI_handler_table @ 0000081c records: 3, size/record: 4, table size: 12
	index: 0, handler: __TI_decompress_lzss
	index: 1, handler: __TI_decompress_none
	index: 2, handler: __TI_zero_init


GLOBAL SYMBOLS: SORTED ALPHABETICALLY BY Name 

address   name                          
-------   ----                          
000007ad  ADC14_IRQHandler              
000007ad  AES256_IRQHandler             
000007ad  BusFault_Handler              
000007b3  C$$EXIT                       
000007ad  COMP_E0_IRQHandler            
000007ad  COMP_E1_IRQHandler            
000007ad  CS_IRQHandler                 
2000000c  Centermin                     
20000008  Centeropen                    
000004ad  Classify                      
00000551  Convert                       
000007b8  CornerCases                   
000007ad  DMA_ERR_IRQHandler            
000007ad  DMA_INT0_IRQHandler           
000007ad  DMA_INT1_IRQHandler           
000007ad  DMA_INT2_IRQHandler           
000007ad  DMA_INT3_IRQHandler           
000007ad  DebugMon_Handler              
000007ad  Default_Handler               
000007ad  EUSCIA0_IRQHandler            
000007ad  EUSCIA1_IRQHandler            
000007ad  EUSCIA2_IRQHandler            
000007ad  EUSCIA3_IRQHandler            
000007ad  EUSCIB0_IRQHandler            
000007ad  EUSCIB1_IRQHandler            
000007ad  EUSCIB2_IRQHandler            
000007ad  EUSCIB3_IRQHandler            
000007ad  FLCTL_IRQHandler              
000007ad  FPU_IRQHandler                
000007ad  HardFault_Handler             
000007ad  MemManage_Handler             
000007ad  NMI_Handler                   
000007ad  PCM_IRQHandler                
000007ad  PORT1_IRQHandler              
000007ad  PORT2_IRQHandler              
000007ad  PORT3_IRQHandler              
000007ad  PORT4_IRQHandler              
000007ad  PORT5_IRQHandler              
000007ad  PORT6_IRQHandler              
000007ad  PSS_IRQHandler                
000007ad  PendSV_Handler                
00000575  Program4_1                    
000004f9  Program4_2                    
000004b1  Program4_3                    
000007ad  RTC_C_IRQHandler              
000007a1  Reset_Handler                 
000007ad  SVC_Handler                   
000000e5  SetParametersForSolution      
20000000  Sidemax                       
20000004  Sidemin                       
0000010d  Solution                      
000007ad  SysTick_Handler               
20000010  SystemCoreClock               
0000031f  SystemCoreClockUpdate         
000002c9  SystemInit                    
000007ad  T32_INT1_IRQHandler           
000007ad  T32_INT2_IRQHandler           
000007ad  T32_INTC_IRQHandler           
000007ad  TA0_0_IRQHandler              
000007ad  TA0_N_IRQHandler              
000007ad  TA1_0_IRQHandler              
000007ad  TA1_N_IRQHandler              
000007ad  TA2_0_IRQHandler              
000007ad  TA2_N_IRQHandler              
000007ad  TA3_0_IRQHandler              
000007ad  TA3_N_IRQHandler              
000007ad  UsageFault_Handler            
4000480c  WDTCTL_SYM                    
000007ad  WDT_A_IRQHandler              
20010000  __STACK_END                   
00000200  __STACK_SIZE                  
00000830  __TI_CINIT_Base               
00000840  __TI_CINIT_Limit              
0000081c  __TI_Handler_Table_Base       
00000828  __TI_Handler_Table_Limit      
000006d1  __TI_auto_init_nobinit_nopinit
00000621  __TI_decompress_lzss          
00000793  __TI_decompress_none          
ffffffff  __TI_pprof_out_hndl           
ffffffff  __TI_prof_data_size           
ffffffff  __TI_prof_data_start          
00000000  __TI_static_base__            
00000777  __TI_zero_init_nomemset       
00000689  __aeabi_d2iz                  
00000749  __aeabi_i2d                   
00000585  __aeabi_memcpy                
00000585  __aeabi_memcpy4               
00000585  __aeabi_memcpy8               
ffffffff  __binit__                     
ffffffff  __c_args__                    
UNDEFED   __mpu_init                    
2000fe00  __stack                       
00000715  _c_int00_noargs               
UNDEFED   _system_post_cinit            
000007af  _system_pre_init              
000007b3  abort                         
ffffffff  binit                         
20000014  errors                        
00000000  interruptVectors              
00000575  main                          
00000585  memcpy                        


GLOBAL SYMBOLS: SORTED BY Symbol Address 

address   name                          
-------   ----                          
00000000  __TI_static_base__            
00000000  interruptVectors              
000000e5  SetParametersForSolution      
0000010d  Solution                      
00000200  __STACK_SIZE                  
000002c9  SystemInit                    
0000031f  SystemCoreClockUpdate         
000004ad  Classify                      
000004b1  Program4_3                    
000004f9  Program4_2                    
00000551  Convert                       
00000575  Program4_1                    
00000575  main                          
00000585  __aeabi_memcpy                
00000585  __aeabi_memcpy4               
00000585  __aeabi_memcpy8               
00000585  memcpy                        
00000621  __TI_decompress_lzss          
00000689  __aeabi_d2iz                  
000006d1  __TI_auto_init_nobinit_nopinit
00000715  _c_int00_noargs               
00000749  __aeabi_i2d                   
00000777  __TI_zero_init_nomemset       
00000793  __TI_decompress_none          
000007a1  Reset_Handler                 
000007ad  ADC14_IRQHandler              
000007ad  AES256_IRQHandler             
000007ad  BusFault_Handler              
000007ad  COMP_E0_IRQHandler            
000007ad  COMP_E1_IRQHandler            
000007ad  CS_IRQHandler                 
000007ad  DMA_ERR_IRQHandler            
000007ad  DMA_INT0_IRQHandler           
000007ad  DMA_INT1_IRQHandler           
000007ad  DMA_INT2_IRQHandler           
000007ad  DMA_INT3_IRQHandler           
000007ad  DebugMon_Handler              
000007ad  Default_Handler               
000007ad  EUSCIA0_IRQHandler            
000007ad  EUSCIA1_IRQHandler            
000007ad  EUSCIA2_IRQHandler            
000007ad  EUSCIA3_IRQHandler            
000007ad  EUSCIB0_IRQHandler            
000007ad  EUSCIB1_IRQHandler            
000007ad  EUSCIB2_IRQHandler            
000007ad  EUSCIB3_IRQHandler            
000007ad  FLCTL_IRQHandler              
000007ad  FPU_IRQHandler                
000007ad  HardFault_Handler             
000007ad  MemManage_Handler             
000007ad  NMI_Handler                   
000007ad  PCM_IRQHandler                
000007ad  PORT1_IRQHandler              
000007ad  PORT2_IRQHandler              
000007ad  PORT3_IRQHandler              
000007ad  PORT4_IRQHandler              
000007ad  PORT5_IRQHandler              
000007ad  PORT6_IRQHandler              
000007ad  PSS_IRQHandler                
000007ad  PendSV_Handler                
000007ad  RTC_C_IRQHandler              
000007ad  SVC_Handler                   
000007ad  SysTick_Handler               
000007ad  T32_INT1_IRQHandler           
000007ad  T32_INT2_IRQHandler           
000007ad  T32_INTC_IRQHandler           
000007ad  TA0_0_IRQHandler              
000007ad  TA0_N_IRQHandler              
000007ad  TA1_0_IRQHandler              
000007ad  TA1_N_IRQHandler              
000007ad  TA2_0_IRQHandler              
000007ad  TA2_N_IRQHandler              
000007ad  TA3_0_IRQHandler              
000007ad  TA3_N_IRQHandler              
000007ad  UsageFault_Handler            
000007ad  WDT_A_IRQHandler              
000007af  _system_pre_init              
000007b3  C$$EXIT                       
000007b3  abort                         
000007b8  CornerCases                   
0000081c  __TI_Handler_Table_Base       
00000828  __TI_Handler_Table_Limit      
00000830  __TI_CINIT_Base               
00000840  __TI_CINIT_Limit              
20000000  Sidemax                       
20000004  Sidemin                       
20000008  Centeropen                    
2000000c  Centermin                     
20000010  SystemCoreClock               
20000014  errors                        
2000fe00  __stack                       
20010000  __STACK_END                   
4000480c  WDTCTL_SYM                    
ffffffff  __TI_pprof_out_hndl           
ffffffff  __TI_prof_data_size           
ffffffff  __TI_prof_data_start          
ffffffff  __binit__                     
ffffffff  __c_args__                    
ffffffff  binit                         
UNDEFED   __mpu_init                    
UNDEFED   _system_post_cinit            

[101 symbols]
