******************************************************************************
                  TI ARM Linker PC v18.12.1                    
******************************************************************************
>> Linked Wed Jul 31 21:54:12 2019

OUTPUT FILE NAME:   <Lab19_BLE.out>
ENTRY POINT SYMBOL: "_c_int00_noargs"  address: 00004fad


MEMORY CONFIGURATION

         name            origin    length      used     unused   attr    fill
----------------------  --------  ---------  --------  --------  ----  --------
  MAIN                  00000000   00040000  000054fe  0003ab02  R  X
  INFO                  00200000   00004000  00000000  00004000  R  X
  SRAM_CODE             01000000   00010000  00003fae  0000c052  RW X
  SRAM_DATA             20000000   00010000  00003fae  0000c052  RW  


SEGMENT ALLOCATION MAP

run origin  load origin   length   init length attrs members
----------  ----------- ---------- ----------- ----- -------
00000000    00000000    00005500   00005500    r-x
  00000000    00000000    000000e4   000000e4    r-- .intvecs
  000000e4    000000e4    000050aa   000050aa    r-x .text
  0000518e    0000518e    00000228   00000228    r-- .const
  000053b8    000053b8    00000148   00000148    r-- .cinit
20000000    20000000    00003db0   00000000    rw-
  20000000    20000000    000036a6   00000000    rw- .bss
  200036a8    200036a8    00000400   00000000    rw- .sysmem
  20003aa8    20003aa8    00000308   00000000    rw- .data
2000fe00    2000fe00    00000200   00000000    rw-
  2000fe00    2000fe00    00000200   00000000    rw- .stack


SECTION ALLOCATION MAP

 output                                  attributes/
section   page    origin      length       input sections
--------  ----  ----------  ----------   ----------------
.intvecs   0    00000000    000000e4     
                  00000000    000000e4     startup_msp432p401r_ccs.obj (.intvecs:retain)

.text      0    000000e4    000050aa     
                  000000e4    00001014     AP.obj (.text)
                  000010f8    00000b7c     Nokia5110.obj (.text)
                  00001c74    00000780     Lab19_TestMain.obj (.text)
                  000023f4    000006e0     UART0.obj (.text)
                  00002ad4    00000490     ADC14.obj (.text)
                  00002f64    00000420     PWM.obj (.text)
                  00003384    000003a0     LPF.obj (.text)
                  00003724    0000032c     system_msp432p401r.obj (.text)
                  00003a50    000001e0     Clock.obj (.text)
                  00003c30    000001a4     UART1.obj (.text)
                  00003dd4    0000018c     Motor.obj (.text)
                  00003f60    0000010c     rtsv7M4_T_le_v4SPD16_eabi.lib : fopen.c.obj (.text:_openfile)
                  0000406c    000000f4     LaunchPad.obj (.text)
                  00004160    000000f4     rtsv7M4_T_le_v4SPD16_eabi.lib : memory.c.obj (.text:aligned_alloc)
                  00004254    000000e8                                   : memory.c.obj (.text:free)
                  0000433c    000000dc                                   : setvbuf.c.obj (.text:setvbuf)
                  00004418    000000c0     GPIO.obj (.text)
                  000044d8    000000bc     rtsv7M4_T_le_v4SPD16_eabi.lib : open.c.obj (.text:open)
                  00004594    000000b8                                   : add_device.c.obj (.text:add_device)
                  0000464c    000000a8     TimerA1.obj (.text)
                  000046f4    0000009c     rtsv7M4_T_le_v4SPD16_eabi.lib : fopen.c.obj (.text:fopen)
                  00004790    0000009c                                   : memcpy_t2.asm.obj (.text)
                  0000482c    0000007c     IRDistance.obj (.text)
                  000048a8    0000007c     rtsv7M4_T_le_v4SPD16_eabi.lib : memory.c.obj (.text:split)
                  00004924    0000007a                                   : memset_t2.asm.obj (.text)
                  0000499e    00000002                                   : _lock.c.obj (.text:_nop)
                  000049a0    00000078     Bump.obj (.text)
                  00004a18    00000074     rtsv7M4_T_le_v4SPD16_eabi.lib : fclose.c.obj (.text:__TI_closefile)
                  00004a8c    00000068                                   : hostlseek.c.obj (.text:HOSTlseek)
                  00004af4    00000068                                   : hostrename.c.obj (.text:HOSTrename)
                  00004b5c    00000068                                   : copy_decompress_lzss.c.obj (.text:decompress:lzss:__TI_decompress_lzss)
                  00004bc4    00000060                                   : hostopen.c.obj (.text:HOSTopen)
                  00004c24    0000005c                                   : close.c.obj (.text:close)
                  00004c80    00000058                                   : hostread.c.obj (.text:HOSTread)
                  00004cd8    00000058                                   : hostwrite.c.obj (.text:HOSTwrite)
                  00004d30    0000004c                                   : fflush.c.obj (.text:__TI_doflush)
                  00004d7c    00000048                                   : exit.c.obj (.text:exit)
                  00004dc4    00000044                                   : hostclose.c.obj (.text:HOSTclose)
                  00004e08    00000044                                   : hostunlink.c.obj (.text:HOSTunlink)
                  00004e4c    00000044                                   : autoinit.c.obj (.text:__TI_auto_init_nobinit_nopinit:__TI_auto_init_nobinit_nopinit)
                  00004e90    00000044                                   : getdevice.c.obj (.text:getdevice)
                  00004ed4    00000038                                   : trgmsg.c.obj (.text:__TI_writemsg)
                  00004f0c    00000036                                   : strncpy.c.obj (.text:strncpy)
                  00004f42    00000002     --HOLE-- [fill = 0]
                  00004f44    00000034                                   : fopen.c.obj (.text:__TI_cleanup)
                  00004f78    00000034                                   : trgmsg.c.obj (.text:__TI_readmsg)
                  00004fac    00000034                                   : boot_cortex_m.c.obj (.text:_c_int00_noargs:_c_int00_noargs)
                  00004fe0    00000034                                   : fopen.c.obj (.text:freopen)
                  00005014    00000030                                   : getdevice.c.obj (.text:finddevice)
                  00005044    0000002c                                   : unlink.c.obj (.text:unlink)
                  00005070    00000028                                   : memory.c.obj (.text:free_list_insert)
                  00005098    00000028                                   : write.c.obj (.text:write)
                  000050c0    00000024     CortexM.obj (.text)
                  000050e4    0000001c     rtsv7M4_T_le_v4SPD16_eabi.lib : memory.c.obj (.text:free_list_remove)
                  00005100    00000018                                   : strcmp.c.obj (.text:strcmp)
                  00005118    00000016                                   : strchr.c.obj (.text:strchr)
                  0000512e    00000014                                   : strcpy.c.obj (.text:strcpy)
                  00005142    00000014                                   : strlen.c.obj (.text:strlen)
                  00005156    0000000e                                   : copy_decompress_none.c.obj (.text:decompress:none:__TI_decompress_none)
                  00005164    0000000e     startup_msp432p401r_ccs.obj (.text)
                  00005172    0000000c     rtsv7M4_T_le_v4SPD16_eabi.lib : copy_zero_init.c.obj (.text:decompress:ZI:__TI_zero_init)
                  0000517e    00000008                                   : memory.c.obj (.text:malloc)
                  00005186    00000004                                   : pre_init.c.obj (.text:_system_pre_init)
                  0000518a    00000004                                   : exit.c.obj (.text:abort:abort)

.const     0    0000518e    00000228     
                  0000518e    000001e0     Nokia5110.obj (.const:ASCII)
                  0000536e    00000014     AP.obj (.const:.string:NPI_StartAdvertisement)
                  00005382    00000011     AP.obj (.const:.string:NPI_SetAdvertisement1)
                  00005393    00000009     AP.obj (.const:.string:HCI_EXT_ResetSystemCmd)
                  0000539c    00000008     Nokia5110.obj (.const:.string:Masks)
                  000053a4    00000006     AP.obj (.const:.string:NPI_GetStatus)
                  000053aa    00000006     AP.obj (.const:.string:NPI_GetVersion)
                  000053b0    00000006     AP.obj (.const:.string:NPI_Register)

.cinit     0    000053b8    00000148     
                  000053b8    00000123     (.cinit..data.load) [load image, compression = lzss]
                  000054db    00000001     --HOLE-- [fill = 0]
                  000054dc    0000000c     (__TI_handler_table)
                  000054e8    00000008     (.cinit..bss.load) [load image, compression = zero_init]
                  000054f0    00000010     (__TI_cinit_table)

.init_array 
*          0    00000000    00000000     UNINITIALIZED

.binit     0    00000000    00000000     

.bss       0    20000000    000036a6     UNINITIALIZED
                  20000000    00001000     (.common:x)
                  20001000    00001000     (.common:x2)
                  20002000    00001000     (.common:x3)
                  20003000    000001f8     (.common:Screen)
                  200031f8    00000120     rtsv7M4_T_le_v4SPD16_eabi.lib : trgmsg.c.obj (.bss:_CIOBUF_)
                  20003318    00000100     (.common:RxFIFO)
                  20003418    000000a0     (.common:CharacteristicList)
                  200034b8    000000a0     (.common:__TI_tmpnams)
                  20003558    00000080     (.common:RecvBuf)
                  200035d8    00000050     (.common:NotifyCharacteristicList)
                  20003628    00000008     (.common:Messageb)
                  20003630    00000008     (.common:parmbuf)
                  20003638    00000004     (.common:ADCflag)
                  2000363c    00000004     (.common:Center)
                  20003640    00000004     (.common:I1)
                  20003644    00000004     (.common:LPFSum)
                  20003648    00000004     (.common:LPFSum2)
                  2000364c    00000004     (.common:LPFSum3)
                  20003650    00000004     (.common:Left)
                  20003654    00000004     (.common:Messageindexb)
                  20003658    00000004     (.common:NoSOFErr)
                  2000365c    00000004     (.common:Pt)
                  20003660    00000004     (.common:Pt2)
                  20003664    00000004     (.common:Pt3)
                  20003668    00000004     (.common:Right)
                  2000366c    00000004     (.common:RxFifoLost)
                  20003670    00000004     (.common:RxGetI)
                  20003674    00000004     (.common:RxPutI)
                  20003678    00000004     (.common:Size)
                  2000367c    00000004     (.common:Switch2)
                  20003680    00000004     (.common:TimeOutErr)
                  20003684    00000004     (.common:TimerA1Task)
                  20003688    00000004     (.common:fcserr)
                  2000368c    00000004     (.common:nc)
                  20003690    00000004     (.common:nl)
                  20003694    00000004     (.common:nr)
                  20003698    00000004     (.common:u1)
                  2000369c    00000004     (.common:u2)
                  200036a0    00000004     (.common:u3)
                  200036a4    00000002     (.common:Switch1)

.sysmem    0    200036a8    00000400     UNINITIALIZED
                  200036a8    00000010     rtsv7M4_T_le_v4SPD16_eabi.lib : memory.c.obj (.sysmem)
                  200036b8    000003f0     --HOLE--

.data      0    20003aa8    00000308     UNINITIALIZED
                  20003aa8    000000f0     rtsv7M4_T_le_v4SPD16_eabi.lib : defs.c.obj (.data:_ftable)
                  20003b98    00000078                                   : host_device.c.obj (.data:_device)
                  20003c10    00000050                                   : host_device.c.obj (.data:_stream)
                  20003c60    00000025     AP.obj (.data:NPI_SetAdvertisementData)
                  20003c85    00000020     AP.obj (.data:NPI_AddCharDescriptor)
                  20003ca5    0000001e     AP.obj (.data:NPI_SetAdvertisementDataJacki)
                  20003cc3    0000001c     AP.obj (.data:NPI_GATTSetDeviceName)
                  20003cdf    00000001     --HOLE--
                  20003ce0    00000018     Clock.obj (.data)
                  20003cf8    00000015     AP.obj (.data:NPI_GATTSetDeviceNameJacki)
                  20003d0d    00000015     AP.obj (.data:NPI_ReadConfirmation)
                  20003d22    00000014     AP.obj (.data:NPI_SendNotificationIndication)
                  20003d36    00000002     --HOLE--
                  20003d38    00000010     rtsv7M4_T_le_v4SPD16_eabi.lib : defs.c.obj (.data)
                  20003d48    0000000e     AP.obj (.data:NPI_AddCharValue)
                  20003d56    00000002     --HOLE--
                  20003d58    0000000c     rtsv7M4_T_le_v4SPD16_eabi.lib : exit.c.obj (.data:$O1$$)
                  20003d64    00000009     AP.obj (.data:NPI_AddService)
                  20003d6d    00000009     AP.obj (.data:NPI_CCCDUpdatedConfirmation)
                  20003d76    00000009     AP.obj (.data:NPI_WriteConfirmation)
                  20003d7f    00000001     --HOLE--
                  20003d80    00000008     rtsv7M4_T_le_v4SPD16_eabi.lib : _lock.c.obj (.data:$O1$$)
                  20003d88    00000008                                   : memory.c.obj (.data:$O1$$)
                  20003d90    00000008     AP.obj (.data)
                  20003d98    00000008     Lab19_TestMain.obj (.data)
                  20003da0    00000004     rtsv7M4_T_le_v4SPD16_eabi.lib : add_device.c.obj (.data)
                  20003da4    00000004                                   : fopen.c.obj (.data)
                  20003da8    00000004                                   : open.c.obj (.data)
                  20003dac    00000004     system_msp432p401r.obj (.data)

.stack     0    2000fe00    00000200     UNINITIALIZED
                  2000fe00    00000004     rtsv7M4_T_le_v4SPD16_eabi.lib : boot_cortex_m.c.obj (.stack)
                  2000fe04    000001fc     --HOLE--

MODULE SUMMARY

       Module                        code    ro data   rw data
       ------                        ----    -------   -------
    ..\
       UART0.obj                     1760    0         24     
    +--+-----------------------------+-------+---------+---------+
       Total:                        1760    0         24     
                                                              
    .\
       LPF.obj                       928     0         24664  
       AP.obj                        4116    64        1236   
       Nokia5110.obj                 2940    488       1008   
       Lab19_TestMain.obj            1920    0         84     
       ADC14.obj                     1168    0         0      
       PWM.obj                       1056    0         0      
       UART1.obj                     420     0         536    
       system_msp432p401r.obj        812     0         8      
       Clock.obj                     480     0         48     
       Motor.obj                     396     0         0      
       LaunchPad.obj                 244     0         0      
       startup_msp432p401r_ccs.obj   14      228       0      
       GPIO.obj                      192     0         0      
       TimerA1.obj                   168     0         8      
       IRDistance.obj                124     0         0      
       Bump.obj                      120     0         0      
       CortexM.obj                   36      0         0      
    +--+-----------------------------+-------+---------+---------+
       Total:                        15134   780       27592  
                                                              
    E:\ti\ccs900\ccs\tools\compiler\ti-cgt-arm_18.12.1.LTS\lib\rtsv7M4_T_le_v4SPD16_eabi.lib
       defs.c.obj                    0       0         832    
       memory.c.obj                  676     0         16     
       trgmsg.c.obj                  108     0         576    
       fopen.c.obj                   528     0         8      
       host_device.c.obj             0       0         400    
       setvbuf.c.obj                 220     0         0      
       open.c.obj                    188     0         8      
       add_device.c.obj              184     0         8      
       memcpy_t2.asm.obj             156     0         0      
       memset_t2.asm.obj             122     0         0      
       fclose.c.obj                  116     0         0      
       getdevice.c.obj               116     0         0      
       hostopen.c.obj                96      0         16     
       copy_decompress_lzss.c.obj    104     0         0      
       hostlseek.c.obj               104     0         0      
       hostrename.c.obj              104     0         0      
       exit.c.obj                    76      0         24     
       close.c.obj                   92      0         0      
       hostread.c.obj                88      0         0      
       hostwrite.c.obj               88      0         0      
       fflush.c.obj                  76      0         0      
       autoinit.c.obj                68      0         0      
       hostclose.c.obj               68      0         0      
       hostunlink.c.obj              68      0         0      
       strncpy.c.obj                 54      0         0      
       boot_cortex_m.c.obj           52      0         0      
       unlink.c.obj                  44      0         0      
       write.c.obj                   40      0         0      
       strcmp.c.obj                  24      0         0      
       strchr.c.obj                  22      0         0      
       strcpy.c.obj                  20      0         0      
       strlen.c.obj                  20      0         0      
       _lock.c.obj                   2       0         16     
       copy_decompress_none.c.obj    14      0         0      
       copy_zero_init.c.obj          12      0         0      
       pre_init.c.obj                4       0         0      
    +--+-----------------------------+-------+---------+---------+
       Total:                        3754    0         1904   
                                                              
       Heap:                         0       0         2048   
       Stack:                        0       0         1024   
       Linker Generated:             0       327       0      
    +--+-----------------------------+-------+---------+---------+
       Grand Total:                  20648   1107      32592  


LINKER GENERATED COPY TABLES

__TI_cinit_table @ 000054f0 records: 2, size/record: 8, table size: 16
	.data: load addr=000053b8, load size=00000123 bytes, run addr=20003aa8, run size=00000308 bytes, compression=lzss
	.bss: load addr=000054e8, load size=00000008 bytes, run addr=20000000, run size=000036a6 bytes, compression=zero_init


LINKER GENERATED HANDLER TABLE

__TI_handler_table @ 000054dc records: 3, size/record: 4, table size: 12
	index: 0, handler: __TI_decompress_lzss
	index: 1, handler: __TI_decompress_none
	index: 2, handler: __TI_zero_init


GLOBAL SYMBOLS: SORTED ALPHABETICALLY BY Name 

address   name                           
-------   ----                           
00002d8d  ADC0_InitSWTriggerCh12         
00002bd1  ADC0_InitSWTriggerCh14         
00002c41  ADC0_InitSWTriggerCh17_14_16   
00002dfd  ADC0_InitSWTriggerCh19         
00002cf1  ADC0_InitSWTriggerCh21_22_23   
00002e8d  ADC0_InitSWTriggerCh23         
00002ad5  ADC0_InitSWTriggerCh6          
00002b45  ADC0_InitSWTriggerCh67         
00005171  ADC14_IRQHandler               
00002ddd  ADC_In12                       
00002c21  ADC_In14                       
00002cb1  ADC_In17_14_16                 
00002e4d  ADC_In19                       
00002d4d  ADC_In21_22_23                 
00002ee9  ADC_In23                       
00002b25  ADC_In6                        
00002b9b  ADC_In67                       
20003638  ADCflag                        
00005171  AES256_IRQHandler              
00000745  AP_AddCharacteristic           
00000901  AP_AddNotifyCharacteristic     
000006ed  AP_AddService                  
00000e15  AP_BackgroundProcess           
00000289  AP_EchoReceived                
0000021d  AP_EchoSendMessage             
000006d7  AP_GetNotifyCCCD               
000001f3  AP_GetSize                     
00000ce9  AP_GetStatus                   
00000d21  AP_GetVersion                  
0000010d  AP_Init                        
000004ad  AP_RecvMessage                 
00000689  AP_RecvStatus                  
00000725  AP_RegisterService             
000000e5  AP_Reset                       
00000311  AP_SendMessage                 
00000697  AP_SendMessageResponse         
00000b2d  AP_SendNotification            
00000c2d  AP_StartAdvertisement          
00000c81  AP_StartAdvertisementJacki     
00001e15  BLE_Init                       
000049a1  Bump_Init                      
000049d5  Bump_Read                      
00005171  BusFault_Handler               
00001df1  Button1                        
00001e03  Button2                        
0000518b  C$$EXIT                        
00004f03  C$$IO$$                        
00005171  COMP_E0_IRQHandler             
00005171  COMP_E1_IRQHandler             
20003ce8  CPMwait                        
00005171  CS_IRQHandler                  
2000363c  Center                         
00004855  CenterConvert                  
20003d90  CharacteristicCount            
20003418  CharacteristicList             
20003ce0  ClockFrequency                 
00003ba5  Clock_Delay1ms                 
00003b7b  Clock_Delay1us                 
00003b67  Clock_GetFreq                  
00003a51  Clock_Init48MHz                
20003cf4  Crystalstable                  
00005171  DMA_ERR_IRQHandler             
00005171  DMA_INT0_IRQHandler            
00005171  DMA_INT1_IRQHandler            
00005171  DMA_INT2_IRQHandler            
00005171  DMA_INT3_IRQHandler            
00005171  DebugMon_Handler               
00005171  Default_Handler                
000050c1  DisableInterrupts              
00005171  EUSCIA0_IRQHandler             
00005171  EUSCIA1_IRQHandler             
00003d59  EUSCIA2_IRQHandler             
00003d59  EUSCIA2_IRQHandler             
00005171  EUSCIA3_IRQHandler             
00005171  EUSCIB0_IRQHandler             
00005171  EUSCIB1_IRQHandler             
00005171  EUSCIB2_IRQHandler             
00005171  EUSCIB3_IRQHandler             
000050c7  EnableInterrupts               
000050d7  EndCritical                    
00005171  FLCTL_IRQHandler               
00005171  FPU_IRQHandler                 
00004419  GPIO_Init                      
00005393  HCI_EXT_ResetSystemCmd         
00004dc5  HOSTclose                      
00004a8d  HOSTlseek                      
00004bc5  HOSTopen                       
00004c81  HOSTread                       
00004af5  HOSTrename                     
00004e09  HOSTunlink                     
00004cd9  HOSTwrite                      
00005171  HardFault_Handler              
20003640  I1                             
20003cf0  IFlags                         
00001eed  IRsampling                     
20003d99  JackiBumpSensor                
20003d98  JackiCommand                   
20003d9a  JackiSpeed                     
20003644  LPFSum                         
20003648  LPFSum2                        
2000364c  LPFSum3                        
00003499  LPF_Calc                       
00003541  LPF_Calc2                      
00003605  LPF_Calc3                      
000033d9  LPF_Calc_old                   
0000343b  LPF_Init                       
000034ed  LPF_Init2                      
000035a3  LPF_Init3                      
00003385  LPF_Init_old                   
0000406d  LaunchPad_Init                 
000040dd  LaunchPad_Input                
000040f7  LaunchPad_LED                  
00004115  LaunchPad_Output               
20003650  Left                           
0000482d  LeftConvert                    
0000539c  Masks                          
0000366d  Median                         
00005171  MemManage_Handler              
20003628  Messageb                       
20003654  Messageindexb                  
00003f03  Motor_Backward                 
00003e3b  Motor_Forward                  
00003dd5  Motor_Init                     
00003ebd  Motor_Left                     
00003e77  Motor_Right                    
00003e27  Motor_Stop                     
00005171  NMI_Handler                    
20003c85  NPI_AddCharDescriptor          
20003d48  NPI_AddCharValue               
20003d64  NPI_AddService                 
20003d6d  NPI_CCCDUpdatedConfirmation    
20003cc3  NPI_GATTSetDeviceName          
20003cf8  NPI_GATTSetDeviceNameJacki     
000053a4  NPI_GetStatus                  
000053aa  NPI_GetVersion                 
20003d0d  NPI_ReadConfirmation           
000053b0  NPI_Register                   
20003d22  NPI_SendNotificationIndication 
00005382  NPI_SetAdvertisement1          
20003c60  NPI_SetAdvertisementData       
20003ca5  NPI_SetAdvertisementDataJacki  
0000536e  NPI_StartAdvertisement         
20003d76  NPI_WriteConfirmation          
20003658  NoSOFErr                       
000019a3  Nokia5110_Clear                
00001bed  Nokia5110_ClearBuffer          
00001c21  Nokia5110_ClrPxl               
00001c17  Nokia5110_DisplayBuffer        
000019cf  Nokia5110_DrawFullImage        
0000114f  Nokia5110_Init                 
000011f9  Nokia5110_OutChar              
0000181b  Nokia5110_OutHex7              
00001469  Nokia5110_OutSDec              
0000172d  Nokia5110_OutSFix1             
00001239  Nokia5110_OutString            
00001257  Nokia5110_OutUDec              
00001879  Nokia5110_OutUDec16            
00001911  Nokia5110_OutUDec2             
0000169f  Nokia5110_OutUFix1             
00001851  Nokia5110_OutUHex7             
00001a09  Nokia5110_PrintBMP             
00001967  Nokia5110_SetCursor            
00001c47  Nokia5110_SetPxl               
20003d94  NotifyCharacteristicCount      
200035d8  NotifyCharacteristicList       
00001ca1  OutValue                       
00005171  PCM_IRQHandler                 
00005171  PORT1_IRQHandler               
00005171  PORT2_IRQHandler               
00005171  PORT3_IRQHandler               
00005171  PORT4_IRQHandler               
00005171  PORT5_IRQHandler               
00005171  PORT6_IRQHandler               
00005171  PSS_IRQHandler                 
0000304f  PWM_Duty1                      
0000306f  PWM_Duty2                      
00003113  PWM_Duty3                      
00003133  PWM_Duty4                      
00002f65  PWM_Init1                      
00002fcb  PWM_Init12                     
0000308f  PWM_Init34                     
0000327b  PWM_RobotArmDuty0              
000032a1  PWM_RobotArmDuty1              
000032c7  PWM_RobotArmDuty2              
0000329b  PWM_RobotArmGetDuty0           
000032c1  PWM_RobotArmGetDuty1           
000032e7  PWM_RobotArmGetDuty2           
00003153  PWM_RobotArmInit               
00005171  PendSV_Handler                 
20003cec  Postwait                       
20003ce4  Prewait                        
2000365c  Pt                             
20003660  Pt2                            
20003664  Pt3                            
00005171  RTC_C_IRQHandler               
00001cb5  ReadCommand                    
00001cc3  ReadJackiBumpSensor            
00001dd1  ReadJackiSpeed                 
20003558  RecvBuf                        
00005165  Reset_Handler                  
20003668  Right                          
0000487d  RightConvert                   
00001cd9  RunJacki                       
20003318  RxFIFO                         
2000366c  RxFifoLost                     
00003c89  RxFifo_Get                     
00003c31  RxFifo_Init                    
00003c43  RxFifo_Put                     
20003670  RxGetI                         
20003674  RxPutI                         
00005171  SVC_Handler                    
20003000  Screen                         
20003678  Size                           
000050cd  StartCritical                  
200036a4  Switch1                        
2000367c  Switch2                        
00005171  SysTick_Handler                
20003dac  SystemCoreClock                
00003725  SystemCoreClockUpdate          
00003999  SystemInit                     
00005171  T32_INT1_IRQHandler            
00005171  T32_INT2_IRQHandler            
00005171  T32_INTC_IRQHandler            
00005171  TA0_0_IRQHandler               
00005171  TA0_N_IRQHandler               
000046bf  TA1_0_IRQHandler               
000046bf  TA1_0_IRQHandler               
00005171  TA1_N_IRQHandler               
00005171  TA2_0_IRQHandler               
00005171  TA2_N_IRQHandler               
00005171  TA3_0_IRQHandler               
00005171  TA3_N_IRQHandler               
00001c75  TestMotor                      
00001123  Testcommandwrite               
20003680  TimeOutErr                     
20003684  TimerA1Task                    
0000464d  TimerA1_Init                   
000046ab  TimerA1_Stop                   
0000243b  UART0_InChar                   
000028e5  UART0_InString                 
00002485  UART0_InUDec                   
00002799  UART0_InUHex                   
000023f5  UART0_Init                     
00002a47  UART0_Initprintf               
0000244b  UART0_OutChar                  
00002539  UART0_OutSDec                  
00002467  UART0_OutString                
00002509  UART0_OutUDec                  
000026ad  UART0_OutUDec4                 
000026f5  UART0_OutUDec5                 
00002727  UART0_OutUFix1                 
0000274f  UART0_OutUFix2                 
0000285d  UART0_OutUHex                  
000028c9  UART0_OutUHex2                 
00003d8d  UART1_FinishOutput             
00003d2b  UART1_InChar                   
00003cbf  UART1_InStatus                 
00003ccf  UART1_Init                     
00003d3d  UART1_OutChar                  
00003d6f  UART1_OutString                
00005171  UsageFault_Handler             
4000480c  WDTCTL_SYM                     
00005171  WDT_A_IRQHandler               
000050df  WaitForInterrupt               
00001dbf  WriteCommand                   
00001ddf  WriteJackiSpeed                
200031f8  __CIOBUF_                      
20010000  __STACK_END                    
00000200  __STACK_SIZE                   
00000400  __SYSMEM_SIZE                  
000054f0  __TI_CINIT_Base                
00005500  __TI_CINIT_Limit               
000054dc  __TI_Handler_Table_Base        
000054e8  __TI_Handler_Table_Limit       
00004e4d  __TI_auto_init_nobinit_nopinit 
00004f45  __TI_cleanup                   
20003d58  __TI_cleanup_ptr               
00004a19  __TI_closefile                 
00004b5d  __TI_decompress_lzss           
00005157  __TI_decompress_none           
00004d31  __TI_doflush                   
20003d5c  __TI_dtors_ptr                 
20003d60  __TI_enable_exit_profile_output
20003d38  __TI_ft_end                    
ffffffff  __TI_pprof_out_hndl            
ffffffff  __TI_prof_data_size            
ffffffff  __TI_prof_data_start           
00004f79  __TI_readmsg                   
00000000  __TI_static_base__             
200034b8  __TI_tmpnams                   
00004ed5  __TI_writemsg                  
00005173  __TI_zero_init                 
00004925  __aeabi_memclr                 
00004925  __aeabi_memclr4                
00004925  __aeabi_memclr8                
00004791  __aeabi_memcpy                 
00004791  __aeabi_memcpy4                
00004791  __aeabi_memcpy8                
00004927  __aeabi_memset                 
00004927  __aeabi_memset4                
00004927  __aeabi_memset8                
20003d44  __aeabi_stderr                 
20003d3c  __aeabi_stdin                  
20003d40  __aeabi_stdout                 
ffffffff  __binit__                      
ffffffff  __c_args__                     
UNDEFED   __mpu_init                     
2000fe00  __stack                        
00004fad  _c_int00_noargs                
20003b98  _device                        
20003aa8  _ftable                        
20003d80  _lock                          
0000499f  _nop                           
20003c10  _stream                        
200036a8  _sys_memory                    
UNDEFED   _system_post_cinit             
00005187  _system_pre_init               
20003d84  _unlock                        
0000518b  abort                          
00004595  add_device                     
00004161  aligned_alloc                  
ffffffff  binit                          
00004c25  close                          
00003b6d  delay                          
00004d7d  exit                           
20003688  fcserr                         
00002979  ferror                         
0000295f  fgetc                          
00005015  finddevice                     
000046f5  fopen                          
00004255  free                           
00004fe1  freopen                        
00004e91  getdevice                      
00000000  interruptVectors               
00002095  main                           
0000517f  malloc                         
00004161  memalign                       
00004791  memcpy                         
0000492d  memset                         
2000368c  nc                             
20003690  nl                             
20003694  nr                             
000044d9  open                           
000028a1  outnibble                      
20003630  parmbuf                        
00005045  remove                         
0000433d  setvbuf                        
00005119  strchr                         
00005101  strcmp                         
0000512f  strcpy                         
00005143  strlen                         
00004f0d  strncpy                        
20003d9c  time                           
20003698  u1                             
2000369c  u2                             
200036a0  u3                             
0000299f  uart_close                     
00002a1d  uart_lseek                     
0000298f  uart_open                      
000029ab  uart_read                      
00002a39  uart_rename                    
00002a2d  uart_unlink                    
000029db  uart_write                     
00005045  unlink                         
00005099  write                          
20000000  x                              
20001000  x2                             
20002000  x3                             


GLOBAL SYMBOLS: SORTED BY Symbol Address 

address   name                           
-------   ----                           
00000000  __TI_static_base__             
00000000  interruptVectors               
000000e5  AP_Reset                       
0000010d  AP_Init                        
000001f3  AP_GetSize                     
00000200  __STACK_SIZE                   
0000021d  AP_EchoSendMessage             
00000289  AP_EchoReceived                
00000311  AP_SendMessage                 
00000400  __SYSMEM_SIZE                  
000004ad  AP_RecvMessage                 
00000689  AP_RecvStatus                  
00000697  AP_SendMessageResponse         
000006d7  AP_GetNotifyCCCD               
000006ed  AP_AddService                  
00000725  AP_RegisterService             
00000745  AP_AddCharacteristic           
00000901  AP_AddNotifyCharacteristic     
00000b2d  AP_SendNotification            
00000c2d  AP_StartAdvertisement          
00000c81  AP_StartAdvertisementJacki     
00000ce9  AP_GetStatus                   
00000d21  AP_GetVersion                  
00000e15  AP_BackgroundProcess           
00001123  Testcommandwrite               
0000114f  Nokia5110_Init                 
000011f9  Nokia5110_OutChar              
00001239  Nokia5110_OutString            
00001257  Nokia5110_OutUDec              
00001469  Nokia5110_OutSDec              
0000169f  Nokia5110_OutUFix1             
0000172d  Nokia5110_OutSFix1             
0000181b  Nokia5110_OutHex7              
00001851  Nokia5110_OutUHex7             
00001879  Nokia5110_OutUDec16            
00001911  Nokia5110_OutUDec2             
00001967  Nokia5110_SetCursor            
000019a3  Nokia5110_Clear                
000019cf  Nokia5110_DrawFullImage        
00001a09  Nokia5110_PrintBMP             
00001bed  Nokia5110_ClearBuffer          
00001c17  Nokia5110_DisplayBuffer        
00001c21  Nokia5110_ClrPxl               
00001c47  Nokia5110_SetPxl               
00001c75  TestMotor                      
00001ca1  OutValue                       
00001cb5  ReadCommand                    
00001cc3  ReadJackiBumpSensor            
00001cd9  RunJacki                       
00001dbf  WriteCommand                   
00001dd1  ReadJackiSpeed                 
00001ddf  WriteJackiSpeed                
00001df1  Button1                        
00001e03  Button2                        
00001e15  BLE_Init                       
00001eed  IRsampling                     
00002095  main                           
000023f5  UART0_Init                     
0000243b  UART0_InChar                   
0000244b  UART0_OutChar                  
00002467  UART0_OutString                
00002485  UART0_InUDec                   
00002509  UART0_OutUDec                  
00002539  UART0_OutSDec                  
000026ad  UART0_OutUDec4                 
000026f5  UART0_OutUDec5                 
00002727  UART0_OutUFix1                 
0000274f  UART0_OutUFix2                 
00002799  UART0_InUHex                   
0000285d  UART0_OutUHex                  
000028a1  outnibble                      
000028c9  UART0_OutUHex2                 
000028e5  UART0_InString                 
0000295f  fgetc                          
00002979  ferror                         
0000298f  uart_open                      
0000299f  uart_close                     
000029ab  uart_read                      
000029db  uart_write                     
00002a1d  uart_lseek                     
00002a2d  uart_unlink                    
00002a39  uart_rename                    
00002a47  UART0_Initprintf               
00002ad5  ADC0_InitSWTriggerCh6          
00002b25  ADC_In6                        
00002b45  ADC0_InitSWTriggerCh67         
00002b9b  ADC_In67                       
00002bd1  ADC0_InitSWTriggerCh14         
00002c21  ADC_In14                       
00002c41  ADC0_InitSWTriggerCh17_14_16   
00002cb1  ADC_In17_14_16                 
00002cf1  ADC0_InitSWTriggerCh21_22_23   
00002d4d  ADC_In21_22_23                 
00002d8d  ADC0_InitSWTriggerCh12         
00002ddd  ADC_In12                       
00002dfd  ADC0_InitSWTriggerCh19         
00002e4d  ADC_In19                       
00002e8d  ADC0_InitSWTriggerCh23         
00002ee9  ADC_In23                       
00002f65  PWM_Init1                      
00002fcb  PWM_Init12                     
0000304f  PWM_Duty1                      
0000306f  PWM_Duty2                      
0000308f  PWM_Init34                     
00003113  PWM_Duty3                      
00003133  PWM_Duty4                      
00003153  PWM_RobotArmInit               
0000327b  PWM_RobotArmDuty0              
0000329b  PWM_RobotArmGetDuty0           
000032a1  PWM_RobotArmDuty1              
000032c1  PWM_RobotArmGetDuty1           
000032c7  PWM_RobotArmDuty2              
000032e7  PWM_RobotArmGetDuty2           
00003385  LPF_Init_old                   
000033d9  LPF_Calc_old                   
0000343b  LPF_Init                       
00003499  LPF_Calc                       
000034ed  LPF_Init2                      
00003541  LPF_Calc2                      
000035a3  LPF_Init3                      
00003605  LPF_Calc3                      
0000366d  Median                         
00003725  SystemCoreClockUpdate          
00003999  SystemInit                     
00003a51  Clock_Init48MHz                
00003b67  Clock_GetFreq                  
00003b6d  delay                          
00003b7b  Clock_Delay1us                 
00003ba5  Clock_Delay1ms                 
00003c31  RxFifo_Init                    
00003c43  RxFifo_Put                     
00003c89  RxFifo_Get                     
00003cbf  UART1_InStatus                 
00003ccf  UART1_Init                     
00003d2b  UART1_InChar                   
00003d3d  UART1_OutChar                  
00003d59  EUSCIA2_IRQHandler             
00003d59  EUSCIA2_IRQHandler             
00003d6f  UART1_OutString                
00003d8d  UART1_FinishOutput             
00003dd5  Motor_Init                     
00003e27  Motor_Stop                     
00003e3b  Motor_Forward                  
00003e77  Motor_Right                    
00003ebd  Motor_Left                     
00003f03  Motor_Backward                 
0000406d  LaunchPad_Init                 
000040dd  LaunchPad_Input                
000040f7  LaunchPad_LED                  
00004115  LaunchPad_Output               
00004161  aligned_alloc                  
00004161  memalign                       
00004255  free                           
0000433d  setvbuf                        
00004419  GPIO_Init                      
000044d9  open                           
00004595  add_device                     
0000464d  TimerA1_Init                   
000046ab  TimerA1_Stop                   
000046bf  TA1_0_IRQHandler               
000046bf  TA1_0_IRQHandler               
000046f5  fopen                          
00004791  __aeabi_memcpy                 
00004791  __aeabi_memcpy4                
00004791  __aeabi_memcpy8                
00004791  memcpy                         
0000482d  LeftConvert                    
00004855  CenterConvert                  
0000487d  RightConvert                   
00004925  __aeabi_memclr                 
00004925  __aeabi_memclr4                
00004925  __aeabi_memclr8                
00004927  __aeabi_memset                 
00004927  __aeabi_memset4                
00004927  __aeabi_memset8                
0000492d  memset                         
0000499f  _nop                           
000049a1  Bump_Init                      
000049d5  Bump_Read                      
00004a19  __TI_closefile                 
00004a8d  HOSTlseek                      
00004af5  HOSTrename                     
00004b5d  __TI_decompress_lzss           
00004bc5  HOSTopen                       
00004c25  close                          
00004c81  HOSTread                       
00004cd9  HOSTwrite                      
00004d31  __TI_doflush                   
00004d7d  exit                           
00004dc5  HOSTclose                      
00004e09  HOSTunlink                     
00004e4d  __TI_auto_init_nobinit_nopinit 
00004e91  getdevice                      
00004ed5  __TI_writemsg                  
00004f03  C$$IO$$                        
00004f0d  strncpy                        
00004f45  __TI_cleanup                   
00004f79  __TI_readmsg                   
00004fad  _c_int00_noargs                
00004fe1  freopen                        
00005015  finddevice                     
00005045  remove                         
00005045  unlink                         
00005099  write                          
000050c1  DisableInterrupts              
000050c7  EnableInterrupts               
000050cd  StartCritical                  
000050d7  EndCritical                    
000050df  WaitForInterrupt               
00005101  strcmp                         
00005119  strchr                         
0000512f  strcpy                         
00005143  strlen                         
00005157  __TI_decompress_none           
00005165  Reset_Handler                  
00005171  ADC14_IRQHandler               
00005171  AES256_IRQHandler              
00005171  BusFault_Handler               
00005171  COMP_E0_IRQHandler             
00005171  COMP_E1_IRQHandler             
00005171  CS_IRQHandler                  
00005171  DMA_ERR_IRQHandler             
00005171  DMA_INT0_IRQHandler            
00005171  DMA_INT1_IRQHandler            
00005171  DMA_INT2_IRQHandler            
00005171  DMA_INT3_IRQHandler            
00005171  DebugMon_Handler               
00005171  Default_Handler                
00005171  EUSCIA0_IRQHandler             
00005171  EUSCIA1_IRQHandler             
00005171  EUSCIA3_IRQHandler             
00005171  EUSCIB0_IRQHandler             
00005171  EUSCIB1_IRQHandler             
00005171  EUSCIB2_IRQHandler             
00005171  EUSCIB3_IRQHandler             
00005171  FLCTL_IRQHandler               
00005171  FPU_IRQHandler                 
00005171  HardFault_Handler              
00005171  MemManage_Handler              
00005171  NMI_Handler                    
00005171  PCM_IRQHandler                 
00005171  PORT1_IRQHandler               
00005171  PORT2_IRQHandler               
00005171  PORT3_IRQHandler               
00005171  PORT4_IRQHandler               
00005171  PORT5_IRQHandler               
00005171  PORT6_IRQHandler               
00005171  PSS_IRQHandler                 
00005171  PendSV_Handler                 
00005171  RTC_C_IRQHandler               
00005171  SVC_Handler                    
00005171  SysTick_Handler                
00005171  T32_INT1_IRQHandler            
00005171  T32_INT2_IRQHandler            
00005171  T32_INTC_IRQHandler            
00005171  TA0_0_IRQHandler               
00005171  TA0_N_IRQHandler               
00005171  TA1_N_IRQHandler               
00005171  TA2_0_IRQHandler               
00005171  TA2_N_IRQHandler               
00005171  TA3_0_IRQHandler               
00005171  TA3_N_IRQHandler               
00005171  UsageFault_Handler             
00005171  WDT_A_IRQHandler               
00005173  __TI_zero_init                 
0000517f  malloc                         
00005187  _system_pre_init               
0000518b  C$$EXIT                        
0000518b  abort                          
0000536e  NPI_StartAdvertisement         
00005382  NPI_SetAdvertisement1          
00005393  HCI_EXT_ResetSystemCmd         
0000539c  Masks                          
000053a4  NPI_GetStatus                  
000053aa  NPI_GetVersion                 
000053b0  NPI_Register                   
000054dc  __TI_Handler_Table_Base        
000054e8  __TI_Handler_Table_Limit       
000054f0  __TI_CINIT_Base                
00005500  __TI_CINIT_Limit               
20000000  x                              
20001000  x2                             
20002000  x3                             
20003000  Screen                         
200031f8  __CIOBUF_                      
20003318  RxFIFO                         
20003418  CharacteristicList             
200034b8  __TI_tmpnams                   
20003558  RecvBuf                        
200035d8  NotifyCharacteristicList       
20003628  Messageb                       
20003630  parmbuf                        
20003638  ADCflag                        
2000363c  Center                         
20003640  I1                             
20003644  LPFSum                         
20003648  LPFSum2                        
2000364c  LPFSum3                        
20003650  Left                           
20003654  Messageindexb                  
20003658  NoSOFErr                       
2000365c  Pt                             
20003660  Pt2                            
20003664  Pt3                            
20003668  Right                          
2000366c  RxFifoLost                     
20003670  RxGetI                         
20003674  RxPutI                         
20003678  Size                           
2000367c  Switch2                        
20003680  TimeOutErr                     
20003684  TimerA1Task                    
20003688  fcserr                         
2000368c  nc                             
20003690  nl                             
20003694  nr                             
20003698  u1                             
2000369c  u2                             
200036a0  u3                             
200036a4  Switch1                        
200036a8  _sys_memory                    
20003aa8  _ftable                        
20003b98  _device                        
20003c10  _stream                        
20003c60  NPI_SetAdvertisementData       
20003c85  NPI_AddCharDescriptor          
20003ca5  NPI_SetAdvertisementDataJacki  
20003cc3  NPI_GATTSetDeviceName          
20003ce0  ClockFrequency                 
20003ce4  Prewait                        
20003ce8  CPMwait                        
20003cec  Postwait                       
20003cf0  IFlags                         
20003cf4  Crystalstable                  
20003cf8  NPI_GATTSetDeviceNameJacki     
20003d0d  NPI_ReadConfirmation           
20003d22  NPI_SendNotificationIndication 
20003d38  __TI_ft_end                    
20003d3c  __aeabi_stdin                  
20003d40  __aeabi_stdout                 
20003d44  __aeabi_stderr                 
20003d48  NPI_AddCharValue               
20003d58  __TI_cleanup_ptr               
20003d5c  __TI_dtors_ptr                 
20003d60  __TI_enable_exit_profile_output
20003d64  NPI_AddService                 
20003d6d  NPI_CCCDUpdatedConfirmation    
20003d76  NPI_WriteConfirmation          
20003d80  _lock                          
20003d84  _unlock                        
20003d90  CharacteristicCount            
20003d94  NotifyCharacteristicCount      
20003d98  JackiCommand                   
20003d99  JackiBumpSensor                
20003d9a  JackiSpeed                     
20003d9c  time                           
20003dac  SystemCoreClock                
2000fe00  __stack                        
20010000  __STACK_END                    
4000480c  WDTCTL_SYM                     
ffffffff  __TI_pprof_out_hndl            
ffffffff  __TI_prof_data_size            
ffffffff  __TI_prof_data_start           
ffffffff  __binit__                      
ffffffff  __c_args__                     
ffffffff  binit                          
UNDEFED   __mpu_init                     
UNDEFED   _system_post_cinit             

[368 symbols]
