******************************************************************************
                  TI ARM Linker PC v18.12.2                    
******************************************************************************
>> Linked Wed Apr  8 23:50:11 2020

OUTPUT FILE NAME:   <Lab17_Control.out>
ENTRY POINT SYMBOL: "_c_int00_noargs"  address: 00002601


MEMORY CONFIGURATION

         name            origin    length      used     unused   attr    fill
----------------------  --------  ---------  --------  --------  ----  --------
  MAIN                  00000000   00040000  000026e8  0003d918  R  X
  INFO                  00200000   00004000  00000000  00004000  R  X
  SRAM_CODE             01000000   00010000  000036ec  0000c914  RW X
  SRAM_DATA             20000000   00010000  000036ec  0000c914  RW  


SEGMENT ALLOCATION MAP

run origin  load origin   length   init length attrs members
----------  ----------- ---------- ----------- ----- -------
00000000    00000000    000026e8   000026e8    r-x
  00000000    00000000    000000e4   000000e4    r-- .intvecs
  000000e4    000000e4    000025a4   000025a4    r-x .text
  00002688    00002688    00000060   00000060    r-- .cinit
20000000    20000000    000034f0   00000000    rw-
  20000000    20000000    00003074   00000000    rw- .bss
  20003078    20003078    00000400   00000000    rw- .sysmem
  20003478    20003478    00000078   00000000    rw- .data
2000fe00    2000fe00    00000200   00000000    rw-
  2000fe00    2000fe00    00000200   00000000    rw- .stack


SECTION ALLOCATION MAP

 output                                  attributes/
section   page    origin      length       input sections
--------  ----  ----------  ----------   ----------------
.intvecs   0    00000000    000000e4     
                  00000000    000000e4     startup_msp432p401r_ccs.obj (.intvecs:retain)

.text      0    000000e4    000025a4     
                  000000e4    000006c8     TExaS.obj (.text)
                  000007ac    00000420     PWM.obj (.text)
                  00000bcc    000003a0     LPF.obj (.text)
                  00000f6c    0000039c     ADC14.obj (.text)
                  00001308    00000354     Lab17_Control.obj (.text)
                  0000165c    0000032c     system_msp432p401r.obj (.text)
                  00001988    0000029c     Motor.obj (.text)
                  00001c24    000001e0     Clock.obj (.text)
                  00001e04    0000018c     BumpInt.obj (.text)
                  00001f90    0000013c     Tachometer.obj (.text)
                  000020cc    00000138     TA3InputCapture.obj (.text)
                  00002204    000000f4     LaunchPad.obj (.text)
                  000022f8    000000ac     TimerA1.obj (.text)
                  000023a4    0000009c     rtsv7M4_T_le_v4SPD16_eabi.lib : memcpy_t2.asm.obj (.text)
                  00002440    00000098     IRDistance.obj (.text)
                  000024d8    0000007a     rtsv7M4_T_le_v4SPD16_eabi.lib : memset_t2.asm.obj (.text)
                  00002552    00000068                                   : copy_decompress_lzss.c.obj (.text:decompress:lzss:__TI_decompress_lzss)
                  000025ba    00000002     --HOLE-- [fill = 0]
                  000025bc    00000044                                   : autoinit.c.obj (.text:__TI_auto_init_nobinit_nopinit:__TI_auto_init_nobinit_nopinit)
                  00002600    00000034                                   : boot_cortex_m.c.obj (.text:_c_int00_noargs:_c_int00_noargs)
                  00002634    00000024     CortexM.obj (.text)
                  00002658    0000000e     rtsv7M4_T_le_v4SPD16_eabi.lib : copy_decompress_none.c.obj (.text:decompress:none:__TI_decompress_none)
                  00002666    0000000e     startup_msp432p401r_ccs.obj (.text)
                  00002674    0000000c     rtsv7M4_T_le_v4SPD16_eabi.lib : copy_zero_init.c.obj (.text:decompress:ZI:__TI_zero_init)
                  00002680    00000004                                   : pre_init.c.obj (.text:_system_pre_init)
                  00002684    00000004                                   : exit.c.obj (.text:abort:abort)

.cinit     0    00002688    00000060     
                  00002688    0000003b     (.cinit..data.load) [load image, compression = lzss]
                  000026c3    00000001     --HOLE-- [fill = 0]
                  000026c4    0000000c     (__TI_handler_table)
                  000026d0    00000008     (.cinit..bss.load) [load image, compression = zero_init]
                  000026d8    00000010     (__TI_cinit_table)

.init_array 
*          0    00000000    00000000     UNINITIALIZED

.binit     0    00000000    00000000     

.bss       0    20000000    00003074     UNINITIALIZED
                  20000000    00001000     (.common:x)
                  20001000    00001000     (.common:x2)
                  20002000    00001000     (.common:x3)
                  20003000    00000004     (.common:ADCsem)
                  20003004    00000004     (.common:BumpReact)
                  20003008    00000004     (.common:I1)
                  2000300c    00000004     (.common:LPFSum)
                  20003010    00000004     (.common:LPFSum2)
                  20003014    00000004     (.common:LPFSum3)
                  20003018    00000004     (.common:PeriodicTask2)
                  2000301c    00000004     (.common:Pt)
                  20003020    00000004     (.common:Pt2)
                  20003024    00000004     (.common:Pt3)
                  20003028    00000004     (.common:Size)
                  2000302c    00000004     (.common:TimerA1Task)
                  20003030    00000004     (.common:centerDistance)
                  20003034    00000004     (.common:desiredLeftPeriod)
                  20003038    00000004     (.common:desiredRightPeriod)
                  2000303c    00000004     (.common:leftDistance)
                  20003040    00000004     (.common:leftError)
                  20003044    00000004     (.common:leftPeriod)
                  20003048    00000004     (.common:realleftDuty)
                  2000304c    00000004     (.common:realrightDuty)
                  20003050    00000004     (.common:rightDistance)
                  20003054    00000004     (.common:rightError)
                  20003058    00000004     (.common:rightPeriod)
                  2000305c    00000004     (.common:u1)
                  20003060    00000004     (.common:u2)
                  20003064    00000004     (.common:u3)
                  20003068    00000002     (.common:Tachometer_FirstLeftTime)
                  2000306a    00000002     (.common:Tachometer_FirstRightTime)
                  2000306c    00000002     (.common:Tachometer_SecondLeftTime)
                  2000306e    00000002     (.common:Tachometer_SecondRightTime)
                  20003070    00000001     (.common:CollisionData)
                  20003071    00000001     (.common:CollisionFlag)
                  20003072    00000001     (.common:LogicData)
                  20003073    00000001     (.common:dontgo)

.sysmem    0    20003078    00000400     UNINITIALIZED
                  20003078    00000010     rtsv7M4_T_le_v4SPD16_eabi.lib : memory.c.obj (.sysmem)
                  20003088    000003f0     --HOLE--

.data      0    20003478    00000078     UNINITIALIZED
                  20003478    0000001c     Lab17_Control.obj (.data)
                  20003494    00000018     Clock.obj (.data)
                  200034ac    00000018     Lab17_Control.obj (.data:Tasks)
                  200034c4    0000000c     TExaS.obj (.data)
                  200034d0    0000000a     Tachometer.obj (.data)
                  200034da    00000002     --HOLE--
                  200034dc    00000008     Motor.obj (.data)
                  200034e4    00000008     TA3InputCapture.obj (.data)
                  200034ec    00000004     system_msp432p401r.obj (.data)

.stack     0    2000fe00    00000200     UNINITIALIZED
                  2000fe00    00000004     rtsv7M4_T_le_v4SPD16_eabi.lib : boot_cortex_m.c.obj (.stack)
                  2000fe04    000001fc     --HOLE--

MODULE SUMMARY

       Module                        code   ro data   rw data
       ------                        ----   -------   -------
    .\
       LPF.obj                       928    0         24664  
       TExaS.obj                     1736   0         34     
       Lab17_Control.obj             852    0         206    
       PWM.obj                       1056   0         0      
       ADC14.obj                     924    0         0      
       system_msp432p401r.obj        812    0         8      
       Motor.obj                     668    0         16     
       Clock.obj                     480    0         48     
       BumpInt.obj                   396    0         8      
       Tachometer.obj                316    0         36     
       TA3InputCapture.obj           312    0         16     
       LaunchPad.obj                 244    0         0      
       startup_msp432p401r_ccs.obj   14     228       0      
       TimerA1.obj                   172    0         8      
       IRDistance.obj                152    0         0      
       CortexM.obj                   36     0         0      
    +--+-----------------------------+------+---------+---------+
       Total:                        9098   228       25044  
                                                             
    C:\ti\ccs910\ccs\tools\compiler\ti-cgt-arm_18.12.2.LTS\lib\rtsv7M4_T_le_v4SPD16_eabi.lib
       memcpy_t2.asm.obj             156    0         0      
       memset_t2.asm.obj             122    0         0      
       copy_decompress_lzss.c.obj    104    0         0      
       autoinit.c.obj                68     0         0      
       boot_cortex_m.c.obj           52     0         0      
       copy_decompress_none.c.obj    14     0         0      
       copy_zero_init.c.obj          12     0         0      
       exit.c.obj                    4      0         0      
       pre_init.c.obj                4      0         0      
    +--+-----------------------------+------+---------+---------+
       Total:                        536    0         0      
                                                             
       Heap:                         0      0         2048   
       Stack:                        0      0         1024   
       Linker Generated:             0      95        0      
    +--+-----------------------------+------+---------+---------+
       Grand Total:                  9634   323       28116  


LINKER GENERATED COPY TABLES

__TI_cinit_table @ 000026d8 records: 2, size/record: 8, table size: 16
	.data: load addr=00002688, load size=0000003b bytes, run addr=20003478, run size=00000078 bytes, compression=lzss
	.bss: load addr=000026d0, load size=00000008 bytes, run addr=20000000, run size=00003074 bytes, compression=zero_init


LINKER GENERATED HANDLER TABLE

__TI_handler_table @ 000026c4 records: 3, size/record: 4, table size: 12
	index: 0, handler: __TI_decompress_lzss
	index: 1, handler: __TI_decompress_none
	index: 2, handler: __TI_zero_init


GLOBAL SYMBOLS: SORTED ALPHABETICALLY BY Name 

address   name                                   
-------   ----                                   
00001225  ADC0_InitSWTriggerCh12                 
00001069  ADC0_InitSWTriggerCh14                 
000010d9  ADC0_InitSWTriggerCh17_14_16           
0000122b  ADC0_InitSWTriggerCh19                 
00001189  ADC0_InitSWTriggerCh21_22_23           
0000129b  ADC0_InitSWTriggerCh23                 
00000f6d  ADC0_InitSWTriggerCh6                  
00000fdd  ADC0_InitSWTriggerCh67                 
00002673  ADC14_IRQHandler                       
00001227  ADC_In12                               
000010b9  ADC_In14                               
00001149  ADC_In17_14_16                         
0000127b  ADC_In19                               
000011e5  ADC_In21_22_23                         
0000129d  ADC_In23                               
00000fbd  ADC_In6                                
00001033  ADC_In67                               
000004f1  ADC_Init                               
20003000  ADCsem                                 
00002673  AES256_IRQHandler                      
00001e05  BumpInt_Init                           
20003004  BumpReact                              
00001edd  Bump_Read                              
00002673  BusFault_Handler                       
00002685  C$$EXIT                                
00002673  COMP_E0_IRQHandler                     
00002673  COMP_E1_IRQHandler                     
2000349c  CPMwait                                
00002673  CS_IRQHandler                          
200034e4  CaptureTask0                           
200034e8  CaptureTask1                           
00002471  CenterConvert                          
20003494  ClockFrequency                         
00001d79  Clock_Delay1ms                         
00001d4f  Clock_Delay1us                         
00001d3b  Clock_GetFreq                          
00001c25  Clock_Init48MHz                        
20003070  CollisionData                          
20003071  CollisionFlag                          
000013a1  Controller                             
200034a8  Crystalstable                          
00002673  DMA_ERR_IRQHandler                     
00002673  DMA_INT0_IRQHandler                    
00002673  DMA_INT1_IRQHandler                    
00002673  DMA_INT2_IRQHandler                    
00002673  DMA_INT3_IRQHandler                    
00002673  DebugMon_Handler                       
00002673  Default_Handler                        
00002635  DisableInterrupts                      
00002673  EUSCIA0_IRQHandler                     
00002673  EUSCIA1_IRQHandler                     
00002673  EUSCIA2_IRQHandler                     
00002673  EUSCIA3_IRQHandler                     
00002673  EUSCIB0_IRQHandler                     
00002673  EUSCIB1_IRQHandler                     
00002673  EUSCIB2_IRQHandler                     
00002673  EUSCIB3_IRQHandler                     
0000263b  EnableInterrupts                       
0000264b  EndCritical                            
00002673  FLCTL_IRQHandler                       
00002673  FPU_IRQHandler                         
000014ff  HandleCollision                        
00002673  HardFault_Handler                      
20003008  I1                                     
200034a4  IFlags                                 
2000300c  LPFSum                                 
20003010  LPFSum2                                
20003014  LPFSum3                                
00000ce1  LPF_Calc                               
00000d89  LPF_Calc2                              
00000e4d  LPF_Calc3                              
00000c21  LPF_Calc_old                           
00000c83  LPF_Init                               
00000d35  LPF_Init2                              
00000deb  LPF_Init3                              
00000bcd  LPF_Init_old                           
00002205  LaunchPad_Init                         
00002275  LaunchPad_Input                        
0000228f  LaunchPad_LED                          
000022ad  LaunchPad_Output                       
00002441  LeftConvert                            
000000e5  LogicAnalyzer                          
000000ef  LogicAnalyzer_P1                       
000001c5  LogicAnalyzer_P10                      
000000fd  LogicAnalyzer_P2                       
000001d3  LogicAnalyzer_P27_P26_P82_P92_P104_P105
0000010b  LogicAnalyzer_P2_7654                  
0000011b  LogicAnalyzer_P3                       
00000129  LogicAnalyzer_P4                       
00000147  LogicAnalyzer_P4_765320                
00000137  LogicAnalyzer_P4_765432                
0000017f  LogicAnalyzer_P5                       
0000020b  LogicAnalyzer_P55_P54_P27_P26_P37_P36  
0000018d  LogicAnalyzer_P6                       
0000019b  LogicAnalyzer_P7                       
000001a9  LogicAnalyzer_P8                       
000001b7  LogicAnalyzer_P9                       
20003072  LogicData                              
00000eb5  Median                                 
00002673  MemManage_Handler                      
00001bcb  Motor_Backward                         
00001b59  Motor_Forward                          
00001989  Motor_Init                             
00001ba3  Motor_Left                             
00001b7b  Motor_Right                            
00001b2d  Motor_Stop                             
00002673  NMI_Handler                            
00002673  PCM_IRQHandler                         
00002673  PORT1_IRQHandler                       
00002673  PORT2_IRQHandler                       
00002673  PORT3_IRQHandler                       
00001f49  PORT4_IRQHandler                       
00001f49  PORT4_IRQHandler                       
00002673  PORT5_IRQHandler                       
00002673  PORT6_IRQHandler                       
00002673  PSS_IRQHandler                         
00000897  PWM_Duty1                              
000008b7  PWM_Duty2                              
0000095b  PWM_Duty3                              
0000097b  PWM_Duty4                              
000007ad  PWM_Init1                              
00000813  PWM_Init12                             
000008d7  PWM_Init34                             
00000ac3  PWM_RobotArmDuty0                      
00000ae9  PWM_RobotArmDuty1                      
00000b0f  PWM_RobotArmDuty2                      
00000ae3  PWM_RobotArmGetDuty0                   
00000b09  PWM_RobotArmGetDuty1                   
00000b2f  PWM_RobotArmGetDuty2                   
0000099b  PWM_RobotArmInit                       
00002673  PendSV_Handler                         
20003018  PeriodicTask2                          
000002b9  PeriodicTask2_Init                     
00000333  PeriodicTask2_Stop                     
200034a0  Postwait                               
20003498  Prewait                                
2000301c  Pt                                     
20003020  Pt2                                    
20003024  Pt3                                    
00002673  RTC_C_IRQHandler                       
00002667  Reset_Handler                          
000024a1  RightConvert                           
00002673  SVC_Handler                            
00000235  Scope                                  
20003028  Size                                   
00002641  StartCritical                          
00002673  SysTick_Handler                        
200034ec  SystemCoreClock                        
0000165d  SystemCoreClockUpdate                  
000018d1  SystemInit                             
00000323  T32_INT1_IRQHandler                    
00000323  T32_INT1_IRQHandler                    
00002673  T32_INT2_IRQHandler                    
00002673  T32_INTC_IRQHandler                    
00002673  TA0_0_IRQHandler                       
00002673  TA0_N_IRQHandler                       
0000236f  TA1_0_IRQHandler                       
0000236f  TA1_0_IRQHandler                       
00002673  TA1_N_IRQHandler                       
00002673  TA2_0_IRQHandler                       
00002673  TA2_N_IRQHandler                       
00002193  TA3_0_IRQHandler                       
00002193  TA3_0_IRQHandler                       
000021ad  TA3_N_IRQHandler                       
000021ad  TA3_N_IRQHandler                       
00000485  TExaS_Clear0                           
00000491  TExaS_Clear1                           
000004a5  TExaS_Clear2                           
000004b1  TExaS_Clear3                           
000004bd  TExaS_Clear4                           
000004bf  TExaS_Clear5                           
000004cb  TExaS_Clear6                           
000005b5  TExaS_Init                             
200034c8  TExaS_ScopeErrConflict                 
200034c4  TExaS_ScopeErrLostData                 
200034cc  TExaS_ScopeWrnReconfig                 
00000413  TExaS_Set                              
0000042b  TExaS_Set0                             
00000437  TExaS_Set1                             
00000443  TExaS_Set2                             
0000044f  TExaS_Set3                             
0000045b  TExaS_Set4                             
0000045d  TExaS_Set5                             
00000475  TExaS_Set6                             
00000741  TExaS_Stop                             
000003c9  TExaS_Task0                            
000003d5  TExaS_Task1                            
000003e1  TExaS_Task2                            
000003ed  TExaS_Task3                            
000003f9  TExaS_Task4                            
000003fb  TExaS_Task5                            
00000407  TExaS_Task6                            
20003068  Tachometer_FirstLeftTime               
2000306a  Tachometer_FirstRightTime              
00002047  Tachometer_Get                         
0000201d  Tachometer_Init                        
200034d9  Tachometer_LeftDir                     
200034d4  Tachometer_LeftSteps                   
200034d8  Tachometer_RightDir                    
200034d0  Tachometer_RightSteps                  
2000306c  Tachometer_SecondLeftTime              
2000306e  Tachometer_SecondRightTime             
0000149b  TaskSchedulerISR                       
200034ac  Tasks                                  
2000302c  TimerA1Task                            
000022f9  TimerA1_Init                           
00002359  TimerA1_Stop                           
000020d9  TimerA3Capture_Init01                  
0000039d  UART_InChar                            
00000343  UART_Init                              
000003ad  UART_OutChar                           
00002673  UsageFault_Handler                     
4000480c  WDTCTL_SYM                             
00002673  WDT_A_IRQHandler                       
00002653  WaitForInterrupt                       
20010000  __STACK_END                            
00000200  __STACK_SIZE                           
00000400  __SYSMEM_SIZE                          
000026d8  __TI_CINIT_Base                        
000026e8  __TI_CINIT_Limit                       
000026c4  __TI_Handler_Table_Base                
000026d0  __TI_Handler_Table_Limit               
000025bd  __TI_auto_init_nobinit_nopinit         
00002553  __TI_decompress_lzss                   
00002659  __TI_decompress_none                   
ffffffff  __TI_pprof_out_hndl                    
ffffffff  __TI_prof_data_size                    
ffffffff  __TI_prof_data_start                   
00000000  __TI_static_base__                     
00002675  __TI_zero_init                         
000024d9  __aeabi_memclr                         
000024d9  __aeabi_memclr4                        
000024d9  __aeabi_memclr8                        
000023a5  __aeabi_memcpy                         
000023a5  __aeabi_memcpy4                        
000023a5  __aeabi_memcpy8                        
000024db  __aeabi_memset                         
000024db  __aeabi_memset4                        
000024db  __aeabi_memset8                        
ffffffff  __binit__                              
ffffffff  __c_args__                             
UNDEFED   __mpu_init                             
2000fe00  __stack                                
00002601  _c_int00_noargs                        
20003078  _sys_memory                            
UNDEFED   _system_post_cinit                     
00002681  _system_pre_init                       
00002685  abort                                  
00001309  adjustSpeed                            
00001a9f  backward                               
ffffffff  binit                                  
20003030  centerDistance                         
00001d41  delay                                  
20003034  desiredLeftPeriod                      
20003038  desiredRightPeriod                     
00001419  distanceReact                          
0000144d  distanceRead                           
20003073  dontgo                                 
00001a11  forward                                
00000000  interruptVectors                       
20003488  leftDir                                
2000303c  leftDistance                           
200034dc  leftDrive                              
20003490  leftDuty                               
20003040  leftError                              
20003044  leftPeriod                             
2000347c  leftSteps                              
20003478  leftTach                               
00001519  main                                   
000023a5  memcpy                                 
000024e1  memset                                 
20003048  realleftDuty                           
2000304c  realrightDuty                          
20003489  rightDir                               
20003050  rightDistance                          
200034e0  rightDrive                             
2000348c  rightDuty                              
20003054  rightError                             
20003058  rightPeriod                            
20003484  rightSteps                             
20003480  rightTach                              
000020cd  ta3dummy                               
00001fd7  tachometerLeftInt                      
00001f91  tachometerRightInt                     
2000305c  u1                                     
20003060  u2                                     
20003064  u3                                     
20000000  x                                      
20001000  x2                                     
20002000  x3                                     


GLOBAL SYMBOLS: SORTED BY Symbol Address 

address   name                                   
-------   ----                                   
00000000  __TI_static_base__                     
00000000  interruptVectors                       
000000e5  LogicAnalyzer                          
000000ef  LogicAnalyzer_P1                       
000000fd  LogicAnalyzer_P2                       
0000010b  LogicAnalyzer_P2_7654                  
0000011b  LogicAnalyzer_P3                       
00000129  LogicAnalyzer_P4                       
00000137  LogicAnalyzer_P4_765432                
00000147  LogicAnalyzer_P4_765320                
0000017f  LogicAnalyzer_P5                       
0000018d  LogicAnalyzer_P6                       
0000019b  LogicAnalyzer_P7                       
000001a9  LogicAnalyzer_P8                       
000001b7  LogicAnalyzer_P9                       
000001c5  LogicAnalyzer_P10                      
000001d3  LogicAnalyzer_P27_P26_P82_P92_P104_P105
00000200  __STACK_SIZE                           
0000020b  LogicAnalyzer_P55_P54_P27_P26_P37_P36  
00000235  Scope                                  
000002b9  PeriodicTask2_Init                     
00000323  T32_INT1_IRQHandler                    
00000323  T32_INT1_IRQHandler                    
00000333  PeriodicTask2_Stop                     
00000343  UART_Init                              
0000039d  UART_InChar                            
000003ad  UART_OutChar                           
000003c9  TExaS_Task0                            
000003d5  TExaS_Task1                            
000003e1  TExaS_Task2                            
000003ed  TExaS_Task3                            
000003f9  TExaS_Task4                            
000003fb  TExaS_Task5                            
00000400  __SYSMEM_SIZE                          
00000407  TExaS_Task6                            
00000413  TExaS_Set                              
0000042b  TExaS_Set0                             
00000437  TExaS_Set1                             
00000443  TExaS_Set2                             
0000044f  TExaS_Set3                             
0000045b  TExaS_Set4                             
0000045d  TExaS_Set5                             
00000475  TExaS_Set6                             
00000485  TExaS_Clear0                           
00000491  TExaS_Clear1                           
000004a5  TExaS_Clear2                           
000004b1  TExaS_Clear3                           
000004bd  TExaS_Clear4                           
000004bf  TExaS_Clear5                           
000004cb  TExaS_Clear6                           
000004f1  ADC_Init                               
000005b5  TExaS_Init                             
00000741  TExaS_Stop                             
000007ad  PWM_Init1                              
00000813  PWM_Init12                             
00000897  PWM_Duty1                              
000008b7  PWM_Duty2                              
000008d7  PWM_Init34                             
0000095b  PWM_Duty3                              
0000097b  PWM_Duty4                              
0000099b  PWM_RobotArmInit                       
00000ac3  PWM_RobotArmDuty0                      
00000ae3  PWM_RobotArmGetDuty0                   
00000ae9  PWM_RobotArmDuty1                      
00000b09  PWM_RobotArmGetDuty1                   
00000b0f  PWM_RobotArmDuty2                      
00000b2f  PWM_RobotArmGetDuty2                   
00000bcd  LPF_Init_old                           
00000c21  LPF_Calc_old                           
00000c83  LPF_Init                               
00000ce1  LPF_Calc                               
00000d35  LPF_Init2                              
00000d89  LPF_Calc2                              
00000deb  LPF_Init3                              
00000e4d  LPF_Calc3                              
00000eb5  Median                                 
00000f6d  ADC0_InitSWTriggerCh6                  
00000fbd  ADC_In6                                
00000fdd  ADC0_InitSWTriggerCh67                 
00001033  ADC_In67                               
00001069  ADC0_InitSWTriggerCh14                 
000010b9  ADC_In14                               
000010d9  ADC0_InitSWTriggerCh17_14_16           
00001149  ADC_In17_14_16                         
00001189  ADC0_InitSWTriggerCh21_22_23           
000011e5  ADC_In21_22_23                         
00001225  ADC0_InitSWTriggerCh12                 
00001227  ADC_In12                               
0000122b  ADC0_InitSWTriggerCh19                 
0000127b  ADC_In19                               
0000129b  ADC0_InitSWTriggerCh23                 
0000129d  ADC_In23                               
00001309  adjustSpeed                            
000013a1  Controller                             
00001419  distanceReact                          
0000144d  distanceRead                           
0000149b  TaskSchedulerISR                       
000014ff  HandleCollision                        
00001519  main                                   
0000165d  SystemCoreClockUpdate                  
000018d1  SystemInit                             
00001989  Motor_Init                             
00001a11  forward                                
00001a9f  backward                               
00001b2d  Motor_Stop                             
00001b59  Motor_Forward                          
00001b7b  Motor_Right                            
00001ba3  Motor_Left                             
00001bcb  Motor_Backward                         
00001c25  Clock_Init48MHz                        
00001d3b  Clock_GetFreq                          
00001d41  delay                                  
00001d4f  Clock_Delay1us                         
00001d79  Clock_Delay1ms                         
00001e05  BumpInt_Init                           
00001edd  Bump_Read                              
00001f49  PORT4_IRQHandler                       
00001f49  PORT4_IRQHandler                       
00001f91  tachometerRightInt                     
00001fd7  tachometerLeftInt                      
0000201d  Tachometer_Init                        
00002047  Tachometer_Get                         
000020cd  ta3dummy                               
000020d9  TimerA3Capture_Init01                  
00002193  TA3_0_IRQHandler                       
00002193  TA3_0_IRQHandler                       
000021ad  TA3_N_IRQHandler                       
000021ad  TA3_N_IRQHandler                       
00002205  LaunchPad_Init                         
00002275  LaunchPad_Input                        
0000228f  LaunchPad_LED                          
000022ad  LaunchPad_Output                       
000022f9  TimerA1_Init                           
00002359  TimerA1_Stop                           
0000236f  TA1_0_IRQHandler                       
0000236f  TA1_0_IRQHandler                       
000023a5  __aeabi_memcpy                         
000023a5  __aeabi_memcpy4                        
000023a5  __aeabi_memcpy8                        
000023a5  memcpy                                 
00002441  LeftConvert                            
00002471  CenterConvert                          
000024a1  RightConvert                           
000024d9  __aeabi_memclr                         
000024d9  __aeabi_memclr4                        
000024d9  __aeabi_memclr8                        
000024db  __aeabi_memset                         
000024db  __aeabi_memset4                        
000024db  __aeabi_memset8                        
000024e1  memset                                 
00002553  __TI_decompress_lzss                   
000025bd  __TI_auto_init_nobinit_nopinit         
00002601  _c_int00_noargs                        
00002635  DisableInterrupts                      
0000263b  EnableInterrupts                       
00002641  StartCritical                          
0000264b  EndCritical                            
00002653  WaitForInterrupt                       
00002659  __TI_decompress_none                   
00002667  Reset_Handler                          
00002673  ADC14_IRQHandler                       
00002673  AES256_IRQHandler                      
00002673  BusFault_Handler                       
00002673  COMP_E0_IRQHandler                     
00002673  COMP_E1_IRQHandler                     
00002673  CS_IRQHandler                          
00002673  DMA_ERR_IRQHandler                     
00002673  DMA_INT0_IRQHandler                    
00002673  DMA_INT1_IRQHandler                    
00002673  DMA_INT2_IRQHandler                    
00002673  DMA_INT3_IRQHandler                    
00002673  DebugMon_Handler                       
00002673  Default_Handler                        
00002673  EUSCIA0_IRQHandler                     
00002673  EUSCIA1_IRQHandler                     
00002673  EUSCIA2_IRQHandler                     
00002673  EUSCIA3_IRQHandler                     
00002673  EUSCIB0_IRQHandler                     
00002673  EUSCIB1_IRQHandler                     
00002673  EUSCIB2_IRQHandler                     
00002673  EUSCIB3_IRQHandler                     
00002673  FLCTL_IRQHandler                       
00002673  FPU_IRQHandler                         
00002673  HardFault_Handler                      
00002673  MemManage_Handler                      
00002673  NMI_Handler                            
00002673  PCM_IRQHandler                         
00002673  PORT1_IRQHandler                       
00002673  PORT2_IRQHandler                       
00002673  PORT3_IRQHandler                       
00002673  PORT5_IRQHandler                       
00002673  PORT6_IRQHandler                       
00002673  PSS_IRQHandler                         
00002673  PendSV_Handler                         
00002673  RTC_C_IRQHandler                       
00002673  SVC_Handler                            
00002673  SysTick_Handler                        
00002673  T32_INT2_IRQHandler                    
00002673  T32_INTC_IRQHandler                    
00002673  TA0_0_IRQHandler                       
00002673  TA0_N_IRQHandler                       
00002673  TA1_N_IRQHandler                       
00002673  TA2_0_IRQHandler                       
00002673  TA2_N_IRQHandler                       
00002673  UsageFault_Handler                     
00002673  WDT_A_IRQHandler                       
00002675  __TI_zero_init                         
00002681  _system_pre_init                       
00002685  C$$EXIT                                
00002685  abort                                  
000026c4  __TI_Handler_Table_Base                
000026d0  __TI_Handler_Table_Limit               
000026d8  __TI_CINIT_Base                        
000026e8  __TI_CINIT_Limit                       
20000000  x                                      
20001000  x2                                     
20002000  x3                                     
20003000  ADCsem                                 
20003004  BumpReact                              
20003008  I1                                     
2000300c  LPFSum                                 
20003010  LPFSum2                                
20003014  LPFSum3                                
20003018  PeriodicTask2                          
2000301c  Pt                                     
20003020  Pt2                                    
20003024  Pt3                                    
20003028  Size                                   
2000302c  TimerA1Task                            
20003030  centerDistance                         
20003034  desiredLeftPeriod                      
20003038  desiredRightPeriod                     
2000303c  leftDistance                           
20003040  leftError                              
20003044  leftPeriod                             
20003048  realleftDuty                           
2000304c  realrightDuty                          
20003050  rightDistance                          
20003054  rightError                             
20003058  rightPeriod                            
2000305c  u1                                     
20003060  u2                                     
20003064  u3                                     
20003068  Tachometer_FirstLeftTime               
2000306a  Tachometer_FirstRightTime              
2000306c  Tachometer_SecondLeftTime              
2000306e  Tachometer_SecondRightTime             
20003070  CollisionData                          
20003071  CollisionFlag                          
20003072  LogicData                              
20003073  dontgo                                 
20003078  _sys_memory                            
20003478  leftTach                               
2000347c  leftSteps                              
20003480  rightTach                              
20003484  rightSteps                             
20003488  leftDir                                
20003489  rightDir                               
2000348c  rightDuty                              
20003490  leftDuty                               
20003494  ClockFrequency                         
20003498  Prewait                                
2000349c  CPMwait                                
200034a0  Postwait                               
200034a4  IFlags                                 
200034a8  Crystalstable                          
200034ac  Tasks                                  
200034c4  TExaS_ScopeErrLostData                 
200034c8  TExaS_ScopeErrConflict                 
200034cc  TExaS_ScopeWrnReconfig                 
200034d0  Tachometer_RightSteps                  
200034d4  Tachometer_LeftSteps                   
200034d8  Tachometer_RightDir                    
200034d9  Tachometer_LeftDir                     
200034dc  leftDrive                              
200034e0  rightDrive                             
200034e4  CaptureTask0                           
200034e8  CaptureTask1                           
200034ec  SystemCoreClock                        
2000fe00  __stack                                
20010000  __STACK_END                            
4000480c  WDTCTL_SYM                             
ffffffff  __TI_pprof_out_hndl                    
ffffffff  __TI_prof_data_size                    
ffffffff  __TI_prof_data_start                   
ffffffff  __binit__                              
ffffffff  __c_args__                             
ffffffff  binit                                  
UNDEFED   __mpu_init                             
UNDEFED   _system_post_cinit                     

[290 symbols]
