******************************************************************************
                  TI ARM Linker PC v18.12.3                    
******************************************************************************
>> Linked Mon Jan 27 16:32:20 2020

OUTPUT FILE NAME:   <3502_activity_1a.out>
ENTRY POINT SYMBOL: "_c_int00_noargs"  address: 000008b1


MEMORY CONFIGURATION

         name            origin    length      used     unused   attr    fill
----------------------  --------  ---------  --------  --------  ----  --------
  MAIN                  00000000   00040000  0000094c  0003f6b4  R  X
  INFO                  00200000   00004000  00000000  00004000  R  X
  SRAM_CODE             01000000   00010000  00000220  0000fde0  RW X
  SRAM_DATA             20000000   00010000  00000220  0000fde0  RW  


SEGMENT ALLOCATION MAP

run origin  load origin   length   init length attrs members
----------  ----------- ---------- ----------- ----- -------
00000000    00000000    00000950   00000950    r-x
  00000000    00000000    000000e4   000000e4    r-- .intvecs
  000000e4    000000e4    00000848   00000848    r-x .text
  00000930    00000930    00000020   00000020    r-- .cinit
20000000    20000000    00000020   00000000    rw-
  20000000    20000000    00000020   00000000    rw- .data
2000fe00    2000fe00    00000200   00000000    rw-
  2000fe00    2000fe00    00000200   00000000    rw- .stack


SECTION ALLOCATION MAP

 output                                  attributes/
section   page    origin      length       input sections
--------  ----  ----------  ----------   ----------------
.intvecs   0    00000000    000000e4     
                  00000000    000000e4     startup_msp432p401r_ccs.obj (.intvecs:retain)

.text      0    000000e4    00000848     
                  000000e4    00000334     system_msp432p401r.obj (.text)
                  00000418    000001e0     Clock.obj (.text)
                  000005f8    000000f4     LaunchPad.obj (.text)
                  000006ec    0000009c     rtsv7M4_T_le_v4SPD16_eabi.lib : memcpy_t2.asm.obj (.text)
                  00000788    0000007c     main.obj (.text)
                  00000804    00000068     rtsv7M4_T_le_v4SPD16_eabi.lib : copy_decompress_lzss.c.obj (.text:decompress:lzss:__TI_decompress_lzss)
                  0000086c    00000044                                   : autoinit.c.obj (.text:__TI_auto_init_nobinit_nopinit:__TI_auto_init_nobinit_nopinit)
                  000008b0    00000034                                   : boot_cortex_m.c.obj (.text:_c_int00_noargs:_c_int00_noargs)
                  000008e4    00000024     CortexM.obj (.text)
                  00000908    0000000e     rtsv7M4_T_le_v4SPD16_eabi.lib : copy_decompress_none.c.obj (.text:decompress:none:__TI_decompress_none)
                  00000916    0000000e     startup_msp432p401r_ccs.obj (.text)
                  00000924    00000004     rtsv7M4_T_le_v4SPD16_eabi.lib : pre_init.c.obj (.text:_system_pre_init)
                  00000928    00000004                                   : exit.c.obj (.text:abort:abort)

.cinit     0    00000930    00000020     
                  00000930    0000000d     (.cinit..data.load) [load image, compression = lzss]
                  0000093d    00000003     --HOLE-- [fill = 0]
                  00000940    00000008     (__TI_handler_table)
                  00000948    00000008     (__TI_cinit_table)

.init_array 
*          0    00000000    00000000     UNINITIALIZED

.binit     0    00000000    00000000     

.data      0    20000000    00000020     UNINITIALIZED
                  20000000    00000018     Clock.obj (.data)
                  20000018    00000004     main.obj (.data)
                  2000001c    00000004     system_msp432p401r.obj (.data)

.stack     0    2000fe00    00000200     UNINITIALIZED
                  2000fe00    00000004     rtsv7M4_T_le_v4SPD16_eabi.lib : boot_cortex_m.c.obj (.stack)
                  2000fe04    000001fc     --HOLE--

MODULE SUMMARY

       Module                        code   ro data   rw data
       ------                        ----   -------   -------
    .\
       system_msp432p401r.obj        820    0         8      
       Clock.obj                     480    0         48     
       LaunchPad.obj                 244    0         0      
       startup_msp432p401r_ccs.obj   14     228       0      
       main.obj                      124    0         8      
       CortexM.obj                   36     0         0      
    +--+-----------------------------+------+---------+---------+
       Total:                        1718   228       64     
                                                             
    C:\ti\ccs910\ccs\tools\compiler\ti-cgt-arm_18.12.3.LTS\lib\rtsv7M4_T_le_v4SPD16_eabi.lib
       memcpy_t2.asm.obj             156    0         0      
       copy_decompress_lzss.c.obj    104    0         0      
       autoinit.c.obj                68     0         0      
       boot_cortex_m.c.obj           52     0         0      
       copy_decompress_none.c.obj    14     0         0      
       exit.c.obj                    4      0         0      
       pre_init.c.obj                4      0         0      
    +--+-----------------------------+------+---------+---------+
       Total:                        402    0         0      
                                                             
       Stack:                        0      0         1024   
       Linker Generated:             0      29        0      
    +--+-----------------------------+------+---------+---------+
       Grand Total:                  2120   257       1088   


LINKER GENERATED COPY TABLES

__TI_cinit_table @ 00000948 records: 1, size/record: 8, table size: 8
	.data: load addr=00000930, load size=0000000d bytes, run addr=20000000, run size=00000020 bytes, compression=lzss


LINKER GENERATED HANDLER TABLE

__TI_handler_table @ 00000940 records: 2, size/record: 4, table size: 8
	index: 0, handler: __TI_decompress_lzss
	index: 1, handler: __TI_decompress_none


GLOBAL SYMBOLS: SORTED ALPHABETICALLY BY Name 

address   name                          
-------   ----                          
00000923  ADC14_IRQHandler              
00000923  AES256_IRQHandler             
00000923  BusFault_Handler              
00000929  C$$EXIT                       
00000923  COMP_E0_IRQHandler            
00000923  COMP_E1_IRQHandler            
20000008  CPMwait                       
00000923  CS_IRQHandler                 
20000000  ClockFrequency                
0000056d  Clock_Delay1ms                
00000543  Clock_Delay1us                
0000052f  Clock_GetFreq                 
00000419  Clock_Init48MHz               
20000014  Crystalstable                 
00000923  DMA_ERR_IRQHandler            
00000923  DMA_INT0_IRQHandler           
00000923  DMA_INT1_IRQHandler           
00000923  DMA_INT2_IRQHandler           
00000923  DMA_INT3_IRQHandler           
00000923  DebugMon_Handler              
00000923  Default_Handler               
000008e5  DisableInterrupts             
00000923  EUSCIA0_IRQHandler            
00000923  EUSCIA1_IRQHandler            
00000923  EUSCIA2_IRQHandler            
00000923  EUSCIA3_IRQHandler            
00000923  EUSCIB0_IRQHandler            
00000923  EUSCIB1_IRQHandler            
00000923  EUSCIB2_IRQHandler            
00000923  EUSCIB3_IRQHandler            
000008eb  EnableInterrupts              
000008fb  EndCritical                   
00000923  FLCTL_IRQHandler              
00000923  FPU_IRQHandler                
00000923  HardFault_Handler             
20000010  IFlags                        
000005f9  LaunchPad_Init                
00000669  LaunchPad_Input               
00000683  LaunchPad_LED                 
000006a1  LaunchPad_Output              
00000923  MemManage_Handler             
00000923  NMI_Handler                   
00000923  PCM_IRQHandler                
00000923  PORT1_IRQHandler              
00000923  PORT2_IRQHandler              
00000923  PORT3_IRQHandler              
00000923  PORT4_IRQHandler              
00000923  PORT5_IRQHandler              
00000923  PORT6_IRQHandler              
00000923  PSS_IRQHandler                
00000923  PendSV_Handler                
2000000c  Postwait                      
20000004  Prewait                       
00000923  RTC_C_IRQHandler              
00000917  Reset_Handler                 
00000923  SVC_Handler                   
000008f1  StartCritical                 
00000923  SysTick_Handler               
2000001c  SystemCoreClock               
000000e5  SystemCoreClockUpdate         
0000035d  SystemInit                    
00000923  T32_INT1_IRQHandler           
00000923  T32_INT2_IRQHandler           
00000923  T32_INTC_IRQHandler           
000007c3  TA0_0_IRQHandler              
000007c3  TA0_0_IRQHandler              
00000923  TA0_N_IRQHandler              
00000923  TA1_0_IRQHandler              
00000923  TA1_N_IRQHandler              
00000923  TA2_0_IRQHandler              
00000923  TA2_N_IRQHandler              
00000923  TA3_0_IRQHandler              
00000923  TA3_N_IRQHandler              
00000923  UsageFault_Handler            
4000480c  WDTCTL_SYM                    
00000923  WDT_A_IRQHandler              
00000903  WaitForInterrupt              
20010000  __STACK_END                   
00000200  __STACK_SIZE                  
00000948  __TI_CINIT_Base               
00000950  __TI_CINIT_Limit              
00000940  __TI_Handler_Table_Base       
00000948  __TI_Handler_Table_Limit      
0000086d  __TI_auto_init_nobinit_nopinit
00000805  __TI_decompress_lzss          
00000909  __TI_decompress_none          
ffffffff  __TI_pprof_out_hndl           
ffffffff  __TI_prof_data_size           
ffffffff  __TI_prof_data_start          
00000000  __TI_static_base__            
000006ed  __aeabi_memcpy                
000006ed  __aeabi_memcpy4               
000006ed  __aeabi_memcpy8               
ffffffff  __binit__                     
ffffffff  __c_args__                    
UNDEFED   __mpu_init                    
2000fe00  __stack                       
000008b1  _c_int00_noargs               
UNDEFED   _system_post_cinit            
00000925  _system_pre_init              
00000929  abort                         
ffffffff  binit                         
00000535  delay                         
000007c1  incrementCOUNTS               
00000000  interruptVectors              
00000789  main                          
000006ed  memcpy                        


GLOBAL SYMBOLS: SORTED BY Symbol Address 

address   name                          
-------   ----                          
00000000  __TI_static_base__            
00000000  interruptVectors              
000000e5  SystemCoreClockUpdate         
00000200  __STACK_SIZE                  
0000035d  SystemInit                    
00000419  Clock_Init48MHz               
0000052f  Clock_GetFreq                 
00000535  delay                         
00000543  Clock_Delay1us                
0000056d  Clock_Delay1ms                
000005f9  LaunchPad_Init                
00000669  LaunchPad_Input               
00000683  LaunchPad_LED                 
000006a1  LaunchPad_Output              
000006ed  __aeabi_memcpy                
000006ed  __aeabi_memcpy4               
000006ed  __aeabi_memcpy8               
000006ed  memcpy                        
00000789  main                          
000007c1  incrementCOUNTS               
000007c3  TA0_0_IRQHandler              
000007c3  TA0_0_IRQHandler              
00000805  __TI_decompress_lzss          
0000086d  __TI_auto_init_nobinit_nopinit
000008b1  _c_int00_noargs               
000008e5  DisableInterrupts             
000008eb  EnableInterrupts              
000008f1  StartCritical                 
000008fb  EndCritical                   
00000903  WaitForInterrupt              
00000909  __TI_decompress_none          
00000917  Reset_Handler                 
00000923  ADC14_IRQHandler              
00000923  AES256_IRQHandler             
00000923  BusFault_Handler              
00000923  COMP_E0_IRQHandler            
00000923  COMP_E1_IRQHandler            
00000923  CS_IRQHandler                 
00000923  DMA_ERR_IRQHandler            
00000923  DMA_INT0_IRQHandler           
00000923  DMA_INT1_IRQHandler           
00000923  DMA_INT2_IRQHandler           
00000923  DMA_INT3_IRQHandler           
00000923  DebugMon_Handler              
00000923  Default_Handler               
00000923  EUSCIA0_IRQHandler            
00000923  EUSCIA1_IRQHandler            
00000923  EUSCIA2_IRQHandler            
00000923  EUSCIA3_IRQHandler            
00000923  EUSCIB0_IRQHandler            
00000923  EUSCIB1_IRQHandler            
00000923  EUSCIB2_IRQHandler            
00000923  EUSCIB3_IRQHandler            
00000923  FLCTL_IRQHandler              
00000923  FPU_IRQHandler                
00000923  HardFault_Handler             
00000923  MemManage_Handler             
00000923  NMI_Handler                   
00000923  PCM_IRQHandler                
00000923  PORT1_IRQHandler              
00000923  PORT2_IRQHandler              
00000923  PORT3_IRQHandler              
00000923  PORT4_IRQHandler              
00000923  PORT5_IRQHandler              
00000923  PORT6_IRQHandler              
00000923  PSS_IRQHandler                
00000923  PendSV_Handler                
00000923  RTC_C_IRQHandler              
00000923  SVC_Handler                   
00000923  SysTick_Handler               
00000923  T32_INT1_IRQHandler           
00000923  T32_INT2_IRQHandler           
00000923  T32_INTC_IRQHandler           
00000923  TA0_N_IRQHandler              
00000923  TA1_0_IRQHandler              
00000923  TA1_N_IRQHandler              
00000923  TA2_0_IRQHandler              
00000923  TA2_N_IRQHandler              
00000923  TA3_0_IRQHandler              
00000923  TA3_N_IRQHandler              
00000923  UsageFault_Handler            
00000923  WDT_A_IRQHandler              
00000925  _system_pre_init              
00000929  C$$EXIT                       
00000929  abort                         
00000940  __TI_Handler_Table_Base       
00000948  __TI_CINIT_Base               
00000948  __TI_Handler_Table_Limit      
00000950  __TI_CINIT_Limit              
20000000  ClockFrequency                
20000004  Prewait                       
20000008  CPMwait                       
2000000c  Postwait                      
20000010  IFlags                        
20000014  Crystalstable                 
2000001c  SystemCoreClock               
2000fe00  __stack                       
20010000  __STACK_END                   
4000480c  WDTCTL_SYM                    
ffffffff  __TI_pprof_out_hndl           
ffffffff  __TI_prof_data_size           
ffffffff  __TI_prof_data_start          
ffffffff  __binit__                     
ffffffff  __c_args__                    
ffffffff  binit                         
UNDEFED   __mpu_init                    
UNDEFED   _system_post_cinit            

[107 symbols]
