******************************************************************************
                  TI ARM Linker PC v18.12.1                    
******************************************************************************
>> Linked Wed Jul 31 21:54:27 2019

OUTPUT FILE NAME:   <LineFollowFSM.out>
ENTRY POINT SYMBOL: "_c_int00_noargs"  address: 00000f79


MEMORY CONFIGURATION

         name            origin    length      used     unused   attr    fill
----------------------  --------  ---------  --------  --------  ----  --------
  MAIN                  00000000   00040000  00001062  0003ef9e  R  X
  INFO                  00200000   00004000  00000000  00004000  R  X
  SRAM_CODE             01000000   00010000  00000239  0000fdc7  RW X
  SRAM_DATA             20000000   00010000  00000239  0000fdc7  RW  


SEGMENT ALLOCATION MAP

run origin  load origin   length   init length attrs members
----------  ----------- ---------- ----------- ----- -------
00000000    00000000    00001068   00001068    r-x
  00000000    00000000    000000e4   000000e4    r-- .intvecs
  000000e4    000000e4    00000efe   00000efe    r-x .text
  00000fe4    00000fe4    00000048   00000048    r-- .const
  00001030    00001030    00000038   00000038    r-- .cinit
20000000    20000000    00000039   00000000    rw-
  20000000    20000000    00000028   00000000    rw- .data
  20000028    20000028    00000011   00000000    rw- .bss
2000fe00    2000fe00    00000200   00000000    rw-
  2000fe00    2000fe00    00000200   00000000    rw- .stack


SECTION ALLOCATION MAP

 output                                  attributes/
section   page    origin      length       input sections
--------  ----  ----------  ----------   ----------------
.intvecs   0    00000000    000000e4     
                  00000000    000000e4     startup_msp432p401r_ccs.obj (.intvecs:retain)

.text      0    000000e4    00000efe     
                  000000e4    000006c8     TExaS.obj (.text)
                  000007ac    0000032c     system_msp432p401r.obj (.text)
                  00000ad8    000001e0     Clock.obj (.text)
                  00000cb8    000000f4     LaunchPad.obj (.text)
                  00000dac    0000009c     rtsv7M4_T_le_v4SPD16_eabi.lib : memcpy_t2.asm.obj (.text)
                  00000e48    00000084     LineFollowFSMmain.obj (.text)
                  00000ecc    00000068     rtsv7M4_T_le_v4SPD16_eabi.lib : copy_decompress_lzss.c.obj (.text:decompress:lzss:__TI_decompress_lzss)
                  00000f34    00000044                                   : autoinit.c.obj (.text:__TI_auto_init_nobinit_nopinit:__TI_auto_init_nobinit_nopinit)
                  00000f78    00000034                                   : boot_cortex_m.c.obj (.text:_c_int00_noargs:_c_int00_noargs)
                  00000fac    00000012                                   : copy_zero_init.c.obj (.text:decompress:ZI:__TI_zero_init_nomemset:__TI_zero_init_nomemset)
                  00000fbe    0000000e                                   : copy_decompress_none.c.obj (.text:decompress:none:__TI_decompress_none)
                  00000fcc    0000000e     startup_msp432p401r_ccs.obj (.text)
                  00000fda    00000004     rtsv7M4_T_le_v4SPD16_eabi.lib : pre_init.c.obj (.text:_system_pre_init)
                  00000fde    00000004                                   : exit.c.obj (.text:abort:abort)

.const     0    00000fe4    00000048     
                  00000fe4    00000048     LineFollowFSMmain.obj (.const:fsm)

.cinit     0    00001030    00000038     
                  00001030    0000000d     (.cinit..data.load) [load image, compression = lzss]
                  0000103d    00000003     --HOLE-- [fill = 0]
                  00001040    0000000c     (__TI_handler_table)
                  0000104c    00000004     --HOLE-- [fill = 0]
                  00001050    00000008     (.cinit..bss.load) [load image, compression = zero_init]
                  00001058    00000010     (__TI_cinit_table)

.init_array 
*          0    00000000    00000000     UNINITIALIZED

.binit     0    00000000    00000000     

.data      0    20000000    00000028     UNINITIALIZED
                  20000000    00000018     Clock.obj (.data)
                  20000018    0000000c     TExaS.obj (.data)
                  20000024    00000004     system_msp432p401r.obj (.data)

.bss       0    20000028    00000011     UNINITIALIZED
                  20000028    00000004     (.common:Input)
                  2000002c    00000004     (.common:Output)
                  20000030    00000004     (.common:PeriodicTask2)
                  20000034    00000004     (.common:Spt)
                  20000038    00000001     (.common:LogicData)

.stack     0    2000fe00    00000200     UNINITIALIZED
                  2000fe00    00000004     rtsv7M4_T_le_v4SPD16_eabi.lib : boot_cortex_m.c.obj (.stack)
                  2000fe04    000001fc     --HOLE--

MODULE SUMMARY

       Module                        code   ro data   rw data
       ------                        ----   -------   -------
    .\
       TExaS.obj                     1736   0         34     
       system_msp432p401r.obj        812    0         8      
       Clock.obj                     480    0         48     
       LaunchPad.obj                 244    0         0      
       startup_msp432p401r_ccs.obj   14     228       0      
       LineFollowFSMmain.obj         132    72        24     
    +--+-----------------------------+------+---------+---------+
       Total:                        3418   300       114    
                                                             
    E:\ti\ccs900\ccs\tools\compiler\ti-cgt-arm_18.12.1.LTS\lib\rtsv7M4_T_le_v4SPD16_eabi.lib
       memcpy_t2.asm.obj             156    0         0      
       copy_decompress_lzss.c.obj    104    0         0      
       autoinit.c.obj                68     0         0      
       boot_cortex_m.c.obj           52     0         0      
       copy_zero_init.c.obj          18     0         0      
       copy_decompress_none.c.obj    14     0         0      
       exit.c.obj                    4      0         0      
       pre_init.c.obj                4      0         0      
    +--+-----------------------------+------+---------+---------+
       Total:                        420    0         0      
                                                             
       Stack:                        0      0         1024   
       Linker Generated:             0      49        0      
    +--+-----------------------------+------+---------+---------+
       Grand Total:                  3838   349       1138   


LINKER GENERATED COPY TABLES

__TI_cinit_table @ 00001058 records: 2, size/record: 8, table size: 16
	.data: load addr=00001030, load size=0000000d bytes, run addr=20000000, run size=00000028 bytes, compression=lzss
	.bss: load addr=00001050, load size=00000008 bytes, run addr=20000028, run size=00000011 bytes, compression=zero_init


LINKER GENERATED HANDLER TABLE

__TI_handler_table @ 00001040 records: 3, size/record: 4, table size: 12
	index: 0, handler: __TI_decompress_lzss
	index: 1, handler: __TI_decompress_none
	index: 2, handler: __TI_zero_init


GLOBAL SYMBOLS: SORTED ALPHABETICALLY BY Name 

address   name                                   
-------   ----                                   
00000fd9  ADC14_IRQHandler                       
000004f1  ADC_Init                               
00000fd9  AES256_IRQHandler                      
00000fd9  BusFault_Handler                       
00000fdf  C$$EXIT                                
00000fd9  COMP_E0_IRQHandler                     
00000fd9  COMP_E1_IRQHandler                     
20000008  CPMwait                                
00000fd9  CS_IRQHandler                          
20000000  ClockFrequency                         
00000c2d  Clock_Delay1ms                         
00000c03  Clock_Delay1us                         
00000bef  Clock_GetFreq                          
00000ad9  Clock_Init48MHz                        
20000014  Crystalstable                          
00000fd9  DMA_ERR_IRQHandler                     
00000fd9  DMA_INT0_IRQHandler                    
00000fd9  DMA_INT1_IRQHandler                    
00000fd9  DMA_INT2_IRQHandler                    
00000fd9  DMA_INT3_IRQHandler                    
00000fd9  DebugMon_Handler                       
00000fd9  Default_Handler                        
00000fd9  EUSCIA0_IRQHandler                     
00000fd9  EUSCIA1_IRQHandler                     
00000fd9  EUSCIA2_IRQHandler                     
00000fd9  EUSCIA3_IRQHandler                     
00000fd9  EUSCIB0_IRQHandler                     
00000fd9  EUSCIB1_IRQHandler                     
00000fd9  EUSCIB2_IRQHandler                     
00000fd9  EUSCIB3_IRQHandler                     
00000fd9  FLCTL_IRQHandler                       
00000fd9  FPU_IRQHandler                         
00000fd9  HardFault_Handler                      
20000010  IFlags                                 
20000028  Input                                  
00000cb9  LaunchPad_Init                         
00000d29  LaunchPad_Input                        
00000d43  LaunchPad_LED                          
00000d61  LaunchPad_Output                       
000000e5  LogicAnalyzer                          
000000ef  LogicAnalyzer_P1                       
000001c5  LogicAnalyzer_P10                      
000000fd  LogicAnalyzer_P2                       
000001d3  LogicAnalyzer_P27_P26_P82_P92_P104_P105
0000010b  LogicAnalyzer_P2_7654                  
0000011b  LogicAnalyzer_P3                       
00000129  LogicAnalyzer_P4                       
00000147  LogicAnalyzer_P4_765320                
00000137  LogicAnalyzer_P4_765432                
0000017f  LogicAnalyzer_P5                       
0000020b  LogicAnalyzer_P55_P54_P27_P26_P37_P36  
0000018d  LogicAnalyzer_P6                       
0000019b  LogicAnalyzer_P7                       
000001a9  LogicAnalyzer_P8                       
000001b7  LogicAnalyzer_P9                       
20000038  LogicData                              
00000fd9  MemManage_Handler                      
00000fd9  NMI_Handler                            
2000002c  Output                                 
00000fd9  PCM_IRQHandler                         
00000fd9  PORT1_IRQHandler                       
00000fd9  PORT2_IRQHandler                       
00000fd9  PORT3_IRQHandler                       
00000fd9  PORT4_IRQHandler                       
00000fd9  PORT5_IRQHandler                       
00000fd9  PORT6_IRQHandler                       
00000fd9  PSS_IRQHandler                         
00000fd9  PendSV_Handler                         
20000030  PeriodicTask2                          
000002b9  PeriodicTask2_Init                     
00000333  PeriodicTask2_Stop                     
2000000c  Postwait                               
20000004  Prewait                                
00000fd9  RTC_C_IRQHandler                       
00000fcd  Reset_Handler                          
00000fd9  SVC_Handler                            
00000235  Scope                                  
20000034  Spt                                    
00000fd9  SysTick_Handler                        
20000024  SystemCoreClock                        
000007ad  SystemCoreClockUpdate                  
00000a21  SystemInit                             
00000323  T32_INT1_IRQHandler                    
00000323  T32_INT1_IRQHandler                    
00000fd9  T32_INT2_IRQHandler                    
00000fd9  T32_INTC_IRQHandler                    
00000fd9  TA0_0_IRQHandler                       
00000fd9  TA0_N_IRQHandler                       
00000fd9  TA1_0_IRQHandler                       
00000fd9  TA1_N_IRQHandler                       
00000fd9  TA2_0_IRQHandler                       
00000fd9  TA2_N_IRQHandler                       
00000fd9  TA3_0_IRQHandler                       
00000fd9  TA3_N_IRQHandler                       
00000485  TExaS_Clear0                           
00000491  TExaS_Clear1                           
000004a5  TExaS_Clear2                           
000004b1  TExaS_Clear3                           
000004bd  TExaS_Clear4                           
000004bf  TExaS_Clear5                           
000004cb  TExaS_Clear6                           
000005b5  TExaS_Init                             
2000001c  TExaS_ScopeErrConflict                 
20000018  TExaS_ScopeErrLostData                 
20000020  TExaS_ScopeWrnReconfig                 
00000413  TExaS_Set                              
0000042b  TExaS_Set0                             
00000437  TExaS_Set1                             
00000443  TExaS_Set2                             
0000044f  TExaS_Set3                             
0000045b  TExaS_Set4                             
0000045d  TExaS_Set5                             
00000475  TExaS_Set6                             
00000741  TExaS_Stop                             
000003c9  TExaS_Task0                            
000003d5  TExaS_Task1                            
000003e1  TExaS_Task2                            
000003ed  TExaS_Task3                            
000003f9  TExaS_Task4                            
000003fb  TExaS_Task5                            
00000407  TExaS_Task6                            
0000039d  UART_InChar                            
00000343  UART_Init                              
000003ad  UART_OutChar                           
00000fd9  UsageFault_Handler                     
4000480c  WDTCTL_SYM                             
00000fd9  WDT_A_IRQHandler                       
20010000  __STACK_END                            
00000200  __STACK_SIZE                           
00001058  __TI_CINIT_Base                        
00001068  __TI_CINIT_Limit                       
00001040  __TI_Handler_Table_Base                
0000104c  __TI_Handler_Table_Limit               
00000f35  __TI_auto_init_nobinit_nopinit         
00000ecd  __TI_decompress_lzss                   
00000fbf  __TI_decompress_none                   
ffffffff  __TI_pprof_out_hndl                    
ffffffff  __TI_prof_data_size                    
ffffffff  __TI_prof_data_start                   
00000000  __TI_static_base__                     
00000fad  __TI_zero_init_nomemset                
00000dad  __aeabi_memcpy                         
00000dad  __aeabi_memcpy4                        
00000dad  __aeabi_memcpy8                        
ffffffff  __binit__                              
ffffffff  __c_args__                             
UNDEFED   __mpu_init                             
2000fe00  __stack                                
00000f79  _c_int00_noargs                        
UNDEFED   _system_post_cinit                     
00000fdb  _system_pre_init                       
00000fdf  abort                                  
ffffffff  binit                                  
00000bf5  delay                                  
00000fe4  fsm                                    
00000000  interruptVectors                       
00000e49  main                                   
00000dad  memcpy                                 


GLOBAL SYMBOLS: SORTED BY Symbol Address 

address   name                                   
-------   ----                                   
00000000  __TI_static_base__                     
00000000  interruptVectors                       
000000e5  LogicAnalyzer                          
000000ef  LogicAnalyzer_P1                       
000000fd  LogicAnalyzer_P2                       
0000010b  LogicAnalyzer_P2_7654                  
0000011b  LogicAnalyzer_P3                       
00000129  LogicAnalyzer_P4                       
00000137  LogicAnalyzer_P4_765432                
00000147  LogicAnalyzer_P4_765320                
0000017f  LogicAnalyzer_P5                       
0000018d  LogicAnalyzer_P6                       
0000019b  LogicAnalyzer_P7                       
000001a9  LogicAnalyzer_P8                       
000001b7  LogicAnalyzer_P9                       
000001c5  LogicAnalyzer_P10                      
000001d3  LogicAnalyzer_P27_P26_P82_P92_P104_P105
00000200  __STACK_SIZE                           
0000020b  LogicAnalyzer_P55_P54_P27_P26_P37_P36  
00000235  Scope                                  
000002b9  PeriodicTask2_Init                     
00000323  T32_INT1_IRQHandler                    
00000323  T32_INT1_IRQHandler                    
00000333  PeriodicTask2_Stop                     
00000343  UART_Init                              
0000039d  UART_InChar                            
000003ad  UART_OutChar                           
000003c9  TExaS_Task0                            
000003d5  TExaS_Task1                            
000003e1  TExaS_Task2                            
000003ed  TExaS_Task3                            
000003f9  TExaS_Task4                            
000003fb  TExaS_Task5                            
00000407  TExaS_Task6                            
00000413  TExaS_Set                              
0000042b  TExaS_Set0                             
00000437  TExaS_Set1                             
00000443  TExaS_Set2                             
0000044f  TExaS_Set3                             
0000045b  TExaS_Set4                             
0000045d  TExaS_Set5                             
00000475  TExaS_Set6                             
00000485  TExaS_Clear0                           
00000491  TExaS_Clear1                           
000004a5  TExaS_Clear2                           
000004b1  TExaS_Clear3                           
000004bd  TExaS_Clear4                           
000004bf  TExaS_Clear5                           
000004cb  TExaS_Clear6                           
000004f1  ADC_Init                               
000005b5  TExaS_Init                             
00000741  TExaS_Stop                             
000007ad  SystemCoreClockUpdate                  
00000a21  SystemInit                             
00000ad9  Clock_Init48MHz                        
00000bef  Clock_GetFreq                          
00000bf5  delay                                  
00000c03  Clock_Delay1us                         
00000c2d  Clock_Delay1ms                         
00000cb9  LaunchPad_Init                         
00000d29  LaunchPad_Input                        
00000d43  LaunchPad_LED                          
00000d61  LaunchPad_Output                       
00000dad  __aeabi_memcpy                         
00000dad  __aeabi_memcpy4                        
00000dad  __aeabi_memcpy8                        
00000dad  memcpy                                 
00000e49  main                                   
00000ecd  __TI_decompress_lzss                   
00000f35  __TI_auto_init_nobinit_nopinit         
00000f79  _c_int00_noargs                        
00000fad  __TI_zero_init_nomemset                
00000fbf  __TI_decompress_none                   
00000fcd  Reset_Handler                          
00000fd9  ADC14_IRQHandler                       
00000fd9  AES256_IRQHandler                      
00000fd9  BusFault_Handler                       
00000fd9  COMP_E0_IRQHandler                     
00000fd9  COMP_E1_IRQHandler                     
00000fd9  CS_IRQHandler                          
00000fd9  DMA_ERR_IRQHandler                     
00000fd9  DMA_INT0_IRQHandler                    
00000fd9  DMA_INT1_IRQHandler                    
00000fd9  DMA_INT2_IRQHandler                    
00000fd9  DMA_INT3_IRQHandler                    
00000fd9  DebugMon_Handler                       
00000fd9  Default_Handler                        
00000fd9  EUSCIA0_IRQHandler                     
00000fd9  EUSCIA1_IRQHandler                     
00000fd9  EUSCIA2_IRQHandler                     
00000fd9  EUSCIA3_IRQHandler                     
00000fd9  EUSCIB0_IRQHandler                     
00000fd9  EUSCIB1_IRQHandler                     
00000fd9  EUSCIB2_IRQHandler                     
00000fd9  EUSCIB3_IRQHandler                     
00000fd9  FLCTL_IRQHandler                       
00000fd9  FPU_IRQHandler                         
00000fd9  HardFault_Handler                      
00000fd9  MemManage_Handler                      
00000fd9  NMI_Handler                            
00000fd9  PCM_IRQHandler                         
00000fd9  PORT1_IRQHandler                       
00000fd9  PORT2_IRQHandler                       
00000fd9  PORT3_IRQHandler                       
00000fd9  PORT4_IRQHandler                       
00000fd9  PORT5_IRQHandler                       
00000fd9  PORT6_IRQHandler                       
00000fd9  PSS_IRQHandler                         
00000fd9  PendSV_Handler                         
00000fd9  RTC_C_IRQHandler                       
00000fd9  SVC_Handler                            
00000fd9  SysTick_Handler                        
00000fd9  T32_INT2_IRQHandler                    
00000fd9  T32_INTC_IRQHandler                    
00000fd9  TA0_0_IRQHandler                       
00000fd9  TA0_N_IRQHandler                       
00000fd9  TA1_0_IRQHandler                       
00000fd9  TA1_N_IRQHandler                       
00000fd9  TA2_0_IRQHandler                       
00000fd9  TA2_N_IRQHandler                       
00000fd9  TA3_0_IRQHandler                       
00000fd9  TA3_N_IRQHandler                       
00000fd9  UsageFault_Handler                     
00000fd9  WDT_A_IRQHandler                       
00000fdb  _system_pre_init                       
00000fdf  C$$EXIT                                
00000fdf  abort                                  
00000fe4  fsm                                    
00001040  __TI_Handler_Table_Base                
0000104c  __TI_Handler_Table_Limit               
00001058  __TI_CINIT_Base                        
00001068  __TI_CINIT_Limit                       
20000000  ClockFrequency                         
20000004  Prewait                                
20000008  CPMwait                                
2000000c  Postwait                               
20000010  IFlags                                 
20000014  Crystalstable                          
20000018  TExaS_ScopeErrLostData                 
2000001c  TExaS_ScopeErrConflict                 
20000020  TExaS_ScopeWrnReconfig                 
20000024  SystemCoreClock                        
20000028  Input                                  
2000002c  Output                                 
20000030  PeriodicTask2                          
20000034  Spt                                    
20000038  LogicData                              
2000fe00  __stack                                
20010000  __STACK_END                            
4000480c  WDTCTL_SYM                             
ffffffff  __TI_pprof_out_hndl                    
ffffffff  __TI_prof_data_size                    
ffffffff  __TI_prof_data_start                   
ffffffff  __binit__                              
ffffffff  __c_args__                             
ffffffff  binit                                  
UNDEFED   __mpu_init                             
UNDEFED   _system_post_cinit                     

[158 symbols]
