******************************************************************************
                  TI ARM Linker PC v18.12.2                    
******************************************************************************
>> Linked Mon Dec  9 13:05:03 2019

OUTPUT FILE NAME:   <Lab13_Timers.out>
ENTRY POINT SYMBOL: "_c_int00_noargs"  address: 000018ed


MEMORY CONFIGURATION

         name            origin    length      used     unused   attr    fill
----------------------  --------  ---------  --------  --------  ----  --------
  MAIN                  00000000   00040000  000019bc  0003e644  R  X
  INFO                  00200000   00004000  00000000  00004000  R  X
  SRAM_CODE             01000000   00010000  0000023d  0000fdc3  RW X
  SRAM_DATA             20000000   00010000  0000023d  0000fdc3  RW  


SEGMENT ALLOCATION MAP

run origin  load origin   length   init length attrs members
----------  ----------- ---------- ----------- ----- -------
00000000    00000000    000019c0   000019c0    r-x
  00000000    00000000    000000e4   000000e4    r-- .intvecs
  000000e4    000000e4    000018a0   000018a0    r-x .text
  00001988    00001988    00000038   00000038    r-- .cinit
20000000    20000000    0000003d   00000000    rw-
  20000000    20000000    00000030   00000000    rw- .data
  20000030    20000030    0000000d   00000000    rw- .bss
2000fe00    2000fe00    00000200   00000000    rw-
  2000fe00    2000fe00    00000200   00000000    rw- .stack


SECTION ALLOCATION MAP

 output                                  attributes/
section   page    origin      length       input sections
--------  ----  ----------  ----------   ----------------
.intvecs   0    00000000    000000e4     
                  00000000    000000e4     startup_msp432p401r_ccs.obj (.intvecs:retain)

.text      0    000000e4    000018a0     
                  000000e4    000006c8     TExaS.obj (.text)
                  000007ac    00000420     PWM.obj (.text)
                  00000bcc    0000032c     system_msp432p401r.obj (.text)
                  00000ef8    00000294     Motor.obj (.text)
                  0000118c    000001e0     Clock.obj (.text)
                  0000136c    000001e0     Lab13_Timersmain.obj (.text)
                  0000154c    000000f4     LaunchPad.obj (.text)
                  00001640    000000b8     Bump.obj (.text)
                  000016f8    000000ac     TimerA1.obj (.text)
                  000017a4    0000009c     rtsv7M4_T_le_v4SPD16_eabi.lib : memcpy_t2.asm.obj (.text)
                  00001840    00000068                                   : copy_decompress_lzss.c.obj (.text:decompress:lzss:__TI_decompress_lzss)
                  000018a8    00000044                                   : autoinit.c.obj (.text:__TI_auto_init_nobinit_nopinit:__TI_auto_init_nobinit_nopinit)
                  000018ec    00000034                                   : boot_cortex_m.c.obj (.text:_c_int00_noargs:_c_int00_noargs)
                  00001920    00000024     CortexM.obj (.text)
                  00001944    0000001c     rtsv7M4_T_le_v4SPD16_eabi.lib : copy_zero_init.c.obj (.text:decompress:ZI:__TI_zero_init_nomemset:__TI_zero_init_nomemset)
                  00001960    0000000e                                   : copy_decompress_none.c.obj (.text:decompress:none:__TI_decompress_none)
                  0000196e    0000000e     startup_msp432p401r_ccs.obj (.text)
                  0000197c    00000004     rtsv7M4_T_le_v4SPD16_eabi.lib : pre_init.c.obj (.text:_system_pre_init)
                  00001980    00000004                                   : exit.c.obj (.text:abort:abort)

.cinit     0    00001988    00000038     
                  00001988    0000000d     (.cinit..data.load) [load image, compression = lzss]
                  00001995    00000003     --HOLE-- [fill = 0]
                  00001998    0000000c     (__TI_handler_table)
                  000019a4    00000004     --HOLE-- [fill = 0]
                  000019a8    00000008     (.cinit..bss.load) [load image, compression = zero_init]
                  000019b0    00000010     (__TI_cinit_table)

.init_array 
*          0    00000000    00000000     UNINITIALIZED

.binit     0    00000000    00000000     

.data      0    20000000    00000030     UNINITIALIZED
                  20000000    00000018     Clock.obj (.data)
                  20000018    0000000c     TExaS.obj (.data)
                  20000024    00000008     Motor.obj (.data)
                  2000002c    00000004     system_msp432p401r.obj (.data)

.bss       0    20000030    0000000d     UNINITIALIZED
                  20000030    00000004     (.common:PeriodicTask2)
                  20000034    00000004     (.common:Time)
                  20000038    00000004     (.common:TimerA1Task)
                  2000003c    00000001     (.common:LogicData)

.stack     0    2000fe00    00000200     UNINITIALIZED
                  2000fe00    00000004     rtsv7M4_T_le_v4SPD16_eabi.lib : boot_cortex_m.c.obj (.stack)
                  2000fe04    000001fc     --HOLE--

MODULE SUMMARY

       Module                        code   ro data   rw data
       ------                        ----   -------   -------
    .\
       TExaS.obj                     1736   0         34     
       PWM.obj                       1056   0         0      
       system_msp432p401r.obj        812    0         8      
       Motor.obj                     660    0         16     
       Clock.obj                     480    0         48     
       Lab13_Timersmain.obj          480    0         8      
       LaunchPad.obj                 244    0         0      
       startup_msp432p401r_ccs.obj   14     228       0      
       Bump.obj                      184    0         0      
       TimerA1.obj                   172    0         8      
       CortexM.obj                   36     0         0      
    +--+-----------------------------+------+---------+---------+
       Total:                        5874   228       122    
                                                             
    C:\ti\ccs910\ccs\tools\compiler\ti-cgt-arm_18.12.2.LTS\lib\rtsv7M4_T_le_v4SPD16_eabi.lib
       memcpy_t2.asm.obj             156    0         0      
       copy_decompress_lzss.c.obj    104    0         0      
       autoinit.c.obj                68     0         0      
       boot_cortex_m.c.obj           52     0         0      
       copy_zero_init.c.obj          28     0         0      
       copy_decompress_none.c.obj    14     0         0      
       exit.c.obj                    4      0         0      
       pre_init.c.obj                4      0         0      
    +--+-----------------------------+------+---------+---------+
       Total:                        430    0         0      
                                                             
       Stack:                        0      0         1024   
       Linker Generated:             0      49        0      
    +--+-----------------------------+------+---------+---------+
       Grand Total:                  6304   277       1146   


LINKER GENERATED COPY TABLES

__TI_cinit_table @ 000019b0 records: 2, size/record: 8, table size: 16
	.data: load addr=00001988, load size=0000000d bytes, run addr=20000000, run size=00000030 bytes, compression=lzss
	.bss: load addr=000019a8, load size=00000008 bytes, run addr=20000030, run size=0000000d bytes, compression=zero_init


LINKER GENERATED HANDLER TABLE

__TI_handler_table @ 00001998 records: 3, size/record: 4, table size: 12
	index: 0, handler: __TI_decompress_lzss
	index: 1, handler: __TI_decompress_none
	index: 2, handler: __TI_zero_init


GLOBAL SYMBOLS: SORTED ALPHABETICALLY BY Name 

address   name                                   
-------   ----                                   
0000197b  ADC14_IRQHandler                       
000004f1  ADC_Init                               
0000197b  AES256_IRQHandler                      
000014b7  BumpResponse                           
00001641  Bump_Init                              
00001675  Bump_Read                              
0000197b  BusFault_Handler                       
00001981  C$$EXIT                                
0000197b  COMP_E0_IRQHandler                     
0000197b  COMP_E1_IRQHandler                     
20000008  CPMwait                                
0000197b  CS_IRQHandler                          
20000000  ClockFrequency                         
000012e1  Clock_Delay1ms                         
000012b7  Clock_Delay1us                         
000012a3  Clock_GetFreq                          
0000118d  Clock_Init48MHz                        
20000014  Crystalstable                          
0000136d  Cycle_Left                             
000013b7  Cycle_Motors                           
00001391  Cycle_Right                            
0000197b  DMA_ERR_IRQHandler                     
0000197b  DMA_INT0_IRQHandler                    
0000197b  DMA_INT1_IRQHandler                    
0000197b  DMA_INT2_IRQHandler                    
0000197b  DMA_INT3_IRQHandler                    
0000197b  DebugMon_Handler                       
0000197b  Default_Handler                        
00001921  DisableInterrupts                      
0000197b  EUSCIA0_IRQHandler                     
0000197b  EUSCIA1_IRQHandler                     
0000197b  EUSCIA2_IRQHandler                     
0000197b  EUSCIA3_IRQHandler                     
0000197b  EUSCIB0_IRQHandler                     
0000197b  EUSCIB1_IRQHandler                     
0000197b  EUSCIB2_IRQHandler                     
0000197b  EUSCIB3_IRQHandler                     
00001927  EnableInterrupts                       
00001937  EndCritical                            
0000197b  FLCTL_IRQHandler                       
0000197b  FPU_IRQHandler                         
0000197b  HardFault_Handler                      
20000010  IFlags                                 
0000154d  LaunchPad_Init                         
000015bd  LaunchPad_Input                        
000015d7  LaunchPad_LED                          
000015f5  LaunchPad_Output                       
000000e5  LogicAnalyzer                          
000000ef  LogicAnalyzer_P1                       
000001c5  LogicAnalyzer_P10                      
000000fd  LogicAnalyzer_P2                       
000001d3  LogicAnalyzer_P27_P26_P82_P92_P104_P105
0000010b  LogicAnalyzer_P2_7654                  
0000011b  LogicAnalyzer_P3                       
00000129  LogicAnalyzer_P4                       
00000147  LogicAnalyzer_P4_765320                
00000137  LogicAnalyzer_P4_765432                
0000017f  LogicAnalyzer_P5                       
0000020b  LogicAnalyzer_P55_P54_P27_P26_P37_P36  
0000018d  LogicAnalyzer_P6                       
0000019b  LogicAnalyzer_P7                       
000001a9  LogicAnalyzer_P8                       
000001b7  LogicAnalyzer_P9                       
2000003c  LogicData                              
0000197b  MemManage_Handler                      
00001133  Motor_Backward                         
000010c1  Motor_Forward                          
00000ef9  Motor_Init                             
0000110b  Motor_Left                             
000010e3  Motor_Right                            
0000109d  Motor_Stop                             
0000197b  NMI_Handler                            
0000197b  PCM_IRQHandler                         
0000197b  PORT1_IRQHandler                       
0000197b  PORT2_IRQHandler                       
0000197b  PORT3_IRQHandler                       
0000197b  PORT4_IRQHandler                       
0000197b  PORT5_IRQHandler                       
0000197b  PORT6_IRQHandler                       
0000197b  PSS_IRQHandler                         
00000897  PWM_Duty1                              
000008b7  PWM_Duty2                              
0000095b  PWM_Duty3                              
0000097b  PWM_Duty4                              
000007ad  PWM_Init1                              
00000813  PWM_Init12                             
000008d7  PWM_Init34                             
00000ac3  PWM_RobotArmDuty0                      
00000ae9  PWM_RobotArmDuty1                      
00000b0f  PWM_RobotArmDuty2                      
00000ae3  PWM_RobotArmGetDuty0                   
00000b09  PWM_RobotArmGetDuty1                   
00000b2f  PWM_RobotArmGetDuty2                   
0000099b  PWM_RobotArmInit                       
0000197b  PendSV_Handler                         
20000030  PeriodicTask2                          
000002b9  PeriodicTask2_Init                     
00000333  PeriodicTask2_Stop                     
2000000c  Postwait                               
20000004  Prewait                                
00001407  Program13_1                            
00001495  Program13_2                            
0000197b  RTC_C_IRQHandler                       
0000196f  Reset_Handler                          
0000197b  SVC_Handler                            
00000235  Scope                                  
0000192d  StartCritical                          
0000197b  SysTick_Handler                        
2000002c  SystemCoreClock                        
00000bcd  SystemCoreClockUpdate                  
00000e41  SystemInit                             
00000323  T32_INT1_IRQHandler                    
00000323  T32_INT1_IRQHandler                    
0000197b  T32_INT2_IRQHandler                    
0000197b  T32_INTC_IRQHandler                    
0000197b  TA0_0_IRQHandler                       
0000197b  TA0_N_IRQHandler                       
0000176f  TA1_0_IRQHandler                       
0000176f  TA1_0_IRQHandler                       
0000197b  TA1_N_IRQHandler                       
0000197b  TA2_0_IRQHandler                       
0000197b  TA2_N_IRQHandler                       
0000197b  TA3_0_IRQHandler                       
0000197b  TA3_N_IRQHandler                       
00000485  TExaS_Clear0                           
00000491  TExaS_Clear1                           
000004a5  TExaS_Clear2                           
000004b1  TExaS_Clear3                           
000004bd  TExaS_Clear4                           
000004bf  TExaS_Clear5                           
000004cb  TExaS_Clear6                           
000005b5  TExaS_Init                             
2000001c  TExaS_ScopeErrConflict                 
20000018  TExaS_ScopeErrLostData                 
20000020  TExaS_ScopeWrnReconfig                 
00000413  TExaS_Set                              
0000042b  TExaS_Set0                             
00000437  TExaS_Set1                             
00000443  TExaS_Set2                             
0000044f  TExaS_Set3                             
0000045b  TExaS_Set4                             
0000045d  TExaS_Set5                             
00000475  TExaS_Set6                             
00000741  TExaS_Stop                             
000003c9  TExaS_Task0                            
000003d5  TExaS_Task1                            
000003e1  TExaS_Task2                            
000003ed  TExaS_Task3                            
000003f9  TExaS_Task4                            
000003fb  TExaS_Task5                            
00000407  TExaS_Task6                            
0000146b  Task                                   
20000034  Time                                   
000013e7  TimedPause                             
20000038  TimerA1Task                            
000016f9  TimerA1_Init                           
00001759  TimerA1_Stop                           
0000039d  UART_InChar                            
00000343  UART_Init                              
000003ad  UART_OutChar                           
0000197b  UsageFault_Handler                     
4000480c  WDTCTL_SYM                             
0000197b  WDT_A_IRQHandler                       
0000193f  WaitForInterrupt                       
20010000  __STACK_END                            
00000200  __STACK_SIZE                           
000019b0  __TI_CINIT_Base                        
000019c0  __TI_CINIT_Limit                       
00001998  __TI_Handler_Table_Base                
000019a4  __TI_Handler_Table_Limit               
000018a9  __TI_auto_init_nobinit_nopinit         
00001841  __TI_decompress_lzss                   
00001961  __TI_decompress_none                   
ffffffff  __TI_pprof_out_hndl                    
ffffffff  __TI_prof_data_size                    
ffffffff  __TI_prof_data_start                   
00000000  __TI_static_base__                     
00001945  __TI_zero_init_nomemset                
000017a5  __aeabi_memcpy                         
000017a5  __aeabi_memcpy4                        
000017a5  __aeabi_memcpy8                        
ffffffff  __binit__                              
ffffffff  __c_args__                             
UNDEFED   __mpu_init                             
2000fe00  __stack                                
000018ed  _c_int00_noargs                        
UNDEFED   _system_post_cinit                     
0000197d  _system_pre_init                       
00001981  abort                                  
0000100f  backward                               
ffffffff  binit                                  
000012a9  delay                                  
00000f81  forward                                
00000000  interruptVectors                       
20000024  leftDrive                              
00001505  main                                   
000017a5  memcpy                                 
000013c3  reverse                                
20000028  rightDrive                             


GLOBAL SYMBOLS: SORTED BY Symbol Address 

address   name                                   
-------   ----                                   
00000000  __TI_static_base__                     
00000000  interruptVectors                       
000000e5  LogicAnalyzer                          
000000ef  LogicAnalyzer_P1                       
000000fd  LogicAnalyzer_P2                       
0000010b  LogicAnalyzer_P2_7654                  
0000011b  LogicAnalyzer_P3                       
00000129  LogicAnalyzer_P4                       
00000137  LogicAnalyzer_P4_765432                
00000147  LogicAnalyzer_P4_765320                
0000017f  LogicAnalyzer_P5                       
0000018d  LogicAnalyzer_P6                       
0000019b  LogicAnalyzer_P7                       
000001a9  LogicAnalyzer_P8                       
000001b7  LogicAnalyzer_P9                       
000001c5  LogicAnalyzer_P10                      
000001d3  LogicAnalyzer_P27_P26_P82_P92_P104_P105
00000200  __STACK_SIZE                           
0000020b  LogicAnalyzer_P55_P54_P27_P26_P37_P36  
00000235  Scope                                  
000002b9  PeriodicTask2_Init                     
00000323  T32_INT1_IRQHandler                    
00000323  T32_INT1_IRQHandler                    
00000333  PeriodicTask2_Stop                     
00000343  UART_Init                              
0000039d  UART_InChar                            
000003ad  UART_OutChar                           
000003c9  TExaS_Task0                            
000003d5  TExaS_Task1                            
000003e1  TExaS_Task2                            
000003ed  TExaS_Task3                            
000003f9  TExaS_Task4                            
000003fb  TExaS_Task5                            
00000407  TExaS_Task6                            
00000413  TExaS_Set                              
0000042b  TExaS_Set0                             
00000437  TExaS_Set1                             
00000443  TExaS_Set2                             
0000044f  TExaS_Set3                             
0000045b  TExaS_Set4                             
0000045d  TExaS_Set5                             
00000475  TExaS_Set6                             
00000485  TExaS_Clear0                           
00000491  TExaS_Clear1                           
000004a5  TExaS_Clear2                           
000004b1  TExaS_Clear3                           
000004bd  TExaS_Clear4                           
000004bf  TExaS_Clear5                           
000004cb  TExaS_Clear6                           
000004f1  ADC_Init                               
000005b5  TExaS_Init                             
00000741  TExaS_Stop                             
000007ad  PWM_Init1                              
00000813  PWM_Init12                             
00000897  PWM_Duty1                              
000008b7  PWM_Duty2                              
000008d7  PWM_Init34                             
0000095b  PWM_Duty3                              
0000097b  PWM_Duty4                              
0000099b  PWM_RobotArmInit                       
00000ac3  PWM_RobotArmDuty0                      
00000ae3  PWM_RobotArmGetDuty0                   
00000ae9  PWM_RobotArmDuty1                      
00000b09  PWM_RobotArmGetDuty1                   
00000b0f  PWM_RobotArmDuty2                      
00000b2f  PWM_RobotArmGetDuty2                   
00000bcd  SystemCoreClockUpdate                  
00000e41  SystemInit                             
00000ef9  Motor_Init                             
00000f81  forward                                
0000100f  backward                               
0000109d  Motor_Stop                             
000010c1  Motor_Forward                          
000010e3  Motor_Right                            
0000110b  Motor_Left                             
00001133  Motor_Backward                         
0000118d  Clock_Init48MHz                        
000012a3  Clock_GetFreq                          
000012a9  delay                                  
000012b7  Clock_Delay1us                         
000012e1  Clock_Delay1ms                         
0000136d  Cycle_Left                             
00001391  Cycle_Right                            
000013b7  Cycle_Motors                           
000013c3  reverse                                
000013e7  TimedPause                             
00001407  Program13_1                            
0000146b  Task                                   
00001495  Program13_2                            
000014b7  BumpResponse                           
00001505  main                                   
0000154d  LaunchPad_Init                         
000015bd  LaunchPad_Input                        
000015d7  LaunchPad_LED                          
000015f5  LaunchPad_Output                       
00001641  Bump_Init                              
00001675  Bump_Read                              
000016f9  TimerA1_Init                           
00001759  TimerA1_Stop                           
0000176f  TA1_0_IRQHandler                       
0000176f  TA1_0_IRQHandler                       
000017a5  __aeabi_memcpy                         
000017a5  __aeabi_memcpy4                        
000017a5  __aeabi_memcpy8                        
000017a5  memcpy                                 
00001841  __TI_decompress_lzss                   
000018a9  __TI_auto_init_nobinit_nopinit         
000018ed  _c_int00_noargs                        
00001921  DisableInterrupts                      
00001927  EnableInterrupts                       
0000192d  StartCritical                          
00001937  EndCritical                            
0000193f  WaitForInterrupt                       
00001945  __TI_zero_init_nomemset                
00001961  __TI_decompress_none                   
0000196f  Reset_Handler                          
0000197b  ADC14_IRQHandler                       
0000197b  AES256_IRQHandler                      
0000197b  BusFault_Handler                       
0000197b  COMP_E0_IRQHandler                     
0000197b  COMP_E1_IRQHandler                     
0000197b  CS_IRQHandler                          
0000197b  DMA_ERR_IRQHandler                     
0000197b  DMA_INT0_IRQHandler                    
0000197b  DMA_INT1_IRQHandler                    
0000197b  DMA_INT2_IRQHandler                    
0000197b  DMA_INT3_IRQHandler                    
0000197b  DebugMon_Handler                       
0000197b  Default_Handler                        
0000197b  EUSCIA0_IRQHandler                     
0000197b  EUSCIA1_IRQHandler                     
0000197b  EUSCIA2_IRQHandler                     
0000197b  EUSCIA3_IRQHandler                     
0000197b  EUSCIB0_IRQHandler                     
0000197b  EUSCIB1_IRQHandler                     
0000197b  EUSCIB2_IRQHandler                     
0000197b  EUSCIB3_IRQHandler                     
0000197b  FLCTL_IRQHandler                       
0000197b  FPU_IRQHandler                         
0000197b  HardFault_Handler                      
0000197b  MemManage_Handler                      
0000197b  NMI_Handler                            
0000197b  PCM_IRQHandler                         
0000197b  PORT1_IRQHandler                       
0000197b  PORT2_IRQHandler                       
0000197b  PORT3_IRQHandler                       
0000197b  PORT4_IRQHandler                       
0000197b  PORT5_IRQHandler                       
0000197b  PORT6_IRQHandler                       
0000197b  PSS_IRQHandler                         
0000197b  PendSV_Handler                         
0000197b  RTC_C_IRQHandler                       
0000197b  SVC_Handler                            
0000197b  SysTick_Handler                        
0000197b  T32_INT2_IRQHandler                    
0000197b  T32_INTC_IRQHandler                    
0000197b  TA0_0_IRQHandler                       
0000197b  TA0_N_IRQHandler                       
0000197b  TA1_N_IRQHandler                       
0000197b  TA2_0_IRQHandler                       
0000197b  TA2_N_IRQHandler                       
0000197b  TA3_0_IRQHandler                       
0000197b  TA3_N_IRQHandler                       
0000197b  UsageFault_Handler                     
0000197b  WDT_A_IRQHandler                       
0000197d  _system_pre_init                       
00001981  C$$EXIT                                
00001981  abort                                  
00001998  __TI_Handler_Table_Base                
000019a4  __TI_Handler_Table_Limit               
000019b0  __TI_CINIT_Base                        
000019c0  __TI_CINIT_Limit                       
20000000  ClockFrequency                         
20000004  Prewait                                
20000008  CPMwait                                
2000000c  Postwait                               
20000010  IFlags                                 
20000014  Crystalstable                          
20000018  TExaS_ScopeErrLostData                 
2000001c  TExaS_ScopeErrConflict                 
20000020  TExaS_ScopeWrnReconfig                 
20000024  leftDrive                              
20000028  rightDrive                             
2000002c  SystemCoreClock                        
20000030  PeriodicTask2                          
20000034  Time                                   
20000038  TimerA1Task                            
2000003c  LogicData                              
2000fe00  __stack                                
20010000  __STACK_END                            
4000480c  WDTCTL_SYM                             
ffffffff  __TI_pprof_out_hndl                    
ffffffff  __TI_prof_data_size                    
ffffffff  __TI_prof_data_start                   
ffffffff  __binit__                              
ffffffff  __c_args__                             
ffffffff  binit                                  
UNDEFED   __mpu_init                             
UNDEFED   _system_post_cinit                     

[199 symbols]
