******************************************************************************
                  TI ARM Linker PC v18.12.2                    
******************************************************************************
>> Linked Mon Sep 23 16:07:32 2019

OUTPUT FILE NAME:   <TI_RSLK_MAX.out>
ENTRY POINT SYMBOL: "_c_int00_noargs"  address: 000047a1


MEMORY CONFIGURATION

         name            origin    length      used     unused   attr    fill
----------------------  --------  ---------  --------  --------  ----  --------
  MAIN                  00000000   00040000  00004c48  0003b3b8  R  X
  INFO                  00200000   00004000  00000000  00004000  R  X
  SRAM_CODE             01000000   00010000  00000a20  0000f5e0  RW X
  SRAM_DATA             20000000   00010000  00000a20  0000f5e0  RW  


SEGMENT ALLOCATION MAP

run origin  load origin   length   init length attrs members
----------  ----------- ---------- ----------- ----- -------
00000000    00000000    00004c48   00004c48    r-x
  00000000    00000000    000000e4   000000e4    r-- .intvecs
  000000e4    000000e4    00004980   00004980    r-x .text
  00004a64    00004a64    00000144   00000144    r-- .const
  00004ba8    00004ba8    000000a0   000000a0    r-- .cinit
20000000    20000000    00000820   00000000    rw-
  20000000    20000000    00000400   00000000    rw- .sysmem
  20000400    20000400    00000228   00000000    rw- .data
  20000628    20000628    000001f8   00000000    rw- .bss
2000fe00    2000fe00    00000200   00000000    rw-
  2000fe00    2000fe00    00000200   00000000    rw- .stack


SECTION ALLOCATION MAP

 output                                  attributes/
section   page    origin      length       input sections
--------  ----  ----------  ----------   ----------------
.intvecs   0    00000000    000000e4     
                  00000000    000000e4     startup_msp432p401r_ccs.obj (.intvecs:retain)

.text      0    000000e4    00004980     
                  000000e4    00000a4e     rtsv7M4_T_le_v4SPD16_eabi.lib : _printfi.c.obj (.text:__TI_printfi)
                  00000b32    00000002                                   : _lock.c.obj (.text:_nop)
                  00000b34    000006e0     UART0.obj (.text)
                  00001214    00000420     PWM.obj (.text)
                  00001634    0000038c     RSLK_MAX_main.obj (.text)
                  000019c0    00000334     system_msp432p401r.obj (.text)
                  00001cf4    00000270     rtsv7M4_T_le_v4SPD16_eabi.lib : _printfi.c.obj (.text:_pconv_a)
                  00001f64    000001e0     Clock.obj (.text)
                  00002144    000001d4     TA3InputCapture.obj (.text)
                  00002318    000001d0     rtsv7M4_T_le_v4SPD16_eabi.lib : _printfi.c.obj (.text:_pconv_g)
                  000024e8    000001c8     Reflectance.obj (.text)
                  000026b0    000001b6     rtsv7M4_T_le_v4SPD16_eabi.lib : fd_add_t2.asm.obj (.text)
                  00002866    00000002                                   : div0.asm.obj (.text)
                  00002868    0000018c     Motor.obj (.text)
                  000029f4    0000013c     Tachometer.obj (.text)
                  00002b30    0000013c     rtsv7M4_T_le_v4SPD16_eabi.lib : _printfi.c.obj (.text:_pconv_e)
                  00002c6c    00000136                                   : fd_div_t2.asm.obj (.text)
                  00002da2    00000002     --HOLE-- [fill = 0]
                  00002da4    00000124                                   : _printfi.c.obj (.text:fcvt)
                  00002ec8    00000114                                   : fputs.c.obj (.text:fputs)
                  00002fdc    00000110                                   : s_scalbn.c.obj (.text:scalbn)
                  000030ec    0000010c                                   : fopen.c.obj (.text:_openfile)
                  000031f8    000000fc                                   : fd_mul_t2.asm.obj (.text)
                  000032f4    000000f4     LaunchPad.obj (.text)
                  000033e8    000000f4     rtsv7M4_T_le_v4SPD16_eabi.lib : memory.c.obj (.text:aligned_alloc)
                  000034dc    000000e8                                   : memory.c.obj (.text:free)
                  000035c4    000000dc                                   : setvbuf.c.obj (.text:setvbuf)
                  000036a0    000000bc                                   : open.c.obj (.text:open)
                  0000375c    000000b8                                   : add_device.c.obj (.text:add_device)
                  00003814    000000b1                                   : _printfi.c.obj (.text:_ltostr)
                  000038c5    00000003     --HOLE-- [fill = 0]
                  000038c8    0000009c                                   : fopen.c.obj (.text:fopen)
                  00003964    0000009c                                   : memcpy_t2.asm.obj (.text)
                  00003a00    00000096                                   : ull_div_t2.asm.obj (.text)
                  00003a96    00000002     --HOLE-- [fill = 0]
                  00003a98    0000008c                                   : fputc.c.obj (.text:fputc)
                  00003b24    00000086                                   : fd_cmp_t2.asm.obj (.text:__aeabi_cdcmple)
                  00003baa    00000086                                   : fd_cmp_t2.asm.obj (.text:__aeabi_cdrcmple)
                  00003c30    0000007c                                   : memory.c.obj (.text:split)
                  00003cac    0000007a                                   : memset_t2.asm.obj (.text)
                  00003d26    00000002     --HOLE-- [fill = 0]
                  00003d28    00000078     Bump.obj (.text)
                  00003da0    00000074     rtsv7M4_T_le_v4SPD16_eabi.lib : fclose.c.obj (.text:__TI_closefile)
                  00003e14    0000006e                                   : _printfi.c.obj (.text:_mcpy)
                  00003e82    00000002     --HOLE-- [fill = 0]
                  00003e84    00000068                                   : hostlseek.c.obj (.text:HOSTlseek)
                  00003eec    00000068                                   : hostrename.c.obj (.text:HOSTrename)
                  00003f54    00000068                                   : copy_decompress_lzss.c.obj (.text:decompress:lzss:__TI_decompress_lzss)
                  00003fbc    00000068                                   : printf.c.obj (.text:printf)
                  00004024    00000064                                   : s_frexp.c.obj (.text:frexp)
                  00004088    00000064                                   : fseek.c.obj (.text:fseek)
                  000040ec    00000062                                   : _io_perm.c.obj (.text:__TI_wrt_ok)
                  0000414e    00000002     --HOLE-- [fill = 0]
                  00004150    00000060                                   : hostopen.c.obj (.text:HOSTopen)
                  000041b0    0000005c                                   : close.c.obj (.text:close)
                  0000420c    00000058                                   : hostread.c.obj (.text:HOSTread)
                  00004264    00000058                                   : hostwrite.c.obj (.text:HOSTwrite)
                  000042bc    00000058     blinker.obj (.text)
                  00004314    00000056     rtsv7M4_T_le_v4SPD16_eabi.lib : _printfi.c.obj (.text:_pconv_f)
                  0000436a    00000054                                   : ltoa.c.obj (.text:ltoa)
                  000043be    00000052                                   : _printfi.c.obj (.text:_ecpy)
                  00004410    0000004c                                   : fflush.c.obj (.text:__TI_doflush)
                  0000445c    0000004c                                   : atoi.c.obj (.text:atoi)
                  000044a8    00000048                                   : exit.c.obj (.text:exit)
                  000044f0    00000048                                   : fd_toi_t2.asm.obj (.text)
                  00004538    00000044                                   : hostclose.c.obj (.text:HOSTclose)
                  0000457c    00000044                                   : hostunlink.c.obj (.text:HOSTunlink)
                  000045c0    00000044                                   : autoinit.c.obj (.text:__TI_auto_init_nobinit_nopinit:__TI_auto_init_nobinit_nopinit)
                  00004604    00000044                                   : getdevice.c.obj (.text:getdevice)
                  00004648    00000040     SysTickInts.obj (.text)
                  00004688    0000003e     rtsv7M4_T_le_v4SPD16_eabi.lib : _printfi.c.obj (.text:_fcpy)
                  000046c6    00000002     --HOLE-- [fill = 0]
                  000046c8    00000038                                   : trgmsg.c.obj (.text:__TI_writemsg)
                  00004700    00000036                                   : strncpy.c.obj (.text:strncpy)
                  00004736    00000002     --HOLE-- [fill = 0]
                  00004738    00000034                                   : fopen.c.obj (.text:__TI_cleanup)
                  0000476c    00000034                                   : trgmsg.c.obj (.text:__TI_readmsg)
                  000047a0    00000034                                   : boot_cortex_m.c.obj (.text:_c_int00_noargs:_c_int00_noargs)
                  000047d4    00000034                                   : fopen.c.obj (.text:freopen)
                  00004808    00000030                                   : getdevice.c.obj (.text:finddevice)
                  00004838    0000002e                                   : i_tofd_t2.asm.obj (.text)
                  00004866    00000002     --HOLE-- [fill = 0]
                  00004868    0000002c                                   : unlink.c.obj (.text:unlink)
                  00004894    00000028                                   : memory.c.obj (.text:free_list_insert)
                  000048bc    00000028                                   : lseek.c.obj (.text:lseek)
                  000048e4    00000028                                   : write.c.obj (.text:write)
                  0000490c    00000024     CortexM.obj (.text)
                  00004930    00000020     rtsv7M4_T_le_v4SPD16_eabi.lib : memchr.c.obj (.text:memchr)
                  00004950    0000001c                                   : copy_zero_init.c.obj (.text:decompress:ZI:__TI_zero_init_nomemset:__TI_zero_init_nomemset)
                  0000496c    0000001c                                   : memory.c.obj (.text:free_list_remove)
                  00004988    0000001c                                   : memccpy.c.obj (.text:memccpy)
                  000049a4    0000001a                                   : s_copysign.c.obj (.text:copysign)
                  000049be    00000018                                   : strcmp.c.obj (.text:strcmp)
                  000049d6    00000016                                   : strchr.c.obj (.text:strchr)
                  000049ec    00000014                                   : strcpy.c.obj (.text:strcpy)
                  00004a00    00000014                                   : strlen.c.obj (.text:strlen)
                  00004a14    00000012                                   : wcslen.c.obj (.text:wcslen)
                  00004a26    0000000e                                   : copy_decompress_none.c.obj (.text:decompress:none:__TI_decompress_none)
                  00004a34    0000000e     startup_msp432p401r_ccs.obj (.text)
                  00004a42    00000002     --HOLE-- [fill = 0]
                  00004a44    00000008     rtsv7M4_T_le_v4SPD16_eabi.lib : errno.c.obj (.text:__aeabi_errno_addr)
                  00004a4c    00000008                                   : memory.c.obj (.text:malloc)
                  00004a54    00000004                                   : printf.c.obj (.text:_outc)
                  00004a58    00000004                                   : printf.c.obj (.text:_outs)
                  00004a5c    00000004                                   : pre_init.c.obj (.text:_system_pre_init)
                  00004a60    00000004                                   : exit.c.obj (.text:abort:abort)

.const     0    00004a64    00000144     
                  00004a64    00000101     rtsv7M4_T_le_v4SPD16_eabi.lib : ctype.c.obj (.const:.string:_ctypes_)
                  00004b65    00000003     --HOLE-- [fill = 0]
                  00004b68    00000020     Reflectance.obj (.const:Mask)
                  00004b88    00000020     Reflectance.obj (.const:Weight)

.cinit     0    00004ba8    000000a0     
                  00004ba8    00000078     (.cinit..data.load) [load image, compression = lzss]
                  00004c20    0000000c     (__TI_handler_table)
                  00004c2c    00000004     --HOLE-- [fill = 0]
                  00004c30    00000008     (.cinit..bss.load) [load image, compression = zero_init]
                  00004c38    00000010     (__TI_cinit_table)

.init_array 
*          0    00000000    00000000     UNINITIALIZED

.binit     0    00000000    00000000     

.sysmem    0    20000000    00000400     UNINITIALIZED
                  20000000    00000010     rtsv7M4_T_le_v4SPD16_eabi.lib : memory.c.obj (.sysmem)
                  20000010    000003f0     --HOLE--

.data      0    20000400    00000228     UNINITIALIZED
                  20000400    000000f0     rtsv7M4_T_le_v4SPD16_eabi.lib : defs.c.obj (.data:_ftable)
                  200004f0    00000078                                   : host_device.c.obj (.data:_device)
                  20000568    00000050                                   : host_device.c.obj (.data:_stream)
                  200005b8    00000018     Clock.obj (.data)
                  200005d0    00000010     rtsv7M4_T_le_v4SPD16_eabi.lib : defs.c.obj (.data)
                  200005e0    0000000c                                   : exit.c.obj (.data:$O1$$)
                  200005ec    0000000c     TA3InputCapture.obj (.data)
                  200005f8    0000000a     Tachometer.obj (.data)
                  20000602    00000002     --HOLE--
                  20000604    00000008     rtsv7M4_T_le_v4SPD16_eabi.lib : _lock.c.obj (.data:$O1$$)
                  2000060c    00000008                                   : memory.c.obj (.data:$O1$$)
                  20000614    00000004                                   : add_device.c.obj (.data)
                  20000618    00000004                                   : errno.c.obj (.data)
                  2000061c    00000004                                   : fopen.c.obj (.data)
                  20000620    00000004                                   : open.c.obj (.data)
                  20000624    00000004     system_msp432p401r.obj (.data)

.bss       0    20000628    000001f8     UNINITIALIZED
                  20000628    00000120     rtsv7M4_T_le_v4SPD16_eabi.lib : trgmsg.c.obj (.bss:_CIOBUF_)
                  20000748    000000a0     (.common:__TI_tmpnams)
                  200007e8    00000008     (.common:Messageb)
                  200007f0    00000008     (.common:parmbuf)
                  200007f8    00000004     (.common:LeftSteps)
                  200007fc    00000004     (.common:Messageindexb)
                  20000800    00000004     (.common:Position)
                  20000804    00000004     (.common:RightSteps)
                  20000808    00000004     (.common:Time)
                  2000080c    00000002     (.common:LeftSpeed)
                  2000080e    00000002     (.common:LeftTach)
                  20000810    00000002     (.common:RightSpeed)
                  20000812    00000002     (.common:RightTach)
                  20000814    00000002     (.common:Tachometer_FirstLeftTime)
                  20000816    00000002     (.common:Tachometer_FirstRightTime)
                  20000818    00000002     (.common:Tachometer_SecondLeftTime)
                  2000081a    00000002     (.common:Tachometer_SecondRightTime)
                  2000081c    00000001     (.common:Data)
                  2000081d    00000001     (.common:LeftDir)
                  2000081e    00000001     (.common:Reflectanceresult)
                  2000081f    00000001     (.common:RightDir)

.stack     0    2000fe00    00000200     UNINITIALIZED
                  2000fe00    00000004     rtsv7M4_T_le_v4SPD16_eabi.lib : boot_cortex_m.c.obj (.stack)
                  2000fe04    000001fc     --HOLE--

MODULE SUMMARY

       Module                        code    ro data   rw data
       ------                        ----    -------   -------
    ..\
       UART0.obj                     1760    0         24     
       PWM.obj                       1056    0         0      
       Reflectance.obj               456     64        2      
       TA3InputCapture.obj           468     0         24     
       Motor.obj                     396     0         0      
       Tachometer.obj                316     0         36     
       Bump.obj                      120     0         0      
    +--+-----------------------------+-------+---------+---------+
       Total:                        4572    64        86     
                                                              
    .\
       RSLK_MAX_main.obj             908     0         54     
       system_msp432p401r.obj        820     0         8      
       Clock.obj                     480     0         48     
       LaunchPad.obj                 244     0         0      
       startup_msp432p401r_ccs.obj   14      228       0      
       blinker.obj                   88      0         0      
       SysTickInts.obj               64      0         0      
       CortexM.obj                   36      0         0      
    +--+-----------------------------+-------+---------+---------+
       Total:                        2654    228       110    
                                                              
    C:\ti\ccs910\ccs\tools\compiler\ti-cgt-arm_18.12.2.LTS\lib\rtsv7M4_T_le_v4SPD16_eabi.lib
       _printfi.c.obj                4851    0         0      
       defs.c.obj                    0       0         832    
       memory.c.obj                  676     0         16     
       trgmsg.c.obj                  108     0         576    
       fopen.c.obj                   528     0         8      
       fd_add_t2.asm.obj             438     0         0      
       host_device.c.obj             0       0         400    
       fd_div_t2.asm.obj             310     0         0      
       fputs.c.obj                   276     0         0      
       s_scalbn.c.obj                272     0         0      
       fd_cmp_t2.asm.obj             268     0         0      
       ctype.c.obj                   0       257       0      
       fd_mul_t2.asm.obj             252     0         0      
       setvbuf.c.obj                 220     0         0      
       open.c.obj                    188     0         8      
       add_device.c.obj              184     0         8      
       memcpy_t2.asm.obj             156     0         0      
       ull_div_t2.asm.obj            150     0         0      
       fputc.c.obj                   140     0         0      
       memset_t2.asm.obj             122     0         0      
       fclose.c.obj                  116     0         0      
       getdevice.c.obj               116     0         0      
       hostopen.c.obj                96      0         16     
       printf.c.obj                  112     0         0      
       copy_decompress_lzss.c.obj    104     0         0      
       hostlseek.c.obj               104     0         0      
       hostrename.c.obj              104     0         0      
       exit.c.obj                    76      0         24     
       fseek.c.obj                   100     0         0      
       s_frexp.c.obj                 100     0         0      
       _io_perm.c.obj                98      0         0      
       close.c.obj                   92      0         0      
       hostread.c.obj                88      0         0      
       hostwrite.c.obj               88      0         0      
       ltoa.c.obj                    84      0         0      
       atoi.c.obj                    76      0         0      
       fflush.c.obj                  76      0         0      
       fd_toi_t2.asm.obj             72      0         0      
       autoinit.c.obj                68      0         0      
       hostclose.c.obj               68      0         0      
       hostunlink.c.obj              68      0         0      
       strncpy.c.obj                 54      0         0      
       boot_cortex_m.c.obj           52      0         0      
       i_tofd_t2.asm.obj             46      0         0      
       unlink.c.obj                  44      0         0      
       lseek.c.obj                   40      0         0      
       write.c.obj                   40      0         0      
       memchr.c.obj                  32      0         0      
       copy_zero_init.c.obj          28      0         0      
       memccpy.c.obj                 28      0         0      
       s_copysign.c.obj              26      0         0      
       strcmp.c.obj                  24      0         0      
       strchr.c.obj                  22      0         0      
       strcpy.c.obj                  20      0         0      
       strlen.c.obj                  20      0         0      
       _lock.c.obj                   2       0         16     
       wcslen.c.obj                  18      0         0      
       errno.c.obj                   8       0         8      
       copy_decompress_none.c.obj    14      0         0      
       pre_init.c.obj                4       0         0      
       div0.asm.obj                  2       0         0      
    +--+-----------------------------+-------+---------+---------+
       Total:                        11569   257       1912   
                                                              
       Heap:                         0       0         2048   
       Stack:                        0       0         1024   
       Linker Generated:             0       156       0      
    +--+-----------------------------+-------+---------+---------+
       Grand Total:                  18795   705       5180   


LINKER GENERATED COPY TABLES

__TI_cinit_table @ 00004c38 records: 2, size/record: 8, table size: 16
	.data: load addr=00004ba8, load size=00000078 bytes, run addr=20000400, run size=00000228 bytes, compression=lzss
	.bss: load addr=00004c30, load size=00000008 bytes, run addr=20000628, run size=000001f8 bytes, compression=zero_init


LINKER GENERATED HANDLER TABLE

__TI_handler_table @ 00004c20 records: 3, size/record: 4, table size: 12
	index: 0, handler: __TI_decompress_lzss
	index: 1, handler: __TI_decompress_none
	index: 2, handler: __TI_zero_init


GLOBAL SYMBOLS: SORTED ALPHABETICALLY BY Name 

address   name                           
-------   ----                           
00004a41  ADC14_IRQHandler               
00004a41  AES256_IRQHandler              
000042bd  Blinker_Init                   
000042e7  Blinker_Output                 
00003d29  Bump_Init                      
00003d5d  Bump_Read                      
00004a41  BusFault_Handler               
00004a61  C$$EXIT                        
000046f7  C$$IO$$                        
00004a41  COMP_E0_IRQHandler             
00004a41  COMP_E1_IRQHandler             
200005c0  CPMwait                        
00004a41  CS_IRQHandler                  
200005ec  CaptureTask0                   
200005f0  CaptureTask1                   
200005f4  CaptureTask2                   
200005b8  ClockFrequency                 
000020b9  Clock_Delay1ms                 
0000208f  Clock_Delay1us                 
0000207b  Clock_GetFreq                  
00001f65  Clock_Init48MHz                
200005cc  Crystalstable                  
00004a41  DMA_ERR_IRQHandler             
00004a41  DMA_INT0_IRQHandler            
00004a41  DMA_INT1_IRQHandler            
00004a41  DMA_INT2_IRQHandler            
00004a41  DMA_INT3_IRQHandler            
2000081c  Data                           
00004a41  DebugMon_Handler               
00004a41  Default_Handler                
0000490d  DisableInterrupts              
00004a41  EUSCIA0_IRQHandler             
00004a41  EUSCIA1_IRQHandler             
00004a41  EUSCIA2_IRQHandler             
00004a41  EUSCIA3_IRQHandler             
00004a41  EUSCIB0_IRQHandler             
00004a41  EUSCIB1_IRQHandler             
00004a41  EUSCIB2_IRQHandler             
00004a41  EUSCIB3_IRQHandler             
00004913  EnableInterrupts               
00004923  EndCritical                    
00004a41  FLCTL_IRQHandler               
00004a41  FPU_IRQHandler                 
00004539  HOSTclose                      
00003e85  HOSTlseek                      
00004151  HOSTopen                       
0000420d  HOSTread                       
00003eed  HOSTrename                     
0000457d  HOSTunlink                     
00004265  HOSTwrite                      
00004a41  HardFault_Handler              
200005c8  IFlags                         
000032f5  LaunchPad_Init                 
00003365  LaunchPad_Input                
0000337f  LaunchPad_LED                  
0000339d  LaunchPad_Output               
2000081d  LeftDir                        
2000080c  LeftSpeed                      
200007f8  LeftSteps                      
2000080e  LeftTach                       
00004b68  Mask                           
00004a41  MemManage_Handler              
200007e8  Messageb                       
200007fc  Messageindexb                  
00002997  Motor_Backward                 
000028cf  Motor_Forward                  
00002869  Motor_Init                     
00002951  Motor_Left                     
0000290b  Motor_Right                    
000028bb  Motor_Stop                     
00004a41  NMI_Handler                    
00004a41  PCM_IRQHandler                 
00004a41  PORT1_IRQHandler               
00004a41  PORT2_IRQHandler               
00004a41  PORT3_IRQHandler               
00004a41  PORT4_IRQHandler               
00004a41  PORT5_IRQHandler               
00004a41  PORT6_IRQHandler               
00004a41  PSS_IRQHandler                 
000012ff  PWM_Duty1                      
0000131f  PWM_Duty2                      
000013c3  PWM_Duty3                      
000013e3  PWM_Duty4                      
00001215  PWM_Init1                      
0000127b  PWM_Init12                     
0000133f  PWM_Init34                     
0000152b  PWM_RobotArmDuty0              
00001551  PWM_RobotArmDuty1              
00001577  PWM_RobotArmDuty2              
0000154b  PWM_RobotArmGetDuty0           
00001571  PWM_RobotArmGetDuty1           
00001597  PWM_RobotArmGetDuty2           
00001403  PWM_RobotArmInit               
00004a41  PendSV_Handler                 
20000800  Position                       
200005c4  Postwait                       
200005bc  Prewait                        
0000167f  PrintBump                      
00004a41  RTC_C_IRQHandler               
000025a5  Reflectance_Center             
0000264d  Reflectance_End                
000024e9  Reflectance_Init               
000025b7  Reflectance_Position           
0000254d  Reflectance_Read               
0000261d  Reflectance_Start              
2000081e  Reflectanceresult              
00004a35  Reset_Handler                  
2000081f  RightDir                       
20000810  RightSpeed                     
20000804  RightSteps                     
20000812  RightTach                      
00004a41  SVC_Handler                    
00004919  StartCritical                  
00001635  SysTick_Handler                
00001635  SysTick_Handler                
00004649  SysTick_Init                   
20000624  SystemCoreClock                
000019c1  SystemCoreClockUpdate          
00001c39  SystemInit                     
00004a41  T32_INT1_IRQHandler            
00004a41  T32_INT2_IRQHandler            
00004a41  T32_INTC_IRQHandler            
00004a41  TA0_0_IRQHandler               
00004a41  TA0_N_IRQHandler               
00004a41  TA1_0_IRQHandler               
00004a41  TA1_N_IRQHandler               
00004a41  TA2_0_IRQHandler               
00004a41  TA2_N_IRQHandler               
000021d1  TA3_0_IRQHandler               
000021d1  TA3_0_IRQHandler               
000021eb  TA3_N_IRQHandler               
000021eb  TA3_N_IRQHandler               
20000814  Tachometer_FirstLeftTime       
20000816  Tachometer_FirstRightTime      
00002aab  Tachometer_Get                 
00002a81  Tachometer_Init                
20000601  Tachometer_LeftDir             
200005fc  Tachometer_LeftSteps           
20000600  Tachometer_RightDir            
200005f8  Tachometer_RightSteps          
20000818  Tachometer_SecondLeftTime      
2000081a  Tachometer_SecondRightTime     
20000808  Time                           
00002151  TimerA3Capture_Init01          
0000222b  TimerA3Capture_Init02          
00000b7b  UART0_InChar                   
00001025  UART0_InString                 
00000bc5  UART0_InUDec                   
00000ed9  UART0_InUHex                   
00000b35  UART0_Init                     
00001187  UART0_Initprintf               
00000b8b  UART0_OutChar                  
00000c79  UART0_OutSDec                  
00000ba7  UART0_OutString                
00000c49  UART0_OutUDec                  
00000ded  UART0_OutUDec4                 
00000e35  UART0_OutUDec5                 
00000e67  UART0_OutUFix1                 
00000e8f  UART0_OutUFix2                 
00000f9d  UART0_OutUHex                  
00001009  UART0_OutUHex2                 
00004a41  UsageFault_Handler             
4000480c  WDTCTL_SYM                     
00004a41  WDT_A_IRQHandler               
0000492b  WaitForInterrupt               
00004b88  Weight                         
20000628  __CIOBUF_                      
20010000  __STACK_END                    
00000200  __STACK_SIZE                   
00000400  __SYSMEM_SIZE                  
00004c38  __TI_CINIT_Base                
00004c48  __TI_CINIT_Limit               
00004c20  __TI_Handler_Table_Base        
00004c2c  __TI_Handler_Table_Limit       
000045c1  __TI_auto_init_nobinit_nopinit 
00004739  __TI_cleanup                   
200005e0  __TI_cleanup_ptr               
00003da1  __TI_closefile                 
00003f55  __TI_decompress_lzss           
00004a27  __TI_decompress_none           
00004411  __TI_doflush                   
200005e4  __TI_dtors_ptr                 
200005e8  __TI_enable_exit_profile_output
200005d0  __TI_ft_end                    
ffffffff  __TI_pprof_out_hndl            
000000e5  __TI_printfi                   
ffffffff  __TI_prof_data_size            
ffffffff  __TI_prof_data_start           
0000476d  __TI_readmsg                   
00000000  __TI_static_base__             
20000748  __TI_tmpnams                   
000046c9  __TI_writemsg                  
000040ed  __TI_wrt_ok                    
00004951  __TI_zero_init_nomemset        
00003b25  __aeabi_cdcmpeq                
00003b25  __aeabi_cdcmple                
00003bab  __aeabi_cdrcmple               
000044f1  __aeabi_d2iz                   
000026bb  __aeabi_dadd                   
00002c6d  __aeabi_ddiv                   
000031f9  __aeabi_dmul                   
000026b1  __aeabi_dsub                   
00004a45  __aeabi_errno_addr             
00004839  __aeabi_i2d                    
00002867  __aeabi_idiv0                  
00002867  __aeabi_ldiv0                  
00003cad  __aeabi_memclr                 
00003cad  __aeabi_memclr4                
00003cad  __aeabi_memclr8                
00003965  __aeabi_memcpy                 
00003965  __aeabi_memcpy4                
00003965  __aeabi_memcpy8                
00003caf  __aeabi_memset                 
00003caf  __aeabi_memset4                
00003caf  __aeabi_memset8                
200005dc  __aeabi_stderr                 
200005d4  __aeabi_stdin                  
200005d8  __aeabi_stdout                 
00003a01  __aeabi_uldivmod               
ffffffff  __binit__                      
ffffffff  __c_args__                     
UNDEFED   __mpu_init                     
2000fe00  __stack                        
000047a1  _c_int00_noargs                
00004a64  _ctypes_                       
200004f0  _device                        
20000400  _ftable                        
20000604  _lock                          
00000b33  _nop                           
20000568  _stream                        
20000000  _sys_memory                    
UNDEFED   _system_post_cinit             
00004a5d  _system_pre_init               
20000608  _unlock                        
00004a61  abort                          
0000375d  add_device                     
000033e9  aligned_alloc                  
0000445d  atoi                           
ffffffff  binit                          
000041b1  close                          
000049a5  copysign                       
000049a5  copysignl                      
00002081  delay                          
20000618  errno                          
000044a9  exit                           
000010b9  ferror                         
0000109f  fgetc                          
00004809  finddevice                     
000038c9  fopen                          
00003a99  fputc                          
00002ec9  fputs                          
000034dd  free                           
000047d5  freopen                        
00004025  frexp                          
00004025  frexpl                         
00004089  fseek                          
00004605  getdevice                      
00000000  interruptVectors               
00002fdd  ldexp                          
00002fdd  ldexpl                         
000048bd  lseek                          
0000436b  ltoa                           
000016c5  main                           
00004a4d  malloc                         
000033e9  memalign                       
00004989  memccpy                        
00004931  memchr                         
00003965  memcpy                         
00003cb5  memset                         
000036a1  open                           
00000fe1  outnibble                      
200007f0  parmbuf                        
00003fbd  printf                         
00003a99  putc                           
00004869  remove                         
00002fdd  scalbn                         
00002fdd  scalbnl                        
000035c5  setvbuf                        
000049d7  strchr                         
000049bf  strcmp                         
000049ed  strcpy                         
00004a01  strlen                         
00004701  strncpy                        
00002145  ta3dummy                       
00002a3b  tachometerLeftInt              
000029f5  tachometerRightInt             
000010df  uart_close                     
0000115d  uart_lseek                     
000010cf  uart_open                      
000010eb  uart_read                      
00001179  uart_rename                    
0000116d  uart_unlink                    
0000111b  uart_write                     
00004869  unlink                         
00004a15  wcslen                         
000048e5  write                          


GLOBAL SYMBOLS: SORTED BY Symbol Address 

address   name                           
-------   ----                           
00000000  __TI_static_base__             
00000000  interruptVectors               
000000e5  __TI_printfi                   
00000200  __STACK_SIZE                   
00000400  __SYSMEM_SIZE                  
00000b33  _nop                           
00000b35  UART0_Init                     
00000b7b  UART0_InChar                   
00000b8b  UART0_OutChar                  
00000ba7  UART0_OutString                
00000bc5  UART0_InUDec                   
00000c49  UART0_OutUDec                  
00000c79  UART0_OutSDec                  
00000ded  UART0_OutUDec4                 
00000e35  UART0_OutUDec5                 
00000e67  UART0_OutUFix1                 
00000e8f  UART0_OutUFix2                 
00000ed9  UART0_InUHex                   
00000f9d  UART0_OutUHex                  
00000fe1  outnibble                      
00001009  UART0_OutUHex2                 
00001025  UART0_InString                 
0000109f  fgetc                          
000010b9  ferror                         
000010cf  uart_open                      
000010df  uart_close                     
000010eb  uart_read                      
0000111b  uart_write                     
0000115d  uart_lseek                     
0000116d  uart_unlink                    
00001179  uart_rename                    
00001187  UART0_Initprintf               
00001215  PWM_Init1                      
0000127b  PWM_Init12                     
000012ff  PWM_Duty1                      
0000131f  PWM_Duty2                      
0000133f  PWM_Init34                     
000013c3  PWM_Duty3                      
000013e3  PWM_Duty4                      
00001403  PWM_RobotArmInit               
0000152b  PWM_RobotArmDuty0              
0000154b  PWM_RobotArmGetDuty0           
00001551  PWM_RobotArmDuty1              
00001571  PWM_RobotArmGetDuty1           
00001577  PWM_RobotArmDuty2              
00001597  PWM_RobotArmGetDuty2           
00001635  SysTick_Handler                
00001635  SysTick_Handler                
0000167f  PrintBump                      
000016c5  main                           
000019c1  SystemCoreClockUpdate          
00001c39  SystemInit                     
00001f65  Clock_Init48MHz                
0000207b  Clock_GetFreq                  
00002081  delay                          
0000208f  Clock_Delay1us                 
000020b9  Clock_Delay1ms                 
00002145  ta3dummy                       
00002151  TimerA3Capture_Init01          
000021d1  TA3_0_IRQHandler               
000021d1  TA3_0_IRQHandler               
000021eb  TA3_N_IRQHandler               
000021eb  TA3_N_IRQHandler               
0000222b  TimerA3Capture_Init02          
000024e9  Reflectance_Init               
0000254d  Reflectance_Read               
000025a5  Reflectance_Center             
000025b7  Reflectance_Position           
0000261d  Reflectance_Start              
0000264d  Reflectance_End                
000026b1  __aeabi_dsub                   
000026bb  __aeabi_dadd                   
00002867  __aeabi_idiv0                  
00002867  __aeabi_ldiv0                  
00002869  Motor_Init                     
000028bb  Motor_Stop                     
000028cf  Motor_Forward                  
0000290b  Motor_Right                    
00002951  Motor_Left                     
00002997  Motor_Backward                 
000029f5  tachometerRightInt             
00002a3b  tachometerLeftInt              
00002a81  Tachometer_Init                
00002aab  Tachometer_Get                 
00002c6d  __aeabi_ddiv                   
00002ec9  fputs                          
00002fdd  ldexp                          
00002fdd  ldexpl                         
00002fdd  scalbn                         
00002fdd  scalbnl                        
000031f9  __aeabi_dmul                   
000032f5  LaunchPad_Init                 
00003365  LaunchPad_Input                
0000337f  LaunchPad_LED                  
0000339d  LaunchPad_Output               
000033e9  aligned_alloc                  
000033e9  memalign                       
000034dd  free                           
000035c5  setvbuf                        
000036a1  open                           
0000375d  add_device                     
000038c9  fopen                          
00003965  __aeabi_memcpy                 
00003965  __aeabi_memcpy4                
00003965  __aeabi_memcpy8                
00003965  memcpy                         
00003a01  __aeabi_uldivmod               
00003a99  fputc                          
00003a99  putc                           
00003b25  __aeabi_cdcmpeq                
00003b25  __aeabi_cdcmple                
00003bab  __aeabi_cdrcmple               
00003cad  __aeabi_memclr                 
00003cad  __aeabi_memclr4                
00003cad  __aeabi_memclr8                
00003caf  __aeabi_memset                 
00003caf  __aeabi_memset4                
00003caf  __aeabi_memset8                
00003cb5  memset                         
00003d29  Bump_Init                      
00003d5d  Bump_Read                      
00003da1  __TI_closefile                 
00003e85  HOSTlseek                      
00003eed  HOSTrename                     
00003f55  __TI_decompress_lzss           
00003fbd  printf                         
00004025  frexp                          
00004025  frexpl                         
00004089  fseek                          
000040ed  __TI_wrt_ok                    
00004151  HOSTopen                       
000041b1  close                          
0000420d  HOSTread                       
00004265  HOSTwrite                      
000042bd  Blinker_Init                   
000042e7  Blinker_Output                 
0000436b  ltoa                           
00004411  __TI_doflush                   
0000445d  atoi                           
000044a9  exit                           
000044f1  __aeabi_d2iz                   
00004539  HOSTclose                      
0000457d  HOSTunlink                     
000045c1  __TI_auto_init_nobinit_nopinit 
00004605  getdevice                      
00004649  SysTick_Init                   
000046c9  __TI_writemsg                  
000046f7  C$$IO$$                        
00004701  strncpy                        
00004739  __TI_cleanup                   
0000476d  __TI_readmsg                   
000047a1  _c_int00_noargs                
000047d5  freopen                        
00004809  finddevice                     
00004839  __aeabi_i2d                    
00004869  remove                         
00004869  unlink                         
000048bd  lseek                          
000048e5  write                          
0000490d  DisableInterrupts              
00004913  EnableInterrupts               
00004919  StartCritical                  
00004923  EndCritical                    
0000492b  WaitForInterrupt               
00004931  memchr                         
00004951  __TI_zero_init_nomemset        
00004989  memccpy                        
000049a5  copysign                       
000049a5  copysignl                      
000049bf  strcmp                         
000049d7  strchr                         
000049ed  strcpy                         
00004a01  strlen                         
00004a15  wcslen                         
00004a27  __TI_decompress_none           
00004a35  Reset_Handler                  
00004a41  ADC14_IRQHandler               
00004a41  AES256_IRQHandler              
00004a41  BusFault_Handler               
00004a41  COMP_E0_IRQHandler             
00004a41  COMP_E1_IRQHandler             
00004a41  CS_IRQHandler                  
00004a41  DMA_ERR_IRQHandler             
00004a41  DMA_INT0_IRQHandler            
00004a41  DMA_INT1_IRQHandler            
00004a41  DMA_INT2_IRQHandler            
00004a41  DMA_INT3_IRQHandler            
00004a41  DebugMon_Handler               
00004a41  Default_Handler                
00004a41  EUSCIA0_IRQHandler             
00004a41  EUSCIA1_IRQHandler             
00004a41  EUSCIA2_IRQHandler             
00004a41  EUSCIA3_IRQHandler             
00004a41  EUSCIB0_IRQHandler             
00004a41  EUSCIB1_IRQHandler             
00004a41  EUSCIB2_IRQHandler             
00004a41  EUSCIB3_IRQHandler             
00004a41  FLCTL_IRQHandler               
00004a41  FPU_IRQHandler                 
00004a41  HardFault_Handler              
00004a41  MemManage_Handler              
00004a41  NMI_Handler                    
00004a41  PCM_IRQHandler                 
00004a41  PORT1_IRQHandler               
00004a41  PORT2_IRQHandler               
00004a41  PORT3_IRQHandler               
00004a41  PORT4_IRQHandler               
00004a41  PORT5_IRQHandler               
00004a41  PORT6_IRQHandler               
00004a41  PSS_IRQHandler                 
00004a41  PendSV_Handler                 
00004a41  RTC_C_IRQHandler               
00004a41  SVC_Handler                    
00004a41  T32_INT1_IRQHandler            
00004a41  T32_INT2_IRQHandler            
00004a41  T32_INTC_IRQHandler            
00004a41  TA0_0_IRQHandler               
00004a41  TA0_N_IRQHandler               
00004a41  TA1_0_IRQHandler               
00004a41  TA1_N_IRQHandler               
00004a41  TA2_0_IRQHandler               
00004a41  TA2_N_IRQHandler               
00004a41  UsageFault_Handler             
00004a41  WDT_A_IRQHandler               
00004a45  __aeabi_errno_addr             
00004a4d  malloc                         
00004a5d  _system_pre_init               
00004a61  C$$EXIT                        
00004a61  abort                          
00004a64  _ctypes_                       
00004b68  Mask                           
00004b88  Weight                         
00004c20  __TI_Handler_Table_Base        
00004c2c  __TI_Handler_Table_Limit       
00004c38  __TI_CINIT_Base                
00004c48  __TI_CINIT_Limit               
20000000  _sys_memory                    
20000400  _ftable                        
200004f0  _device                        
20000568  _stream                        
200005b8  ClockFrequency                 
200005bc  Prewait                        
200005c0  CPMwait                        
200005c4  Postwait                       
200005c8  IFlags                         
200005cc  Crystalstable                  
200005d0  __TI_ft_end                    
200005d4  __aeabi_stdin                  
200005d8  __aeabi_stdout                 
200005dc  __aeabi_stderr                 
200005e0  __TI_cleanup_ptr               
200005e4  __TI_dtors_ptr                 
200005e8  __TI_enable_exit_profile_output
200005ec  CaptureTask0                   
200005f0  CaptureTask1                   
200005f4  CaptureTask2                   
200005f8  Tachometer_RightSteps          
200005fc  Tachometer_LeftSteps           
20000600  Tachometer_RightDir            
20000601  Tachometer_LeftDir             
20000604  _lock                          
20000608  _unlock                        
20000618  errno                          
20000624  SystemCoreClock                
20000628  __CIOBUF_                      
20000748  __TI_tmpnams                   
200007e8  Messageb                       
200007f0  parmbuf                        
200007f8  LeftSteps                      
200007fc  Messageindexb                  
20000800  Position                       
20000804  RightSteps                     
20000808  Time                           
2000080c  LeftSpeed                      
2000080e  LeftTach                       
20000810  RightSpeed                     
20000812  RightTach                      
20000814  Tachometer_FirstLeftTime       
20000816  Tachometer_FirstRightTime      
20000818  Tachometer_SecondLeftTime      
2000081a  Tachometer_SecondRightTime     
2000081c  Data                           
2000081d  LeftDir                        
2000081e  Reflectanceresult              
2000081f  RightDir                       
2000fe00  __stack                        
20010000  __STACK_END                    
4000480c  WDTCTL_SYM                     
ffffffff  __TI_pprof_out_hndl            
ffffffff  __TI_prof_data_size            
ffffffff  __TI_prof_data_start           
ffffffff  __binit__                      
ffffffff  __c_args__                     
ffffffff  binit                          
UNDEFED   __mpu_init                     
UNDEFED   _system_post_cinit             

[296 symbols]
