******************************************************************************
                  TI ARM Linker PC v18.12.2                    
******************************************************************************
>> Linked Mon Dec  9 13:04:31 2019

OUTPUT FILE NAME:   <inc.out>
ENTRY POINT SYMBOL: "_c_int00_noargs"  address: 00001741


MEMORY CONFIGURATION

         name            origin    length      used     unused   attr    fill
----------------------  --------  ---------  --------  --------  ----  --------
  MAIN                  00000000   00040000  0000180c  0003e7f4  R  X
  INFO                  00200000   00004000  00000000  00004000  R  X
  SRAM_CODE             01000000   00010000  0000083d  0000f7c3  RW X
  SRAM_DATA             20000000   00010000  0000083d  0000f7c3  RW  


SEGMENT ALLOCATION MAP

run origin  load origin   length   init length attrs members
----------  ----------- ---------- ----------- ----- -------
00000000    00000000    00001810   00001810    r-x
  00000000    00000000    000000e4   000000e4    r-- .intvecs
  000000e4    000000e4    000016f8   000016f8    r-x .text
  000017e0    000017e0    00000030   00000030    r-- .cinit
20000000    20000000    00000640   00000000    rw-
  20000000    20000000    00000400   00000000    rw- .sysmem
  20000400    20000400    0000022d   00000000    rw- .bss
  20000630    20000630    00000010   00000000    rw- .data
2000fe00    2000fe00    00000200   00000000    rw-
  2000fe00    2000fe00    00000200   00000000    rw- .stack


SECTION ALLOCATION MAP

 output                                  attributes/
section   page    origin      length       input sections
--------  ----  ----------  ----------   ----------------
.intvecs   0    00000000    000000e4     
                  00000000    000000e4     startup_msp432p401r_ccs.obj (.intvecs:retain)

.text      0    000000e4    000016f8     
                  000000e4    000006c8     TExaS.obj (.text)
                  000007ac    000005b6     EUSCIA0.obj (.text)
                  00000d62    00000002     incmain.obj (.text)
                  00000d64    0000032c     system_msp432p401r.obj (.text)
                  00001090    000001a4     UART1.obj (.text)
                  00001234    0000014c     ADCTA0Trigger.obj (.text)
                  00001380    000000ac     TimerA0.obj (.text)
                  0000142c    000000ac     TimerA1.obj (.text)
                  000014d8    000000a8     TimerA2.obj (.text)
                  00001580    0000009c     rtsv7M4_T_le_v4SPD16_eabi.lib : memcpy_t2.asm.obj (.text)
                  0000161c    00000078     FIFO0.obj (.text)
                  00001694    00000068     rtsv7M4_T_le_v4SPD16_eabi.lib : copy_decompress_lzss.c.obj (.text:decompress:lzss:__TI_decompress_lzss)
                  000016fc    00000044                                   : autoinit.c.obj (.text:__TI_auto_init_nobinit_nopinit:__TI_auto_init_nobinit_nopinit)
                  00001740    00000034                                   : boot_cortex_m.c.obj (.text:_c_int00_noargs:_c_int00_noargs)
                  00001774    00000028     TA3InputCapture.obj (.text)
                  0000179c    0000001c     rtsv7M4_T_le_v4SPD16_eabi.lib : copy_zero_init.c.obj (.text:decompress:ZI:__TI_zero_init_nomemset:__TI_zero_init_nomemset)
                  000017b8    0000000e                                   : copy_decompress_none.c.obj (.text:decompress:none:__TI_decompress_none)
                  000017c6    0000000e     startup_msp432p401r_ccs.obj (.text)
                  000017d4    00000004     rtsv7M4_T_le_v4SPD16_eabi.lib : pre_init.c.obj (.text:_system_pre_init)
                  000017d8    00000004                                   : exit.c.obj (.text:abort:abort)

.cinit     0    000017e0    00000030     
                  000017e0    0000000c     (__TI_handler_table)
                  000017ec    0000000b     (.cinit..data.load) [load image, compression = lzss]
                  000017f7    00000001     --HOLE-- [fill = 0]
                  000017f8    00000008     (.cinit..bss.load) [load image, compression = zero_init]
                  00001800    00000010     (__TI_cinit_table)

.init_array 
*          0    00000000    00000000     UNINITIALIZED

.binit     0    00000000    00000000     

.sysmem    0    20000000    00000400     UNINITIALIZED
                  20000000    00000010     rtsv7M4_T_le_v4SPD16_eabi.lib : memory.c.obj (.sysmem)
                  20000010    000003f0     --HOLE--

.bss       0    20000400    0000022d     UNINITIALIZED
                  20000400    00000100     (.common:RxFIFO)
                  20000500    00000100     (.common:TxHistogram)
                  20000600    00000008     (.common:Messagec)
                  20000608    00000004     (.common:FinishedTask)
                  2000060c    00000004     (.common:Messageindexc)
                  20000610    00000004     (.common:PeriodicTask2)
                  20000614    00000004     (.common:RxFifoLost)
                  20000618    00000004     (.common:RxGetI)
                  2000061c    00000004     (.common:RxPutI)
                  20000620    00000004     (.common:TimerA0Task)
                  20000624    00000004     (.common:TimerA1Task)
                  20000628    00000004     (.common:TimerA2Task)
                  2000062c    00000001     (.common:LogicData)

.data      0    20000630    00000010     UNINITIALIZED
                  20000630    0000000c     TExaS.obj (.data)
                  2000063c    00000004     system_msp432p401r.obj (.data)

.stack     0    2000fe00    00000200     UNINITIALIZED
                  2000fe00    00000004     rtsv7M4_T_le_v4SPD16_eabi.lib : boot_cortex_m.c.obj (.stack)
                  2000fe04    000001fc     --HOLE--

MODULE SUMMARY

       Module                        code   ro data   rw data
       ------                        ----   -------   -------
    .\
       TExaS.obj                     1736   0         34     
       EUSCIA0.obj                   1462   0         24     
       UART1.obj                     420    0         536    
       system_msp432p401r.obj        812    0         8      
       FIFO0.obj                     120    0         512    
       ADCTA0Trigger.obj             332    0         8      
       startup_msp432p401r_ccs.obj   14     228       0      
       TimerA0.obj                   172    0         8      
       TimerA1.obj                   172    0         8      
       TimerA2.obj                   168    0         8      
       TA3InputCapture.obj           40     0         0      
       incmain.obj                   2      0         0      
    +--+-----------------------------+------+---------+---------+
       Total:                        5450   228       1146   
                                                             
    C:\ti\ccs910\ccs\tools\compiler\ti-cgt-arm_18.12.2.LTS\lib\rtsv7M4_T_le_v4SPD16_eabi.lib
       memcpy_t2.asm.obj             156    0         0      
       copy_decompress_lzss.c.obj    104    0         0      
       autoinit.c.obj                68     0         0      
       boot_cortex_m.c.obj           52     0         0      
       copy_zero_init.c.obj          28     0         0      
       copy_decompress_none.c.obj    14     0         0      
       exit.c.obj                    4      0         0      
       pre_init.c.obj                4      0         0      
    +--+-----------------------------+------+---------+---------+
       Total:                        430    0         0      
                                                             
       Heap:                         0      0         2048   
       Stack:                        0      0         1024   
       Linker Generated:             0      47        0      
    +--+-----------------------------+------+---------+---------+
       Grand Total:                  5880   275       4218   


LINKER GENERATED COPY TABLES

__TI_cinit_table @ 00001800 records: 2, size/record: 8, table size: 16
	.data: load addr=000017ec, load size=0000000b bytes, run addr=20000630, run size=00000010 bytes, compression=lzss
	.bss: load addr=000017f8, load size=00000008 bytes, run addr=20000400, run size=0000022d bytes, compression=zero_init


LINKER GENERATED HANDLER TABLE

__TI_handler_table @ 000017e0 records: 3, size/record: 4, table size: 12
	index: 0, handler: __TI_decompress_lzss
	index: 1, handler: __TI_decompress_none
	index: 2, handler: __TI_zero_init


GLOBAL SYMBOLS: SORTED ALPHABETICALLY BY Name 

address   name                                   
-------   ----                                   
00001235  ADC0_InitTA0TriggerCh6                 
00001317  ADC14_IRQHandler                       
00001317  ADC14_IRQHandler                       
000004f1  ADC_Init                               
000017d3  AES256_IRQHandler                      
000017d3  BusFault_Handler                       
000017d9  C$$EXIT                                
000017d3  COMP_E0_IRQHandler                     
000017d3  COMP_E1_IRQHandler                     
000017d3  CS_IRQHandler                          
000017d3  DMA_ERR_IRQHandler                     
000017d3  DMA_INT0_IRQHandler                    
000017d3  DMA_INT1_IRQHandler                    
000017d3  DMA_INT2_IRQHandler                    
000017d3  DMA_INT3_IRQHandler                    
000017d3  DebugMon_Handler                       
000017d3  Default_Handler                        
0000083d  EUSCIA0_IRQHandler                     
0000083d  EUSCIA0_IRQHandler                     
00000811  EUSCIA0_InChar                         
00000cd9  EUSCIA0_InString                       
00000891  EUSCIA0_InUDec                         
00000b8d  EUSCIA0_InUHex                         
000007ad  EUSCIA0_Init                           
00000823  EUSCIA0_OutChar                        
00000873  EUSCIA0_OutString                      
00000915  EUSCIA0_OutUDec                        
00000aa5  EUSCIA0_OutUDec4                       
00000add  EUSCIA0_OutUDec5                       
00000b19  EUSCIA0_OutUFix1                       
00000b41  EUSCIA0_OutUFix2                       
00000c55  EUSCIA0_OutUHex                        
00000cbb  EUSCIA0_OutUHex2                       
00000c99  EUSCIA0outnibble                       
000017d3  EUSCIA1_IRQHandler                     
000011b9  EUSCIA2_IRQHandler                     
000011b9  EUSCIA2_IRQHandler                     
000017d3  EUSCIA3_IRQHandler                     
000017d3  EUSCIB0_IRQHandler                     
000017d3  EUSCIB1_IRQHandler                     
000017d3  EUSCIB2_IRQHandler                     
000017d3  EUSCIB3_IRQHandler                     
000017d3  FLCTL_IRQHandler                       
000017d3  FPU_IRQHandler                         
20000608  FinishedTask                           
000017d3  HardFault_Handler                      
000000e5  LogicAnalyzer                          
000000ef  LogicAnalyzer_P1                       
000001c5  LogicAnalyzer_P10                      
000000fd  LogicAnalyzer_P2                       
000001d3  LogicAnalyzer_P27_P26_P82_P92_P104_P105
0000010b  LogicAnalyzer_P2_7654                  
0000011b  LogicAnalyzer_P3                       
00000129  LogicAnalyzer_P4                       
00000147  LogicAnalyzer_P4_765320                
00000137  LogicAnalyzer_P4_765432                
0000017f  LogicAnalyzer_P5                       
0000020b  LogicAnalyzer_P55_P54_P27_P26_P37_P36  
0000018d  LogicAnalyzer_P6                       
0000019b  LogicAnalyzer_P7                       
000001a9  LogicAnalyzer_P8                       
000001b7  LogicAnalyzer_P9                       
2000062c  LogicData                              
000017d3  MemManage_Handler                      
20000600  Messagec                               
2000060c  Messageindexc                          
000017d3  NMI_Handler                            
000017d3  PCM_IRQHandler                         
000017d3  PORT1_IRQHandler                       
000017d3  PORT2_IRQHandler                       
000017d3  PORT3_IRQHandler                       
000017d3  PORT4_IRQHandler                       
000017d3  PORT5_IRQHandler                       
000017d3  PORT6_IRQHandler                       
000017d3  PSS_IRQHandler                         
000017d3  PendSV_Handler                         
20000610  PeriodicTask2                          
000002b9  PeriodicTask2_Init                     
00000333  PeriodicTask2_Stop                     
000017d3  RTC_C_IRQHandler                       
000017c7  Reset_Handler                          
20000400  RxFIFO                                 
0000167f  RxFifo0_Get                            
0000166f  RxFifo0_Init                           
00001671  RxFifo0_Put                            
0000168b  RxFifo0_Size                           
20000614  RxFifoLost                             
000010e9  RxFifo_Get                             
00001091  RxFifo_Init                            
000010a3  RxFifo_Put                             
20000618  RxGetI                                 
2000061c  RxPutI                                 
000017d3  SVC_Handler                            
00000235  Scope                                  
000017d3  SysTick_Handler                        
2000063c  SystemCoreClock                        
00000d65  SystemCoreClockUpdate                  
00000fd9  SystemInit                             
00000323  T32_INT1_IRQHandler                    
00000323  T32_INT1_IRQHandler                    
000017d3  T32_INT2_IRQHandler                    
000017d3  T32_INTC_IRQHandler                    
000013fb  TA0_0_IRQHandler                       
000013fb  TA0_0_IRQHandler                       
000017d3  TA0_N_IRQHandler                       
000014a3  TA1_0_IRQHandler                       
000014a3  TA1_0_IRQHandler                       
000017d3  TA1_N_IRQHandler                       
0000154b  TA2_0_IRQHandler                       
0000154b  TA2_0_IRQHandler                       
000017d3  TA2_N_IRQHandler                       
0000178d  TA3_0_IRQHandler                       
0000178d  TA3_0_IRQHandler                       
0000178f  TA3_N_IRQHandler                       
0000178f  TA3_N_IRQHandler                       
00000485  TExaS_Clear0                           
00000491  TExaS_Clear1                           
000004a5  TExaS_Clear2                           
000004b1  TExaS_Clear3                           
000004bd  TExaS_Clear4                           
000004bf  TExaS_Clear5                           
000004cb  TExaS_Clear6                           
000005b5  TExaS_Init                             
20000634  TExaS_ScopeErrConflict                 
20000630  TExaS_ScopeErrLostData                 
20000638  TExaS_ScopeWrnReconfig                 
00000413  TExaS_Set                              
0000042b  TExaS_Set0                             
00000437  TExaS_Set1                             
00000443  TExaS_Set2                             
0000044f  TExaS_Set3                             
0000045b  TExaS_Set4                             
0000045d  TExaS_Set5                             
00000475  TExaS_Set6                             
00000741  TExaS_Stop                             
000003c9  TExaS_Task0                            
000003d5  TExaS_Task1                            
000003e1  TExaS_Task2                            
000003ed  TExaS_Task3                            
000003f9  TExaS_Task4                            
000003fb  TExaS_Task5                            
00000407  TExaS_Task6                            
20000620  TimerA0Task                            
00001381  TimerA0_Init                           
000013e5  TimerA0_Stop                           
20000624  TimerA1Task                            
0000142d  TimerA1_Init                           
0000148d  TimerA1_Stop                           
20000628  TimerA2Task                            
000014d9  TimerA2_Init                           
00001537  TimerA2_Stop                           
00001781  TimerA3Capture_Init01                  
00001791  TimerA3Capture_Init02                  
0000165f  TxFifo0_Get                            
0000161d  TxFifo0_Init                           
00001645  TxFifo0_Put                            
0000166b  TxFifo0_Size                           
20000500  TxHistogram                            
000011ed  UART1_FinishOutput                     
0000118b  UART1_InChar                           
0000111f  UART1_InStatus                         
0000112f  UART1_Init                             
0000119d  UART1_OutChar                          
000011cf  UART1_OutString                        
0000039d  UART_InChar                            
00000343  UART_Init                              
000003ad  UART_OutChar                           
000017d3  UsageFault_Handler                     
4000480c  WDTCTL_SYM                             
000017d3  WDT_A_IRQHandler                       
20010000  __STACK_END                            
00000200  __STACK_SIZE                           
00000400  __SYSMEM_SIZE                          
00001800  __TI_CINIT_Base                        
00001810  __TI_CINIT_Limit                       
000017e0  __TI_Handler_Table_Base                
000017ec  __TI_Handler_Table_Limit               
000016fd  __TI_auto_init_nobinit_nopinit         
00001695  __TI_decompress_lzss                   
000017b9  __TI_decompress_none                   
ffffffff  __TI_pprof_out_hndl                    
ffffffff  __TI_prof_data_size                    
ffffffff  __TI_prof_data_start                   
00000000  __TI_static_base__                     
0000179d  __TI_zero_init_nomemset                
00001581  __aeabi_memcpy                         
00001581  __aeabi_memcpy4                        
00001581  __aeabi_memcpy8                        
ffffffff  __binit__                              
ffffffff  __c_args__                             
UNDEFED   __mpu_init                             
2000fe00  __stack                                
00001741  _c_int00_noargs                        
20000000  _sys_memory                            
UNDEFED   _system_post_cinit                     
000017d5  _system_pre_init                       
000017d9  abort                                  
ffffffff  binit                                  
00000000  interruptVectors                       
00000d63  main                                   
00001581  memcpy                                 
00001775  ta3dummy                               


GLOBAL SYMBOLS: SORTED BY Symbol Address 

address   name                                   
-------   ----                                   
00000000  __TI_static_base__                     
00000000  interruptVectors                       
000000e5  LogicAnalyzer                          
000000ef  LogicAnalyzer_P1                       
000000fd  LogicAnalyzer_P2                       
0000010b  LogicAnalyzer_P2_7654                  
0000011b  LogicAnalyzer_P3                       
00000129  LogicAnalyzer_P4                       
00000137  LogicAnalyzer_P4_765432                
00000147  LogicAnalyzer_P4_765320                
0000017f  LogicAnalyzer_P5                       
0000018d  LogicAnalyzer_P6                       
0000019b  LogicAnalyzer_P7                       
000001a9  LogicAnalyzer_P8                       
000001b7  LogicAnalyzer_P9                       
000001c5  LogicAnalyzer_P10                      
000001d3  LogicAnalyzer_P27_P26_P82_P92_P104_P105
00000200  __STACK_SIZE                           
0000020b  LogicAnalyzer_P55_P54_P27_P26_P37_P36  
00000235  Scope                                  
000002b9  PeriodicTask2_Init                     
00000323  T32_INT1_IRQHandler                    
00000323  T32_INT1_IRQHandler                    
00000333  PeriodicTask2_Stop                     
00000343  UART_Init                              
0000039d  UART_InChar                            
000003ad  UART_OutChar                           
000003c9  TExaS_Task0                            
000003d5  TExaS_Task1                            
000003e1  TExaS_Task2                            
000003ed  TExaS_Task3                            
000003f9  TExaS_Task4                            
000003fb  TExaS_Task5                            
00000400  __SYSMEM_SIZE                          
00000407  TExaS_Task6                            
00000413  TExaS_Set                              
0000042b  TExaS_Set0                             
00000437  TExaS_Set1                             
00000443  TExaS_Set2                             
0000044f  TExaS_Set3                             
0000045b  TExaS_Set4                             
0000045d  TExaS_Set5                             
00000475  TExaS_Set6                             
00000485  TExaS_Clear0                           
00000491  TExaS_Clear1                           
000004a5  TExaS_Clear2                           
000004b1  TExaS_Clear3                           
000004bd  TExaS_Clear4                           
000004bf  TExaS_Clear5                           
000004cb  TExaS_Clear6                           
000004f1  ADC_Init                               
000005b5  TExaS_Init                             
00000741  TExaS_Stop                             
000007ad  EUSCIA0_Init                           
00000811  EUSCIA0_InChar                         
00000823  EUSCIA0_OutChar                        
0000083d  EUSCIA0_IRQHandler                     
0000083d  EUSCIA0_IRQHandler                     
00000873  EUSCIA0_OutString                      
00000891  EUSCIA0_InUDec                         
00000915  EUSCIA0_OutUDec                        
00000aa5  EUSCIA0_OutUDec4                       
00000add  EUSCIA0_OutUDec5                       
00000b19  EUSCIA0_OutUFix1                       
00000b41  EUSCIA0_OutUFix2                       
00000b8d  EUSCIA0_InUHex                         
00000c55  EUSCIA0_OutUHex                        
00000c99  EUSCIA0outnibble                       
00000cbb  EUSCIA0_OutUHex2                       
00000cd9  EUSCIA0_InString                       
00000d63  main                                   
00000d65  SystemCoreClockUpdate                  
00000fd9  SystemInit                             
00001091  RxFifo_Init                            
000010a3  RxFifo_Put                             
000010e9  RxFifo_Get                             
0000111f  UART1_InStatus                         
0000112f  UART1_Init                             
0000118b  UART1_InChar                           
0000119d  UART1_OutChar                          
000011b9  EUSCIA2_IRQHandler                     
000011b9  EUSCIA2_IRQHandler                     
000011cf  UART1_OutString                        
000011ed  UART1_FinishOutput                     
00001235  ADC0_InitTA0TriggerCh6                 
00001317  ADC14_IRQHandler                       
00001317  ADC14_IRQHandler                       
00001381  TimerA0_Init                           
000013e5  TimerA0_Stop                           
000013fb  TA0_0_IRQHandler                       
000013fb  TA0_0_IRQHandler                       
0000142d  TimerA1_Init                           
0000148d  TimerA1_Stop                           
000014a3  TA1_0_IRQHandler                       
000014a3  TA1_0_IRQHandler                       
000014d9  TimerA2_Init                           
00001537  TimerA2_Stop                           
0000154b  TA2_0_IRQHandler                       
0000154b  TA2_0_IRQHandler                       
00001581  __aeabi_memcpy                         
00001581  __aeabi_memcpy4                        
00001581  __aeabi_memcpy8                        
00001581  memcpy                                 
0000161d  TxFifo0_Init                           
00001645  TxFifo0_Put                            
0000165f  TxFifo0_Get                            
0000166b  TxFifo0_Size                           
0000166f  RxFifo0_Init                           
00001671  RxFifo0_Put                            
0000167f  RxFifo0_Get                            
0000168b  RxFifo0_Size                           
00001695  __TI_decompress_lzss                   
000016fd  __TI_auto_init_nobinit_nopinit         
00001741  _c_int00_noargs                        
00001775  ta3dummy                               
00001781  TimerA3Capture_Init01                  
0000178d  TA3_0_IRQHandler                       
0000178d  TA3_0_IRQHandler                       
0000178f  TA3_N_IRQHandler                       
0000178f  TA3_N_IRQHandler                       
00001791  TimerA3Capture_Init02                  
0000179d  __TI_zero_init_nomemset                
000017b9  __TI_decompress_none                   
000017c7  Reset_Handler                          
000017d3  AES256_IRQHandler                      
000017d3  BusFault_Handler                       
000017d3  COMP_E0_IRQHandler                     
000017d3  COMP_E1_IRQHandler                     
000017d3  CS_IRQHandler                          
000017d3  DMA_ERR_IRQHandler                     
000017d3  DMA_INT0_IRQHandler                    
000017d3  DMA_INT1_IRQHandler                    
000017d3  DMA_INT2_IRQHandler                    
000017d3  DMA_INT3_IRQHandler                    
000017d3  DebugMon_Handler                       
000017d3  Default_Handler                        
000017d3  EUSCIA1_IRQHandler                     
000017d3  EUSCIA3_IRQHandler                     
000017d3  EUSCIB0_IRQHandler                     
000017d3  EUSCIB1_IRQHandler                     
000017d3  EUSCIB2_IRQHandler                     
000017d3  EUSCIB3_IRQHandler                     
000017d3  FLCTL_IRQHandler                       
000017d3  FPU_IRQHandler                         
000017d3  HardFault_Handler                      
000017d3  MemManage_Handler                      
000017d3  NMI_Handler                            
000017d3  PCM_IRQHandler                         
000017d3  PORT1_IRQHandler                       
000017d3  PORT2_IRQHandler                       
000017d3  PORT3_IRQHandler                       
000017d3  PORT4_IRQHandler                       
000017d3  PORT5_IRQHandler                       
000017d3  PORT6_IRQHandler                       
000017d3  PSS_IRQHandler                         
000017d3  PendSV_Handler                         
000017d3  RTC_C_IRQHandler                       
000017d3  SVC_Handler                            
000017d3  SysTick_Handler                        
000017d3  T32_INT2_IRQHandler                    
000017d3  T32_INTC_IRQHandler                    
000017d3  TA0_N_IRQHandler                       
000017d3  TA1_N_IRQHandler                       
000017d3  TA2_N_IRQHandler                       
000017d3  UsageFault_Handler                     
000017d3  WDT_A_IRQHandler                       
000017d5  _system_pre_init                       
000017d9  C$$EXIT                                
000017d9  abort                                  
000017e0  __TI_Handler_Table_Base                
000017ec  __TI_Handler_Table_Limit               
00001800  __TI_CINIT_Base                        
00001810  __TI_CINIT_Limit                       
20000000  _sys_memory                            
20000400  RxFIFO                                 
20000500  TxHistogram                            
20000600  Messagec                               
20000608  FinishedTask                           
2000060c  Messageindexc                          
20000610  PeriodicTask2                          
20000614  RxFifoLost                             
20000618  RxGetI                                 
2000061c  RxPutI                                 
20000620  TimerA0Task                            
20000624  TimerA1Task                            
20000628  TimerA2Task                            
2000062c  LogicData                              
20000630  TExaS_ScopeErrLostData                 
20000634  TExaS_ScopeErrConflict                 
20000638  TExaS_ScopeWrnReconfig                 
2000063c  SystemCoreClock                        
2000fe00  __stack                                
20010000  __STACK_END                            
4000480c  WDTCTL_SYM                             
ffffffff  __TI_pprof_out_hndl                    
ffffffff  __TI_prof_data_size                    
ffffffff  __TI_prof_data_start                   
ffffffff  __binit__                              
ffffffff  __c_args__                             
ffffffff  binit                                  
UNDEFED   __mpu_init                             
UNDEFED   _system_post_cinit                     

[202 symbols]
